Microchip MPLAB XC8 Compiler V2.00 ()

Linker command line:

-W-3 --edf=C:\Program Files (x86)\Microchip\xc8\v2.00\pic\dat\en_msgs.txt \
  -cs -h+dist/default/debug\flightsketch-firmware.debug.sym \
  --cmf=dist/default/debug\flightsketch-firmware.debug.cmf -z -Q16F15325 \
  -oC:\Users\russ\AppData\Local\Temp\s8no.2 \
  -Mdist/default/debug/flightsketch-firmware.debug.map -E1 -ver=XC8 \
  -ASTACK=020BEh-023efh -pstack=STACK -ACODE=00h-07FFhx4 \
  -ASTRCODE=00h-01FFFh -ASTRING=00h-0FFhx32 -ACONST=00h-0FFhx32 \
  -AENTRY=00h-0FFhx32 -ACOMMON=070h-07Fh -ABANK0=020h-06Fh \
  -ABANK1=0A0h-0EFh -ABANK2=0120h-016Fh -ABANK3=01A0h-01EFh \
  -ABANK4=0220h-026Fh -ABANK5=02A0h-02EFh -ABANK6=0320h-036Fh \
  -ABANK7=03A0h-03EFh -ABANK8=0420h-046Fh -ABANK9=04A0h-04EFh \
  -ABANK10=0520h-056Fh -ABANK11=05A0h-05EFh -ABANK12=0620h-064Fh \
  -ABIGRAM=02000h-023EFh \
  -ARAM=020h-06Fh,0A0h-0EFh,0120h-016Fh,01A0h-01EFh,0220h-026Fh,02A0h-02EFh,0320h-036Fh,03A0h-03EFh,0420h-046Fh,04A0h-04EFh,0520h-056Fh,05A0h-05EFh,0620h-064Fh \
  -AABS1=020h-07Fh,0A0h-0EFh,0120h-016Fh,01A0h-01EFh,0220h-026Fh,02A0h-02EFh,0320h-036Fh,03A0h-03EFh,0420h-046Fh,04A0h-04EFh,0520h-056Fh,05A0h-05EFh,0620h-064Fh \
  -ASFR0=00h-01Fh -ASFR1=080h-09Fh -ASFR2=0100h-011Fh -ASFR3=0180h-019Fh \
  -ASFR4=0200h-021Fh -ASFR5=0280h-029Fh -ASFR6=0300h-031Fh \
  -ASFR7=0380h-039Fh -ASFR8=0400h-041Fh -ASFR9=0480h-049Fh \
  -ASFR10=0500h-051Fh -ASFR11=0580h-059Fh -ASFR12=0600h-061Fh \
  -ASFR13=0680h-06EFh -ASFR14=0700h-076Fh -ASFR15=0780h-07EFh \
  -ASFR16=0800h-086Fh -ASFR17=0880h-08EFh -ASFR18=0900h-096Fh \
  -ASFR19=0980h-09EFh -ASFR20=0A00h-0A6Fh -ASFR21=0A80h-0AEFh \
  -ASFR22=0B00h-0B6Fh -ASFR23=0B80h-0BEFh -ASFR24=0C00h-0C6Fh \
  -ASFR25=0C80h-0CEFh -ASFR26=0D00h-0D6Fh -ASFR27=0D80h-0DEFh \
  -ASFR28=0E00h-0E6Fh -ASFR29=0E80h-0EEFh -ASFR30=0F00h-0F6Fh \
  -ASFR31=0F80h-0FEFh -ASFR32=01000h-0106Fh -ASFR33=01080h-010EFh \
  -ASFR34=01100h-0116Fh -ASFR35=01180h-011EFh -ASFR36=01200h-0126Fh \
  -ASFR37=01280h-012EFh -ASFR38=01300h-0136Fh -ASFR39=01380h-013EFh \
  -ASFR40=01400h-0146Fh -ASFR41=01480h-014EFh -ASFR42=01500h-0156Fh \
  -ASFR43=01580h-015EFh -ASFR44=01600h-0166Fh -ASFR45=01680h-016EFh \
  -ASFR46=01700h-0176Fh -ASFR47=01780h-017EFh -ASFR48=01800h-0186Fh \
  -ASFR49=01880h-018EFh -ASFR50=01900h-0196Fh -ASFR51=01980h-019EFh \
  -ASFR52=01A00h-01A6Fh -ASFR53=01A80h-01AEFh -ASFR54=01B00h-01B6Fh \
  -ASFR55=01B80h-01BEFh -ASFR56=01C00h-01C6Fh -ASFR57=01C80h-01CEFh \
  -ASFR58=01D00h-01D6Fh -ASFR59=01D80h-01DEFh -ASFR60=01E00h-01E6Fh \
  -ASFR61=01E80h-01EEFh -ASFR62=01F00h-01F6Fh -ASFR63=01F80h-01FEFh \
  -preset_vec=00h,intentry=04h,init,end_init -ppowerup=CODE -pcinit=CODE \
  -pfunctab=ENTRY -ACONFIG=08007h-0800Bh -pconfig=CONFIG -DCONFIG=2 \
  -AIDLOC=08000h-08003h -pidloc=IDLOC -DIDLOC=2 -DCODE=2 -DSTRCODE=2 \
  -DSTRING=2 -DCONST=2 -DENTRY=2 -k \
  C:\Users\russ\AppData\Local\Temp\s8no.obj \
  dist/default/debug\flightsketch-firmware.debug.obj 

Object code version is 3.11

Machine type is 16F15325



                Name                               Link     Load   Length Selector   Space Scale
C:\Users\russ\AppData\Local\Temp\s8no.obj
                end_init                              E        E        2        8       0
                reset_vec                             0        0        3        0       0
                config                             8007     8007        5    1000E       0
dist/default/debug\flightsketch-firmware.debug.obj
                cinit                                10       10       23        8       0
                intentry                              4        4        A        8       0
                text24                              41B      41B        4      836       0
                text23                              428      428        1      844       0
                text22                              3D2      3D2        B      78E       0
                text21                              372      372       1C        8       0
                text19                              3F9      3F9        8      78E       0
                text18                              3C7      3C7        B      78E       0
                text17                              3E7      3E7        A      78E       0
                text16                              2E7      2E7       26        8       0
                text15                              3F1      3F1        8      78E       0
                text14                              40D      40D        6      78E       0
                text13                              38E      38E       1B        8       0
                text12                              3A9      3A9       12        8       0
                text11                              422      422        3      844       0
                text10                              427      427        1      844       0
                text9                               3DD      3DD        A      78E       0
                text8                               2BA      2BA       2D        8       0
                text7                               332      332       22        8       0
                text6                                C7       C7       93        8       0
                text5                               27F      27F       3B        8       0
                text4                               1E6      1E6       53        8       0
                text3                               239      239       46        8       0
                text2                                33       33       94        8       0
                text1                               15A      15A       8C        8       0
                maintext                            30D      30D       25        8       0
                cstackBANK0                          20       20       4C       20       1
                cstackCOMMON                         70       70        E       70       1
                clrtext                             407      407        6      78E       0
                inittext                            401      401        6      78E       0
                dataBANK2                           120      120       1E      120       1
                dataBANK1                            EE       EE        2       A0       1
                bssBANK1                             A0       A0       4C       A0       1
                bssBANK0                             6E       6E        2       20       1
                nvBANK1                              EC       EC        2       A0       1
                nvBANK0                              6C       6C        2       20       1
                stringtext4                         41F      41F        3      83E       0
                stringtext3                         417      417        4      826       0
                stringtext2                         413      413        4      826       0
                stringtext1                         3BB      3BB        C      776       0
                idataBANK2                          354      354       1E        8       0
                idataBANK1                          425      425        2      844       0

TOTAL           Name                               Link     Load   Length     Space
        CLASS   STACK          

        CLASS   CODE           
                end_init                              E        E        2         0
                cinit                                10       10       23         0
                intentry                              4        4        A         0
                reset_vec                             0        0        3         0
                text24                              41B      41B        4         0
                text23                              428      428        1         0
                text22                              3D2      3D2        B         0
                text21                              372      372       1C         0
                text19                              3F9      3F9        8         0
                text18                              3C7      3C7        B         0
                text17                              3E7      3E7        A         0
                text16                              2E7      2E7       26         0
                text15                              3F1      3F1        8         0
                text14                              40D      40D        6         0
                text13                              38E      38E       1B         0
                text12                              3A9      3A9       12         0
                text11                              422      422        3         0
                text10                              427      427        1         0
                text9                               3DD      3DD        A         0
                text8                               2BA      2BA       2D         0
                text7                               332      332       22         0
                text6                                C7       C7       93         0
                text5                               27F      27F       3B         0
                text4                               1E6      1E6       53         0
                text3                               239      239       46         0
                text2                                33       33       94         0
                text1                               15A      15A       8C         0
                maintext                            30D      30D       25         0
                clrtext                             407      407        6         0
                inittext                            401      401        6         0
                idataBANK2                          354      354       1E         0
                idataBANK1                          425      425        2         0

        CLASS   STRCODE        
                stringtext4                         41F      41F        3         0
                stringtext3                         417      417        4         0
                stringtext2                         413      413        4         0
                stringtext1                         3BB      3BB        C         0

        CLASS   STRING         

        CLASS   CONST          

        CLASS   ENTRY          

        CLASS   COMMON         
                cstackCOMMON                         70       70        E         1

        CLASS   BANK0          
                cstackBANK0                          20       20       4C         1
                bssBANK0                             6E       6E        2         1
                nvBANK0                              6C       6C        2         1

        CLASS   BANK1          
                dataBANK1                            EE       EE        2         1
                bssBANK1                             A0       A0       4C         1
                nvBANK1                              EC       EC        2         1

        CLASS   BANK2          
                dataBANK2                           120      120       1E         1

        CLASS   BANK3          

        CLASS   BANK4          

        CLASS   BANK5          

        CLASS   BANK6          

        CLASS   BANK7          

        CLASS   BANK8          

        CLASS   BANK9          

        CLASS   BANK10         

        CLASS   BANK11         

        CLASS   BANK12         

        CLASS   BIGRAM         

        CLASS   RAM            

        CLASS   ABS1           
                abs_s1                               7E       7E        2         1

        CLASS   SFR0           

        CLASS   SFR1           

        CLASS   SFR2           

        CLASS   SFR3           

        CLASS   SFR4           

        CLASS   SFR5           

        CLASS   SFR6           

        CLASS   SFR7           

        CLASS   SFR8           

        CLASS   SFR9           

        CLASS   SFR10          

        CLASS   SFR11          

        CLASS   SFR12          

        CLASS   SFR13          

        CLASS   SFR14          

        CLASS   SFR15          

        CLASS   SFR16          

        CLASS   SFR17          

        CLASS   SFR18          

        CLASS   SFR19          

        CLASS   SFR20          

        CLASS   SFR21          

        CLASS   SFR22          

        CLASS   SFR23          

        CLASS   SFR24          

        CLASS   SFR25          

        CLASS   SFR26          

        CLASS   SFR27          

        CLASS   SFR28          

        CLASS   SFR29          

        CLASS   SFR30          

        CLASS   SFR31          

        CLASS   SFR32          

        CLASS   SFR33          

        CLASS   SFR34          

        CLASS   SFR35          

        CLASS   SFR36          

        CLASS   SFR37          

        CLASS   SFR38          

        CLASS   SFR39          

        CLASS   SFR40          

        CLASS   SFR41          

        CLASS   SFR42          

        CLASS   SFR43          

        CLASS   SFR44          

        CLASS   SFR45          

        CLASS   SFR46          

        CLASS   SFR47          

        CLASS   SFR48          

        CLASS   SFR49          

        CLASS   SFR50          

        CLASS   SFR51          

        CLASS   SFR52          

        CLASS   SFR53          

        CLASS   SFR54          

        CLASS   SFR55          

        CLASS   SFR56          

        CLASS   SFR57          

        CLASS   SFR58          

        CLASS   SFR59          

        CLASS   SFR60          

        CLASS   SFR61          

        CLASS   SFR62          

        CLASS   SFR63          

        CLASS   CONFIG         
                config                             8007     8007        5         0

        CLASS   IDLOC          

        CLASS   BANK63         

        CLASS   BANK62         

        CLASS   BANK61         

        CLASS   BANK60         

        CLASS   BANK59         

        CLASS   BANK58         

        CLASS   BANK57         

        CLASS   BANK56         

        CLASS   BANK55         

        CLASS   BANK54         

        CLASS   BANK53         

        CLASS   BANK52         

        CLASS   BANK51         

        CLASS   BANK50         

        CLASS   BANK49         

        CLASS   BANK48         

        CLASS   BANK47         

        CLASS   BANK46         

        CLASS   BANK45         

        CLASS   BANK44         

        CLASS   BANK43         

        CLASS   BANK42         

        CLASS   BANK41         

        CLASS   BANK40         

        CLASS   BANK39         

        CLASS   BANK38         

        CLASS   BANK37         

        CLASS   BANK36         

        CLASS   BANK35         

        CLASS   BANK34         

        CLASS   BANK33         

        CLASS   BANK32         

        CLASS   BANK31         

        CLASS   BANK30         

        CLASS   BANK29         

        CLASS   BANK28         

        CLASS   BANK27         

        CLASS   BANK26         

        CLASS   BANK25         

        CLASS   BANK24         

        CLASS   BANK23         

        CLASS   BANK22         

        CLASS   BANK21         

        CLASS   BANK20         

        CLASS   BANK19         

        CLASS   BANK18         

        CLASS   BANK17         

        CLASS   BANK16         

        CLASS   BANK15         

        CLASS   BANK14         

        CLASS   BANK13         

        CLASS   EEDATA         



SEGMENTS        Name                           Load    Length   Top    Selector   Space  Class     Delta

                reset_vec                      000000  000003  000003         0       0  CODE        2
                intentry                       000004  0003B7  0003BB         8       0  CODE        2
                cstackBANK0                    000020  000050  000070        20       1  BANK0       1
                cstackCOMMON                   000070  00000E  00007E        70       1  COMMON      1
                bssBANK1                       0000A0  000050  0000F0        A0       1  BANK1       1
                dataBANK2                      000120  00001E  00013E       120       1  BANK2       1
                stringtext1                    0003BB  00000C  0003C7       776       0  STRCODE     2
                text18                         0003C7  00004C  000413       78E       0  CODE        2
                stringtext2                    000413  000008  00041B       826       0  STRCODE     2
                text24                         00041B  000004  00041F       836       0  CODE        2
                stringtext4                    00041F  000003  000422       83E       0  STRCODE     2
                text11                         000422  000007  000429       844       0  CODE        2
                config                         008007  000005  00800C     1000E       0  CONFIG      2


UNUSED ADDRESS RANGES

        Name                Unused          Largest block    Delta
        BANK10           00520-0056F              50           1
        BANK11           005A0-005EF              50           1
        BANK12           00620-0064F              30           1
        BANK2            0013E-0016F              32           1
        BANK3            001A0-001EF              50           1
        BANK4            00220-0026F              50           1
        BANK5            002A0-002EF              50           1
        BANK6            00320-0036F              50           1
        BANK7            003A0-003EF              50           1
        BANK8            00420-0046F              50           1
        BANK9            004A0-004EF              50           1
        BIGRAM           02000-023EF             3F0           1
        CODE             00003-00003               1           2
                         00429-01FFF             800
        CONST            00003-00003               1           2
                         00429-01FFF             100
        ENTRY            00003-00003               1           2
                         00429-01FFF             100
        IDLOC            08000-08003               4           2
        RAM              0013E-0016F              32           1
                         001A0-001EF              50
                         00220-0026F              50
                         002A0-002EF              50
                         00320-0036F              50
                         003A0-003EF              50
                         00420-0046F              50
                         004A0-004EF              50
                         00520-0056F              50
                         005A0-005EF              50
                         00620-0064F              30
        SFR0             00000-0001F              20           1
        SFR1             00080-0009F              20           1
        SFR10            00500-0051F              20           1
        SFR11            00580-0059F              20           1
        SFR12            00600-0061F              20           1
        SFR13            00680-006EF              70           1
        SFR14            00700-0076F              70           1
        SFR15            00780-007EF              70           1
        SFR16            00800-0086F              70           1
        SFR17            00880-008EF              70           1
        SFR18            00900-0096F              70           1
        SFR19            00980-009EF              70           1
        SFR2             00100-0011F              20           1
        SFR20            00A00-00A6F              70           1
        SFR21            00A80-00AEF              70           1
        SFR22            00B00-00B6F              70           1
        SFR23            00B80-00BEF              70           1
        SFR24            00C00-00C6F              70           1
        SFR25            00C80-00CEF              70           1
        SFR26            00D00-00D6F              70           1
        SFR27            00D80-00DEF              70           1
        SFR28            00E00-00E6F              70           1
        SFR29            00E80-00EEF              70           1
        SFR3             00180-0019F              20           1
        SFR30            00F00-00F6F              70           1
        SFR31            00F80-00FEF              70           1
        SFR32            01000-0106F              70           1
        SFR33            01080-010EF              70           1
        SFR34            01100-0116F              70           1
        SFR35            01180-011EF              70           1
        SFR36            01200-0126F              70           1
        SFR37            01280-012EF              70           1
        SFR38            01300-0136F              70           1
        SFR39            01380-013EF              70           1
        SFR4             00200-0021F              20           1
        SFR40            01400-0146F              70           1
        SFR41            01480-014EF              70           1
        SFR42            01500-0156F              70           1
        SFR43            01580-015EF              70           1
        SFR44            01600-0166F              70           1
        SFR45            01680-016EF              70           1
        SFR46            01700-0176F              70           1
        SFR47            01780-017EF              70           1
        SFR48            01800-0186F              70           1
        SFR49            01880-018EF              70           1
        SFR5             00280-0029F              20           1
        SFR50            01900-0196F              70           1
        SFR51            01980-019EF              70           1
        SFR52            01A00-01A6F              70           1
        SFR53            01A80-01AEF              70           1
        SFR54            01B00-01B6F              70           1
        SFR55            01B80-01BEF              70           1
        SFR56            01C00-01C6F              70           1
        SFR57            01C80-01CEF              70           1
        SFR58            01D00-01D6F              70           1
        SFR59            01D80-01DEF              70           1
        SFR6             00300-0031F              20           1
        SFR60            01E00-01E6F              70           1
        SFR61            01E80-01EEF              70           1
        SFR62            01F00-01F6F              70           1
        SFR63            01F80-01FEF              70           1
        SFR7             00380-0039F              20           1
        SFR8             00400-0041F              20           1
        SFR9             00480-0049F              20           1
        STACK            020BE-023EF             332           1
        STRCODE          00003-00003               1           2
                         00429-01FFF            1BD7
        STRING           00003-00003               1           2
                         00429-01FFF             100

                                  Symbol Table

BMP280_SPI_bus_read@F6546                        dataBANK2    00120
BMP280_SPI_bus_read@array                        cstackBANK0  00020
BMP280_SPI_bus_read@cnt                          cstackCOMMON 00073
BMP280_SPI_bus_read@dev_addr                     cstackCOMMON 00070
BMP280_SPI_bus_read@i                            cstackBANK0  00042
BMP280_SPI_bus_read@iError                       cstackBANK0  0003E
BMP280_SPI_bus_read@reg_addr                     cstackCOMMON 00071
BMP280_SPI_bus_read@reg_data                     cstackCOMMON 00072
BMP280_SPI_bus_read@stringpos                    cstackBANK0  00043
BMP280_SPI_bus_write@cnt                         cstackCOMMON 00073
BMP280_SPI_bus_write@dev_addr                    cstackCOMMON 00070
BMP280_SPI_bus_write@iError                      cstackCOMMON 00074
BMP280_SPI_bus_write@reg_addr                    cstackCOMMON 00071
BMP280_SPI_bus_write@reg_data                    cstackCOMMON 00072
BMP280_delay_msek@msek                           cstackCOMMON 00070
TMR0_ISR@CountCallBack                           bssBANK0     0006E
TMR0_SetInterruptHandler@InterruptHandler        cstackCOMMON 00070
_ADACT                                           (abs)        0009F
_ADCON0                                          (abs)        0009D
_ADCON0bits                                      (abs)        0009D
_ADCON1                                          (abs)        0009E
_ADC_Initialize                                  text19       003F9
_ADRESH                                          (abs)        0009C
_ADRESL                                          (abs)        0009B
_ANSELA                                          (abs)        01F38
_ANSELC                                          (abs)        01F4E
_BAUD1CON                                        (abs)        0011F
_BMP280_SPI_bus_read                             text4        001E6
_BMP280_SPI_bus_write                            text9        003DD
_BMP280_delay_msek                               text10       00427
_EUSART1_Initialize                              text18       003C7
_EUSART1_Read                                    (abs)        00000
_EUSART1_Write                                   (abs)        00000
_EUSART1_is_rx_ready                             (abs)        00000
_EUSART1_is_tx_done                              (abs)        00000
_EUSART1_is_tx_ready                             (abs)        00000
_INTERRUPT_InterruptManager                      intentry     00004
_LATA                                            (abs)        00018
_LATC                                            (abs)        0001A
_ODCONA                                          (abs)        01F3A
_ODCONC                                          (abs)        01F50
_OSCCON1                                         (abs)        0088D
_OSCCON3                                         (abs)        0088F
_OSCEN                                           (abs)        00891
_OSCFRQ                                          (abs)        00893
_OSCILLATOR_Initialize                           text17       003E7
_OSCSTAT                                         (abs)        00890
_OSCTUNE                                         (abs)        00892
_PIE0bits                                        (abs)        00716
_PIN_MANAGER_Initialize                          text16       002E7
_PIR0bits                                        (abs)        0070C
_PIR3bits                                        (abs)        0070F
_PMD0                                            (abs)        00796
_PMD1                                            (abs)        00797
_PMD2                                            (abs)        00798
_PMD3                                            (abs)        00799
_PMD4                                            (abs)        0079A
_PMD5                                            (abs)        0079B
_PMD_Initialize                                  text15       003F1
_RC0PPS                                          (abs)        01F20
_RC1REG                                          (abs)        00119
_RC1STA                                          (abs)        0011D
_RC1STAbits                                      (abs)        0011D
_RC2PPS                                          (abs)        01F22
_RC4PPS                                          (abs)        01F24
_RC5                                             (abs)        00075
_RX1DTPPSbits                                    (abs)        01ECB
_SP1BRGH                                         (abs)        0011C
_SP1BRGL                                         (abs)        0011B
_SSP1ADD                                         (abs)        0018D
_SSP1BUF                                         (abs)        0018C
_SSP1CLKPPSbits                                  (abs)        01EC5
_SSP1CON1                                        (abs)        00190
_SSP1CON1bits                                    (abs)        00190
_SSP1CON2                                        (abs)        00191
_SSP1DATPPSbits                                  (abs)        01EC6
_SSP1STAT                                        (abs)        0018F
_SYSTEM_Initialize                               text12       003A9
_T0CON0                                          (abs)        0059E
_T0CON0bits                                      (abs)        0059E
_T0CON1                                          (abs)        0059F
_TMR0H                                           (abs)        0059D
_TMR0L                                           (abs)        0059C
_TMR0_CallBack                                   text22       003D2
_TMR0_DefaultInterruptHandler                    text23       00428
_TMR0_ISR                                        text21       00372
_TMR0_Initialize                                 text13       0038E
_TMR0_InterruptHandler                           nvBANK1      000EC
_TMR0_SetInterruptHandler                        text14       0040D
_TMR0_StartTimer                                 text11       00422
_TRISA                                           (abs)        00012
_TRISC                                           (abs)        00014
_TRISCbits                                       (abs)        00014
_TX1REG                                          (abs)        0011A
_TX1STA                                          (abs)        0011E
_TX1STAbits                                      (abs)        0011E
_WPUA                                            (abs)        01F39
_WPUC                                            (abs)        01F4F
__CFG_BBEN$OFF                                   (abs)        00000
__CFG_BBSIZE$BB512                               (abs)        00000
__CFG_BOREN$ON                                   (abs)        00000
__CFG_BORV$LO                                    (abs)        00000
__CFG_CLKOUTEN$OFF                               (abs)        00000
__CFG_CP$OFF                                     (abs)        00000
__CFG_CSWEN$ON                                   (abs)        00000
__CFG_FCMEN$ON                                   (abs)        00000
__CFG_FEXTOSC$OFF                                (abs)        00000
__CFG_LPBOREN$OFF                                (abs)        00000
__CFG_LVP$ON                                     (abs)        00000
__CFG_MCLRE$ON                                   (abs)        00000
__CFG_PPS1WAY$ON                                 (abs)        00000
__CFG_PWRTE$OFF                                  (abs)        00000
__CFG_RSTOSC$HFINT1                              (abs)        00000
__CFG_SAFEN$OFF                                  (abs)        00000
__CFG_STVREN$ON                                  (abs)        00000
__CFG_WDTCCS$SC                                  (abs)        00000
__CFG_WDTCPS$WDTCPS_31                           (abs)        00000
__CFG_WDTCWS$WDTCWS_7                            (abs)        00000
__CFG_WDTE$OFF                                   (abs)        00000
__CFG_WRTAPP$OFF                                 (abs)        00000
__CFG_WRTB$OFF                                   (abs)        00000
__CFG_WRTC$OFF                                   (abs)        00000
__CFG_WRTSAF$OFF                                 (abs)        00000
__CFG_ZCD$OFF                                    (abs)        00000
__Habs1                                          abs1         00000
__Hbank0                                         bank0        00000
__Hbank1                                         bank1        00000
__Hbank10                                        bank10       00000
__Hbank11                                        bank11       00000
__Hbank12                                        bank12       00000
__Hbank13                                        bank13       00000
__Hbank14                                        bank14       00000
__Hbank15                                        bank15       00000
__Hbank16                                        bank16       00000
__Hbank17                                        bank17       00000
__Hbank18                                        bank18       00000
__Hbank19                                        bank19       00000
__Hbank2                                         bank2        00000
__Hbank20                                        bank20       00000
__Hbank21                                        bank21       00000
__Hbank22                                        bank22       00000
__Hbank23                                        bank23       00000
__Hbank24                                        bank24       00000
__Hbank25                                        bank25       00000
__Hbank26                                        bank26       00000
__Hbank27                                        bank27       00000
__Hbank28                                        bank28       00000
__Hbank29                                        bank29       00000
__Hbank3                                         bank3        00000
__Hbank30                                        bank30       00000
__Hbank31                                        bank31       00000
__Hbank32                                        bank32       00000
__Hbank33                                        bank33       00000
__Hbank34                                        bank34       00000
__Hbank35                                        bank35       00000
__Hbank36                                        bank36       00000
__Hbank37                                        bank37       00000
__Hbank38                                        bank38       00000
__Hbank39                                        bank39       00000
__Hbank4                                         bank4        00000
__Hbank40                                        bank40       00000
__Hbank41                                        bank41       00000
__Hbank42                                        bank42       00000
__Hbank43                                        bank43       00000
__Hbank44                                        bank44       00000
__Hbank45                                        bank45       00000
__Hbank46                                        bank46       00000
__Hbank47                                        bank47       00000
__Hbank48                                        bank48       00000
__Hbank49                                        bank49       00000
__Hbank5                                         bank5        00000
__Hbank50                                        bank50       00000
__Hbank51                                        bank51       00000
__Hbank52                                        bank52       00000
__Hbank53                                        bank53       00000
__Hbank54                                        bank54       00000
__Hbank55                                        bank55       00000
__Hbank56                                        bank56       00000
__Hbank57                                        bank57       00000
__Hbank58                                        bank58       00000
__Hbank59                                        bank59       00000
__Hbank6                                         bank6        00000
__Hbank60                                        bank60       00000
__Hbank61                                        bank61       00000
__Hbank62                                        bank62       00000
__Hbank63                                        bank63       00000
__Hbank7                                         bank7        00000
__Hbank8                                         bank8        00000
__Hbank9                                         bank9        00000
__Hbigram                                        bigram       00000
__HbssBANK0                                      bssBANK0     00000
__HbssBANK1                                      bssBANK1     00000
__Hcinit                                         cinit        00033
__Hclrtext                                       clrtext      00000
__Hcode                                          code         00000
__Hcommon                                        common       00000
__Hconfig                                        config       0800C
__HcstackBANK0                                   cstackBANK0  00000
__HcstackCOMMON                                  cstackCOMMON 00000
__HdataBANK1                                     dataBANK1    00000
__HdataBANK2                                     dataBANK2    00000
__Heeprom_data                                   eeprom_data  00000
__Hend_init                                      end_init     00010
__Hfunctab                                       functab      00000
__HidataBANK1                                    idataBANK1   00000
__HidataBANK2                                    idataBANK2   00000
__Hidloc                                         idloc        00000
__Hinit                                          init         0000E
__Hinittext                                      inittext     00000
__Hintentry                                      intentry     0000E
__Hmaintext                                      maintext     00000
__HnvBANK0                                       nvBANK0      00000
__HnvBANK1                                       nvBANK1      00000
__Hpowerup                                       powerup      00000
__Hram                                           ram          00000
__Hreset_vec                                     reset_vec    00003
__Hsfr0                                          sfr0         00000
__Hsfr1                                          sfr1         00000
__Hsfr10                                         sfr10        00000
__Hsfr11                                         sfr11        00000
__Hsfr12                                         sfr12        00000
__Hsfr13                                         sfr13        00000
__Hsfr14                                         sfr14        00000
__Hsfr15                                         sfr15        00000
__Hsfr16                                         sfr16        00000
__Hsfr17                                         sfr17        00000
__Hsfr18                                         sfr18        00000
__Hsfr19                                         sfr19        00000
__Hsfr2                                          sfr2         00000
__Hsfr20                                         sfr20        00000
__Hsfr21                                         sfr21        00000
__Hsfr22                                         sfr22        00000
__Hsfr23                                         sfr23        00000
__Hsfr24                                         sfr24        00000
__Hsfr25                                         sfr25        00000
__Hsfr26                                         sfr26        00000
__Hsfr27                                         sfr27        00000
__Hsfr28                                         sfr28        00000
__Hsfr29                                         sfr29        00000
__Hsfr3                                          sfr3         00000
__Hsfr30                                         sfr30        00000
__Hsfr31                                         sfr31        00000
__Hsfr32                                         sfr32        00000
__Hsfr33                                         sfr33        00000
__Hsfr34                                         sfr34        00000
__Hsfr35                                         sfr35        00000
__Hsfr36                                         sfr36        00000
__Hsfr37                                         sfr37        00000
__Hsfr38                                         sfr38        00000
__Hsfr39                                         sfr39        00000
__Hsfr4                                          sfr4         00000
__Hsfr40                                         sfr40        00000
__Hsfr41                                         sfr41        00000
__Hsfr42                                         sfr42        00000
__Hsfr43                                         sfr43        00000
__Hsfr44                                         sfr44        00000
__Hsfr45                                         sfr45        00000
__Hsfr46                                         sfr46        00000
__Hsfr47                                         sfr47        00000
__Hsfr48                                         sfr48        00000
__Hsfr49                                         sfr49        00000
__Hsfr5                                          sfr5         00000
__Hsfr50                                         sfr50        00000
__Hsfr51                                         sfr51        00000
__Hsfr52                                         sfr52        00000
__Hsfr53                                         sfr53        00000
__Hsfr54                                         sfr54        00000
__Hsfr55                                         sfr55        00000
__Hsfr56                                         sfr56        00000
__Hsfr57                                         sfr57        00000
__Hsfr58                                         sfr58        00000
__Hsfr59                                         sfr59        00000
__Hsfr6                                          sfr6         00000
__Hsfr60                                         sfr60        00000
__Hsfr61                                         sfr61        00000
__Hsfr62                                         sfr62        00000
__Hsfr63                                         sfr63        00000
__Hsfr7                                          sfr7         00000
__Hsfr8                                          sfr8         00000
__Hsfr9                                          sfr9         00000
__Hspace_0                                       (abs)        0800C
__Hspace_1                                       (abs)        0013E
__Hspace_2                                       (abs)        00000
__Hspace_3                                       (abs)        00000
__Hstack                                         stack        00000
__Hstrings                                       strings      00000
__Hstringtext1                                   stringtext1  00000
__Hstringtext2                                   stringtext2  00000
__Hstringtext3                                   stringtext3  00000
__Hstringtext4                                   stringtext4  00000
__Htext                                          text         00000
__Labs1                                          abs1         00000
__Lbank0                                         bank0        00000
__Lbank1                                         bank1        00000
__Lbank10                                        bank10       00000
__Lbank11                                        bank11       00000
__Lbank12                                        bank12       00000
__Lbank13                                        bank13       00000
__Lbank14                                        bank14       00000
__Lbank15                                        bank15       00000
__Lbank16                                        bank16       00000
__Lbank17                                        bank17       00000
__Lbank18                                        bank18       00000
__Lbank19                                        bank19       00000
__Lbank2                                         bank2        00000
__Lbank20                                        bank20       00000
__Lbank21                                        bank21       00000
__Lbank22                                        bank22       00000
__Lbank23                                        bank23       00000
__Lbank24                                        bank24       00000
__Lbank25                                        bank25       00000
__Lbank26                                        bank26       00000
__Lbank27                                        bank27       00000
__Lbank28                                        bank28       00000
__Lbank29                                        bank29       00000
__Lbank3                                         bank3        00000
__Lbank30                                        bank30       00000
__Lbank31                                        bank31       00000
__Lbank32                                        bank32       00000
__Lbank33                                        bank33       00000
__Lbank34                                        bank34       00000
__Lbank35                                        bank35       00000
__Lbank36                                        bank36       00000
__Lbank37                                        bank37       00000
__Lbank38                                        bank38       00000
__Lbank39                                        bank39       00000
__Lbank4                                         bank4        00000
__Lbank40                                        bank40       00000
__Lbank41                                        bank41       00000
__Lbank42                                        bank42       00000
__Lbank43                                        bank43       00000
__Lbank44                                        bank44       00000
__Lbank45                                        bank45       00000
__Lbank46                                        bank46       00000
__Lbank47                                        bank47       00000
__Lbank48                                        bank48       00000
__Lbank49                                        bank49       00000
__Lbank5                                         bank5        00000
__Lbank50                                        bank50       00000
__Lbank51                                        bank51       00000
__Lbank52                                        bank52       00000
__Lbank53                                        bank53       00000
__Lbank54                                        bank54       00000
__Lbank55                                        bank55       00000
__Lbank56                                        bank56       00000
__Lbank57                                        bank57       00000
__Lbank58                                        bank58       00000
__Lbank59                                        bank59       00000
__Lbank6                                         bank6        00000
__Lbank60                                        bank60       00000
__Lbank61                                        bank61       00000
__Lbank62                                        bank62       00000
__Lbank63                                        bank63       00000
__Lbank7                                         bank7        00000
__Lbank8                                         bank8        00000
__Lbank9                                         bank9        00000
__Lbigram                                        bigram       00000
__LbssBANK0                                      bssBANK0     00000
__LbssBANK1                                      bssBANK1     00000
__Lcinit                                         cinit        00010
__Lclrtext                                       clrtext      00000
__Lcode                                          code         00000
__Lcommon                                        common       00000
__Lconfig                                        config       08007
__LcstackBANK0                                   cstackBANK0  00000
__LcstackCOMMON                                  cstackCOMMON 00000
__LdataBANK1                                     dataBANK1    00000
__LdataBANK2                                     dataBANK2    00000
__Leeprom_data                                   eeprom_data  00000
__Lend_init                                      end_init     0000E
__Lfunctab                                       functab      00000
__LidataBANK1                                    idataBANK1   00000
__LidataBANK2                                    idataBANK2   00000
__Lidloc                                         idloc        00000
__Linit                                          init         0000E
__Linittext                                      inittext     00000
__Lintentry                                      intentry     00004
__Lmaintext                                      maintext     00000
__LnvBANK0                                       nvBANK0      00000
__LnvBANK1                                       nvBANK1      00000
__Lpowerup                                       powerup      00000
__Lram                                           ram          00000
__Lreset_vec                                     reset_vec    00000
__Lsfr0                                          sfr0         00000
__Lsfr1                                          sfr1         00000
__Lsfr10                                         sfr10        00000
__Lsfr11                                         sfr11        00000
__Lsfr12                                         sfr12        00000
__Lsfr13                                         sfr13        00000
__Lsfr14                                         sfr14        00000
__Lsfr15                                         sfr15        00000
__Lsfr16                                         sfr16        00000
__Lsfr17                                         sfr17        00000
__Lsfr18                                         sfr18        00000
__Lsfr19                                         sfr19        00000
__Lsfr2                                          sfr2         00000
__Lsfr20                                         sfr20        00000
__Lsfr21                                         sfr21        00000
__Lsfr22                                         sfr22        00000
__Lsfr23                                         sfr23        00000
__Lsfr24                                         sfr24        00000
__Lsfr25                                         sfr25        00000
__Lsfr26                                         sfr26        00000
__Lsfr27                                         sfr27        00000
__Lsfr28                                         sfr28        00000
__Lsfr29                                         sfr29        00000
__Lsfr3                                          sfr3         00000
__Lsfr30                                         sfr30        00000
__Lsfr31                                         sfr31        00000
__Lsfr32                                         sfr32        00000
__Lsfr33                                         sfr33        00000
__Lsfr34                                         sfr34        00000
__Lsfr35                                         sfr35        00000
__Lsfr36                                         sfr36        00000
__Lsfr37                                         sfr37        00000
__Lsfr38                                         sfr38        00000
__Lsfr39                                         sfr39        00000
__Lsfr4                                          sfr4         00000
__Lsfr40                                         sfr40        00000
__Lsfr41                                         sfr41        00000
__Lsfr42                                         sfr42        00000
__Lsfr43                                         sfr43        00000
__Lsfr44                                         sfr44        00000
__Lsfr45                                         sfr45        00000
__Lsfr46                                         sfr46        00000
__Lsfr47                                         sfr47        00000
__Lsfr48                                         sfr48        00000
__Lsfr49                                         sfr49        00000
__Lsfr5                                          sfr5         00000
__Lsfr50                                         sfr50        00000
__Lsfr51                                         sfr51        00000
__Lsfr52                                         sfr52        00000
__Lsfr53                                         sfr53        00000
__Lsfr54                                         sfr54        00000
__Lsfr55                                         sfr55        00000
__Lsfr56                                         sfr56        00000
__Lsfr57                                         sfr57        00000
__Lsfr58                                         sfr58        00000
__Lsfr59                                         sfr59        00000
__Lsfr6                                          sfr6         00000
__Lsfr60                                         sfr60        00000
__Lsfr61                                         sfr61        00000
__Lsfr62                                         sfr62        00000
__Lsfr63                                         sfr63        00000
__Lsfr7                                          sfr7         00000
__Lsfr8                                          sfr8         00000
__Lsfr9                                          sfr9         00000
__Lspace_0                                       (abs)        00000
__Lspace_1                                       (abs)        00000
__Lspace_2                                       (abs)        00000
__Lspace_3                                       (abs)        00000
__Lstack                                         stack        00000
__Lstrings                                       strings      00000
__Lstringtext1                                   stringtext1  00000
__Lstringtext2                                   stringtext2  00000
__Lstringtext3                                   stringtext3  00000
__Lstringtext4                                   stringtext4  00000
__Ltext                                          text         00000
__S0                                             (abs)        0800C
__S1                                             (abs)        0013E
__S2                                             (abs)        00000
___int_sp                                        stack        00000
___latbits                                       (abs)        00002
___sp                                            stack        00000
__end_of_ADC_Initialize                          text19       00401
__end_of_BMP280_SPI_bus_read                     text4        00239
__end_of_BMP280_SPI_bus_write                    text9        003E7
__end_of_BMP280_delay_msek                       text10       00428
__end_of_EUSART1_Initialize                      text18       003D2
__end_of_INTERRUPT_InterruptManager              intentry     0000E
__end_of_OSCILLATOR_Initialize                   text17       003F1
__end_of_PIN_MANAGER_Initialize                  text16       0030D
__end_of_PMD_Initialize                          text15       003F9
__end_of_SYSTEM_Initialize                       text12       003BB
__end_of_TMR0_CallBack                           text22       003DD
__end_of_TMR0_DefaultInterruptHandler            text23       00429
__end_of_TMR0_ISR                                text21       0038E
__end_of_TMR0_Initialize                         text13       003A9
__end_of_TMR0_SetInterruptHandler                text14       00413
__end_of_TMR0_StartTimer                         text11       00425
__end_of__initialization                         cinit        0002F
__end_of_bmp280_get_regs                         text3        0027F
__end_of_bmp280_init                             text1        001E6
__end_of_bmp280_set_regs                         text6        0015A
__end_of_bmp280_soft_reset                       text5        002BA
__end_of_get_calib_param                         text2        000C7
__end_of_interleave_data                         text8        002E7
__end_of_main                                    maintext     00332
__end_of_null_ptr_check                          text7        00354
__end_of_spi1_configuration                      stringtext4  00422
__end_of_tmr_fire                                text24       0041F
__end_of_uart                                    stringtext1  003C7
__end_ofbmp280_compute_meas_time@period_per_osrs stringtext2  00417
__end_ofbmp280_compute_meas_time@startup         stringtext3  0041B
__initialization                                 cinit        00010
__pbssBANK0                                      bssBANK0     0006E
__pbssBANK1                                      bssBANK1     000A0
__pcstackBANK0                                   cstackBANK0  00020
__pcstackCOMMON                                  cstackCOMMON 00070
__pdataBANK1                                     dataBANK1    000EE
__pdataBANK2                                     dataBANK2    00120
__pidataBANK1                                    idataBANK1   00425
__pidataBANK2                                    idataBANK2   00354
__pintentry                                      intentry     00004
__pmaintext                                      maintext     0030D
__pnvBANK0                                       nvBANK0      0006C
__pnvBANK1                                       nvBANK1      000EC
__pstringtext1                                   stringtext1  003BB
__pstringtext2                                   stringtext2  00413
__pstringtext3                                   stringtext3  00417
__pstringtext4                                   stringtext4  0041F
__ptext1                                         text1        0015A
__ptext10                                        text10       00427
__ptext11                                        text11       00422
__ptext12                                        text12       003A9
__ptext13                                        text13       0038E
__ptext14                                        text14       0040D
__ptext15                                        text15       003F1
__ptext16                                        text16       002E7
__ptext17                                        text17       003E7
__ptext18                                        text18       003C7
__ptext19                                        text19       003F9
__ptext2                                         text2        00033
__ptext21                                        text21       00372
__ptext22                                        text22       003D2
__ptext23                                        text23       00428
__ptext24                                        text24       0041B
__ptext3                                         text3        00239
__ptext4                                         text4        001E6
__ptext5                                         text5        0027F
__ptext6                                         text6        000C7
__ptext7                                         text7        00332
__ptext8                                         text8        002BA
__ptext9                                         text9        003DD
__size_of_ADC_Initialize                         (abs)        00000
__size_of_BMP280_SPI_bus_read                    (abs)        00000
__size_of_BMP280_SPI_bus_write                   (abs)        00000
__size_of_BMP280_delay_msek                      (abs)        00000
__size_of_EUSART1_Initialize                     (abs)        00000
__size_of_INTERRUPT_InterruptManager             (abs)        00000
__size_of_OSCILLATOR_Initialize                  (abs)        00000
__size_of_PIN_MANAGER_Initialize                 (abs)        00000
__size_of_PMD_Initialize                         (abs)        00000
__size_of_SYSTEM_Initialize                      (abs)        00000
__size_of_TMR0_CallBack                          (abs)        00000
__size_of_TMR0_DefaultInterruptHandler           (abs)        00000
__size_of_TMR0_ISR                               (abs)        00000
__size_of_TMR0_Initialize                        (abs)        00000
__size_of_TMR0_SetInterruptHandler               (abs)        00000
__size_of_TMR0_StartTimer                        (abs)        00000
__size_of_bmp280_get_regs                        (abs)        00000
__size_of_bmp280_init                            (abs)        00000
__size_of_bmp280_set_regs                        (abs)        00000
__size_of_bmp280_soft_reset                      (abs)        00000
__size_of_get_calib_param                        (abs)        00000
__size_of_interleave_data                        (abs)        00000
__size_of_main                                   (abs)        00000
__size_of_null_ptr_check                         (abs)        00000
__size_of_tmr_fire                               (abs)        00000
_bmp                                             bssBANK1     000C2
_bmp280_get_regs                                 text3        00239
_bmp280_init                                     text1        0015A
_bmp280_set_regs                                 text6        000C7
_bmp280_soft_reset                               text5        0027F
_get_calib_param                                 text2        00033
_interleave_data                                 text8        002BA
_main                                            maintext     0030D
_null_ptr_check                                  text7        00332
_spi1_configuration                              stringtext4  0041F
_timer0ReloadVal16bit                            nvBANK0      0006C
_tmr_fire                                        text24       0041B
bmp280_compute_meas_time@period_per_osrs         stringtext2  00413
bmp280_compute_meas_time@startup                 stringtext3  00417
bmp280_get_config@F6430                          bssBANK1     000C0
bmp280_get_regs@dev                              cstackCOMMON 00078
bmp280_get_regs@len                              cstackCOMMON 00077
bmp280_get_regs@reg_addr                         cstackBANK0  00044
bmp280_get_regs@reg_data                         cstackCOMMON 00076
bmp280_get_regs@rslt                             cstackBANK0  00045
bmp280_get_uncomp_data@F6465                     bssBANK1     000B8
bmp280_init@dev                                  cstackBANK0  00069
bmp280_init@rslt                                 cstackBANK0  00068
bmp280_init@try_count                            cstackBANK0  00067
bmp280_set_regs@dev                              cstackCOMMON 0007A
bmp280_set_regs@len                              cstackCOMMON 00079
bmp280_set_regs@reg_addr                         cstackBANK0  00030
bmp280_set_regs@reg_addr_cnt                     cstackBANK0  0002E
bmp280_set_regs@reg_data                         cstackCOMMON 00078
bmp280_set_regs@rslt                             cstackBANK0  0002F
bmp280_set_regs@temp_buff                        cstackBANK0  00024
bmp280_set_regs@temp_len                         cstackBANK0  0002C
bmp280_soft_reset@dev                            cstackBANK0  00034
bmp280_soft_reset@reg_addr                       cstackBANK0  00033
bmp280_soft_reset@rslt                           cstackBANK0  00032
bmp280_soft_reset@soft_rst_cmd                   cstackBANK0  00031
btemp                                            (abs)        0007E
clear_ram0                                       clrtext      00407
conf_sensor@F6602                                bssBANK1     000BE
conf_sensor@F6604                                dataBANK1    000EE
end_of_initialization                            cinit        0002F
get_calib_param@F6534                            bssBANK1     000A0
get_calib_param@dev                              cstackBANK0  00063
get_calib_param@rslt                             cstackBANK0  00062
get_calib_param@temp                             cstackBANK0  0004A
init_ram                                         inittext     00401
int$flags                                        (abs)        0007E
interleave_data@index                            cstackCOMMON 00077
interleave_data@len                              cstackCOMMON 00072
interleave_data@reg_addr                         cstackCOMMON 00076
interleave_data@reg_data                         cstackCOMMON 00071
interleave_data@temp_buff                        cstackCOMMON 00070
intlevel0                                        functab      00000
intlevel1                                        functab      00000
intlevel2                                        functab      00000
intlevel3                                        functab      00000
intlevel4                                        functab      00000
intlevel5                                        functab      00000
main@rslt                                        cstackBANK0  0006B
null_ptr_check@dev                               cstackCOMMON 00073
null_ptr_check@rslt                              cstackCOMMON 00072
reset_vec                                        reset_vec    00000
stackhi                                          (abs)        023EF
stacklo                                          (abs)        020BE
start                                            init         0000E
start_initialization                             cinit        00010
wtemp0                                           (abs)        0007E


FUNCTION INFORMATION:

 *************** function _main *****************
 Defined at:
		line 74 in file "main.c"
 Parameters:    Size  Location     Type
		None
 Auto vars:     Size  Location     Type
  rslt            1   75[BANK0 ] char 
 Return value:  Size  Location     Type
                  1    wreg      void 
 Registers used:
		wreg, fsr0l, fsr0h, fsr1l, fsr1h, status,2, status,0, pclath, cstack
 Tracked objects:
		On entry : 
		On exit  : 
		Unchanged: 
 Data sizes:     COMMON   BANK0   BANK1   BANK2   BANK3   BANK4   BANK5   BANK6   BANK7   BANK8   BANK9  BANK10  BANK11  BANK12
      Params:         0       0       0       0       0       0       0       0       0       0       0       0       0       0
      Locals:         0       1       0       0       0       0       0       0       0       0       0       0       0       0
      Temps:          0       1       0       0       0       0       0       0       0       0       0       0       0       0
      Totals:         0       2       0       0       0       0       0       0       0       0       0       0       0       0
Total ram usage:        2 bytes
 Hardware stack levels required when called:    8
 This function calls:
		_SYSTEM_Initialize
		_TMR0_SetInterruptHandler
		_TMR0_StartTimer
		_bmp280_init
 This function is called by:
		Startup code after reset
 This function uses a non-reentrant model


 *************** function _bmp280_init *****************
 Defined at:
		line 211 in file "bmp280.c"
 Parameters:    Size  Location     Type
  dev             1    wreg     PTR struct bmp280_dev
		 -> bmp(42), 
 Auto vars:     Size  Location     Type
  dev             1   73[BANK0 ] PTR struct bmp280_dev
		 -> bmp(42), 
  rslt            1   72[BANK0 ] char 
  try_count       1   71[BANK0 ] unsigned char 
 Return value:  Size  Location     Type
                  1    wreg      char 
 Registers used:
		wreg, fsr0l, fsr0h, fsr1l, fsr1h, status,2, status,0, pclath, cstack
 Tracked objects:
		On entry : 
		On exit  : 
		Unchanged: 
 Data sizes:     COMMON   BANK0   BANK1   BANK2   BANK3   BANK4   BANK5   BANK6   BANK7   BANK8   BANK9  BANK10  BANK11  BANK12
      Params:         0       0       0       0       0       0       0       0       0       0       0       0       0       0
      Locals:         0       3       0       0       0       0       0       0       0       0       0       0       0       0
      Temps:          0       3       0       0       0       0       0       0       0       0       0       0       0       0
      Totals:         0       6       0       0       0       0       0       0       0       0       0       0       0       0
Total ram usage:        6 bytes
 Hardware stack levels used:    1
 Hardware stack levels required when called:    7
 This function calls:
		_BMP280_delay_msek
		_bmp280_get_regs
		_bmp280_soft_reset
		_get_calib_param
		_null_ptr_check
 This function is called by:
		_main
 This function uses a non-reentrant model


 *************** function _get_calib_param *****************
 Defined at:
		line 619 in file "bmp280.c"
 Parameters:    Size  Location     Type
  dev             1    wreg     PTR struct bmp280_dev
		 -> bmp(42), 
 Auto vars:     Size  Location     Type
  dev             1   67[BANK0 ] PTR struct bmp280_dev
		 -> bmp(42), 
  temp           24   42[BANK0 ] unsigned char [24]
  rslt            1   66[BANK0 ] char 
 Return value:  Size  Location     Type
                  1    wreg      char 
 Registers used:
		wreg, fsr0l, fsr0h, fsr1l, fsr1h, status,2, status,0, pclath, cstack
 Tracked objects:
		On entry : 
		On exit  : 
		Unchanged: 
 Data sizes:     COMMON   BANK0   BANK1   BANK2   BANK3   BANK4   BANK5   BANK6   BANK7   BANK8   BANK9  BANK10  BANK11  BANK12
      Params:         0       0       0       0       0       0       0       0       0       0       0       0       0       0
      Locals:         0      26       0       0       0       0       0       0       0       0       0       0       0       0
      Temps:          0       4       0       0       0       0       0       0       0       0       0       0       0       0
      Totals:         0      30       0       0       0       0       0       0       0       0       0       0       0       0
Total ram usage:       30 bytes
 Hardware stack levels used:    1
 Hardware stack levels required when called:    6
 This function calls:
		_bmp280_get_regs
		_null_ptr_check
 This function is called by:
		_bmp280_init
 This function uses a non-reentrant model


 *************** function _bmp280_get_regs *****************
 Defined at:
		line 114 in file "bmp280.c"
 Parameters:    Size  Location     Type
  reg_addr        1    wreg     unsigned char 
  reg_data        1    6[COMMON] PTR unsigned char 
		 -> conf_sensor@temp(2), get_calib_param@temp(24), bmp280_get_uncomp_data@temp(6), bmp280_get_power_mode@temp(1), 
		 -> bmp280_get_status@temp(1), bmp280_get_config@temp(2), bmp(42), 
  len             1    7[COMMON] unsigned char 
  dev             1    8[COMMON] PTR const struct bmp280_
		 -> bmp(42), 
 Auto vars:     Size  Location     Type
  reg_addr        1   36[BANK0 ] unsigned char 
  rslt            1   37[BANK0 ] char 
 Return value:  Size  Location     Type
                  1    wreg      char 
 Registers used:
		wreg, fsr0l, fsr0h, fsr1l, fsr1h, status,2, status,0, pclath, cstack
 Tracked objects:
		On entry : 
		On exit  : 
		Unchanged: 
 Data sizes:     COMMON   BANK0   BANK1   BANK2   BANK3   BANK4   BANK5   BANK6   BANK7   BANK8   BANK9  BANK10  BANK11  BANK12
      Params:         3       0       0       0       0       0       0       0       0       0       0       0       0       0
      Locals:         0       2       0       0       0       0       0       0       0       0       0       0       0       0
      Temps:          4       0       0       0       0       0       0       0       0       0       0       0       0       0
      Totals:         7       2       0       0       0       0       0       0       0       0       0       0       0       0
Total ram usage:        9 bytes
 Hardware stack levels used:    1
 Hardware stack levels required when called:    5
 This function calls:
		_BMP280_SPI_bus_read
		_null_ptr_check
 This function is called by:
		_bmp280_init
		_get_calib_param
		_bmp280_get_config
		_bmp280_get_status
		_bmp280_get_power_mode
		_bmp280_get_uncomp_data
		_conf_sensor
 This function uses a non-reentrant model


 *************** function _BMP280_SPI_bus_read *****************
 Defined at:
		line 33 in file "main.c"
 Parameters:    Size  Location     Type
  dev_addr        1    0[COMMON] unsigned char 
  reg_addr        1    1[COMMON] unsigned char 
  reg_data        1    2[COMMON] PTR unsigned char 
		 -> conf_sensor@temp(2), get_calib_param@temp(24), bmp280_get_uncomp_data@temp(6), bmp280_get_power_mode@temp(1), 
		 -> bmp280_get_status@temp(1), bmp280_get_config@temp(2), bmp(42), 
  cnt             1    3[COMMON] unsigned char 
 Auto vars:     Size  Location     Type
  array          30    0[BANK0 ] char [30]
  iError          4   30[BANK0 ] long 
  stringpos       1   35[BANK0 ] unsigned char 
  i               1   34[BANK0 ] unsigned char 
 Return value:  Size  Location     Type
                  1    wreg      char 
 Registers used:
		wreg, fsr0l, fsr0h, fsr1l, fsr1h, status,2, status,0
 Tracked objects:
		On entry : 
		On exit  : 
		Unchanged: 
 Data sizes:     COMMON   BANK0   BANK1   BANK2   BANK3   BANK4   BANK5   BANK6   BANK7   BANK8   BANK9  BANK10  BANK11  BANK12
      Params:         4       0       0       0       0       0       0       0       0       0       0       0       0       0
      Locals:         0      36       0       0       0       0       0       0       0       0       0       0       0       0
      Temps:          2       0       0       0       0       0       0       0       0       0       0       0       0       0
      Totals:         6      36       0       0       0       0       0       0       0       0       0       0       0       0
Total ram usage:       42 bytes
 Hardware stack levels used:    1
 Hardware stack levels required when called:    4
 This function calls:
		Nothing
 This function is called by:
		_main
		_bmp280_get_regs
 This function uses a non-reentrant model


 *************** function _bmp280_soft_reset *****************
 Defined at:
		line 189 in file "bmp280.c"
 Parameters:    Size  Location     Type
  dev             1    wreg     PTR const struct bmp280_
		 -> bmp(42), 
 Auto vars:     Size  Location     Type
  dev             1   20[BANK0 ] PTR const struct bmp280_
		 -> bmp(42), 
  reg_addr        1   19[BANK0 ] unsigned char 
  rslt            1   18[BANK0 ] char 
  soft_rst_cmd    1   17[BANK0 ] unsigned char 
 Return value:  Size  Location     Type
                  1    wreg      char 
 Registers used:
		wreg, fsr1l, fsr1h, status,2, status,0, pclath, cstack
 Tracked objects:
		On entry : 
		On exit  : 
		Unchanged: 
 Data sizes:     COMMON   BANK0   BANK1   BANK2   BANK3   BANK4   BANK5   BANK6   BANK7   BANK8   BANK9  BANK10  BANK11  BANK12
      Params:         0       0       0       0       0       0       0       0       0       0       0       0       0       0
      Locals:         0       4       0       0       0       0       0       0       0       0       0       0       0       0
      Temps:          3       0       0       0       0       0       0       0       0       0       0       0       0       0
      Totals:         3       4       0       0       0       0       0       0       0       0       0       0       0       0
Total ram usage:        7 bytes
 Hardware stack levels used:    1
 Hardware stack levels required when called:    6
 This function calls:
		_BMP280_delay_msek
		_bmp280_set_regs
		_null_ptr_check
 This function is called by:
		_bmp280_init
		_conf_sensor
 This function uses a non-reentrant model


 *************** function _bmp280_set_regs *****************
 Defined at:
		line 140 in file "bmp280.c"
 Parameters:    Size  Location     Type
  reg_addr        1    wreg     PTR unsigned char 
		 -> conf_sensor@reg_addr(2), bmp280_soft_reset@reg_addr(1), 
  reg_data        1    8[COMMON] PTR const unsigned char 
		 -> conf_sensor@temp(2), bmp280_soft_reset@soft_rst_cmd(1), 
  len             1    9[COMMON] unsigned char 
  dev             1   10[COMMON] PTR const struct bmp280_
		 -> bmp(42), 
 Auto vars:     Size  Location     Type
  reg_addr        1   16[BANK0 ] PTR unsigned char 
		 -> conf_sensor@reg_addr(2), bmp280_soft_reset@reg_addr(1), 
  temp_buff       8    4[BANK0 ] unsigned char [8]
  temp_len        2   12[BANK0 ] unsigned int 
  rslt            1   15[BANK0 ] char 
  reg_addr_cnt    1   14[BANK0 ] unsigned char 
 Return value:  Size  Location     Type
                  1    wreg      char 
 Registers used:
		wreg, fsr1l, fsr1h, status,2, status,0, pclath, cstack
 Tracked objects:
		On entry : 
		On exit  : 
		Unchanged: 
 Data sizes:     COMMON   BANK0   BANK1   BANK2   BANK3   BANK4   BANK5   BANK6   BANK7   BANK8   BANK9  BANK10  BANK11  BANK12
      Params:         3       0       0       0       0       0       0       0       0       0       0       0       0       0
      Locals:         0      13       0       0       0       0       0       0       0       0       0       0       0       0
      Temps:          0       4       0       0       0       0       0       0       0       0       0       0       0       0
      Totals:         3      17       0       0       0       0       0       0       0       0       0       0       0       0
Total ram usage:       20 bytes
 Hardware stack levels used:    1
 Hardware stack levels required when called:    5
 This function calls:
		_BMP280_SPI_bus_write
		_interleave_data
		_null_ptr_check
 This function is called by:
		_bmp280_soft_reset
		_conf_sensor
 This function uses a non-reentrant model


 *************** function _null_ptr_check *****************
 Defined at:
		line 587 in file "bmp280.c"
 Parameters:    Size  Location     Type
  dev             1    wreg     PTR const struct bmp280_
		 -> bmp(42), 
 Auto vars:     Size  Location     Type
[...]
      Totals:         0       0       0       0       0       0       0       0       0       0       0       0       0       0
Total ram usage:        0 bytes
 Hardware stack levels used:    1
 Hardware stack levels required when called:    4
 This function calls:
		Nothing
 This function is called by:
		_main
 This function uses a non-reentrant model


 *************** function _SYSTEM_Initialize *****************
 Defined at:
		line 50 in file "mcc_generated_files/mcc.c"
 Parameters:    Size  Location     Type
		None
 Auto vars:     Size  Location     Type
		None
 Return value:  Size  Location     Type
                  1    wreg      void 
 Registers used:
		wreg, status,2, status,0, pclath, cstack
 Tracked objects:
		On entry : 
		On exit  : 
		Unchanged: 
 Data sizes:     COMMON   BANK0   BANK1   BANK2   BANK3   BANK4   BANK5   BANK6   BANK7   BANK8   BANK9  BANK10  BANK11  BANK12
      Params:         0       0       0       0       0       0       0       0       0       0       0       0       0       0
      Locals:         0       0       0       0       0       0       0       0       0       0       0       0       0       0
      Temps:          0       0       0       0       0       0       0       0       0       0       0       0       0       0
      Totals:         0       0       0       0       0       0       0       0       0       0       0       0       0       0
Total ram usage:        0 bytes
 Hardware stack levels used:    1
 Hardware stack levels required when called:    6
 This function calls:
		_ADC_Initialize
		_EUSART1_Initialize
		_OSCILLATOR_Initialize
		_PIN_MANAGER_Initialize
		_PMD_Initialize
		_TMR0_Initialize
 This function is called by:
		_main
 This function uses a non-reentrant model


 *************** function _TMR0_Initialize *****************
 Defined at:
		line 66 in file "mcc_generated_files/tmr0.c"
 Parameters:    Size  Location     Type
		None
 Auto vars:     Size  Location     Type
		None
 Return value:  Size  Location     Type
                  1    wreg      void 
 Registers used:
		wreg, status,2, status,0, pclath, cstack
 Tracked objects:
		On entry : 
		On exit  : 
		Unchanged: 
 Data sizes:     COMMON   BANK0   BANK1   BANK2   BANK3   BANK4   BANK5   BANK6   BANK7   BANK8   BANK9  BANK10  BANK11  BANK12
      Params:         0       0       0       0       0       0       0       0       0       0       0       0       0       0
      Locals:         0       0       0       0       0       0       0       0       0       0       0       0       0       0
      Temps:          0       0       0       0       0       0       0       0       0       0       0       0       0       0
      Totals:         0       0       0       0       0       0       0       0       0       0       0       0       0       0
Total ram usage:        0 bytes
 Hardware stack levels used:    1
 Hardware stack levels required when called:    5
 This function calls:
		_TMR0_SetInterruptHandler
 This function is called by:
		_SYSTEM_Initialize
 This function uses a non-reentrant model


 *************** function _TMR0_SetInterruptHandler *****************
 Defined at:
		line 167 in file "mcc_generated_files/tmr0.c"
 Parameters:    Size  Location     Type
  InterruptHan    2    0[COMMON] PTR FTN()void 
		 -> TMR0_DefaultInterruptHandler(1), tmr_fire(1), 
 Auto vars:     Size  Location     Type
		None
 Return value:  Size  Location     Type
                  1    wreg      void 
 Registers used:
		wreg
 Tracked objects:
		On entry : 
		On exit  : 
		Unchanged: 
 Data sizes:     COMMON   BANK0   BANK1   BANK2   BANK3   BANK4   BANK5   BANK6   BANK7   BANK8   BANK9  BANK10  BANK11  BANK12
      Params:         2       0       0       0       0       0       0       0       0       0       0       0       0       0
      Locals:         0       0       0       0       0       0       0       0       0       0       0       0       0       0
      Temps:          0       0       0       0       0       0       0       0       0       0       0       0       0       0
      Totals:         2       0       0       0       0       0       0       0       0       0       0       0       0       0
Total ram usage:        2 bytes
 Hardware stack levels used:    1
 Hardware stack levels required when called:    4
 This function calls:
		Nothing
 This function is called by:
		_main
		_TMR0_Initialize
 This function uses a non-reentrant model


 *************** function _PMD_Initialize *****************
 Defined at:
		line 76 in file "mcc_generated_files/mcc.c"
 Parameters:    Size  Location     Type
		None
 Auto vars:     Size  Location     Type
		None
 Return value:  Size  Location     Type
                  1    wreg      void 
 Registers used:
		status,2
 Tracked objects:
		On entry : 
		On exit  : 
		Unchanged: 
 Data sizes:     COMMON   BANK0   BANK1   BANK2   BANK3   BANK4   BANK5   BANK6   BANK7   BANK8   BANK9  BANK10  BANK11  BANK12
      Params:         0       0       0       0       0       0       0       0       0       0       0       0       0       0
      Locals:         0       0       0       0       0       0       0       0       0       0       0       0       0       0
      Temps:          0       0       0       0       0       0       0       0       0       0       0       0       0       0
      Totals:         0       0       0       0       0       0       0       0       0       0       0       0       0       0
Total ram usage:        0 bytes
 Hardware stack levels used:    1
 Hardware stack levels required when called:    4
 This function calls:
		Nothing
 This function is called by:
		_SYSTEM_Initialize
 This function uses a non-reentrant model


 *************** function _PIN_MANAGER_Initialize *****************
 Defined at:
		line 57 in file "mcc_generated_files/pin_manager.c"
 Parameters:    Size  Location     Type
		None
 Auto vars:     Size  Location     Type
		None
 Return value:  Size  Location     Type
                  1    wreg      void 
 Registers used:
		wreg, status,2, status,0
 Tracked objects:
		On entry : 
		On exit  : 
		Unchanged: 
 Data sizes:     COMMON   BANK0   BANK1   BANK2   BANK3   BANK4   BANK5   BANK6   BANK7   BANK8   BANK9  BANK10  BANK11  BANK12
      Params:         0       0       0       0       0       0       0       0       0       0       0       0       0       0
      Locals:         0       0       0       0       0       0       0       0       0       0       0       0       0       0
      Temps:          0       0       0       0       0       0       0       0       0       0       0       0       0       0
      Totals:         0       0       0       0       0       0       0       0       0       0       0       0       0       0
Total ram usage:        0 bytes
 Hardware stack levels used:    1
 Hardware stack levels required when called:    4
 This function calls:
		Nothing
 This function is called by:
		_SYSTEM_Initialize
 This function uses a non-reentrant model


 *************** function _OSCILLATOR_Initialize *****************
 Defined at:
		line 60 in file "mcc_generated_files/mcc.c"
 Parameters:    Size  Location     Type
		None
 Auto vars:     Size  Location     Type
		None
 Return value:  Size  Location     Type
                  1    wreg      void 
 Registers used:
		wreg, status,2
 Tracked objects:
		On entry : 
		On exit  : 
		Unchanged: 
 Data sizes:     COMMON   BANK0   BANK1   BANK2   BANK3   BANK4   BANK5   BANK6   BANK7   BANK8   BANK9  BANK10  BANK11  BANK12
      Params:         0       0       0       0       0       0       0       0       0       0       0       0       0       0
      Locals:         0       0       0       0       0       0       0       0       0       0       0       0       0       0
      Temps:          0       0       0       0       0       0       0       0       0       0       0       0       0       0
      Totals:         0       0       0       0       0       0       0       0       0       0       0       0       0       0
Total ram usage:        0 bytes
 Hardware stack levels used:    1
 Hardware stack levels required when called:    4
 This function calls:
		Nothing
 This function is called by:
		_SYSTEM_Initialize
 This function uses a non-reentrant model


 *************** function _EUSART1_Initialize *****************
 Defined at:
		line 56 in file "mcc_generated_files/eusart1.c"
 Parameters:    Size  Location     Type
		None
 Auto vars:     Size  Location     Type
		None
 Return value:  Size  Location     Type
                  1    wreg      void 
 Registers used:
		wreg, status,2
 Tracked objects:
		On entry : 
		On exit  : 
		Unchanged: 
 Data sizes:     COMMON   BANK0   BANK1   BANK2   BANK3   BANK4   BANK5   BANK6   BANK7   BANK8   BANK9  BANK10  BANK11  BANK12
      Params:         0       0       0       0       0       0       0       0       0       0       0       0       0       0
      Locals:         0       0       0       0       0       0       0       0       0       0       0       0       0       0
      Temps:          0       0       0       0       0       0       0       0       0       0       0       0       0       0
      Totals:         0       0       0       0       0       0       0       0       0       0       0       0       0       0
Total ram usage:        0 bytes
 Hardware stack levels used:    1
 Hardware stack levels required when called:    4
 This function calls:
		Nothing
 This function is called by:
		_SYSTEM_Initialize
 This function uses a non-reentrant model


 *************** function _ADC_Initialize *****************
 Defined at:
		line 64 in file "mcc_generated_files/adc.c"
 Parameters:    Size  Location     Type
		None
 Auto vars:     Size  Location     Type
		None
 Return value:  Size  Location     Type
                  1    wreg      void 
 Registers used:
		wreg, status,2
 Tracked objects:
		On entry : 
		On exit  : 
		Unchanged: 
 Data sizes:     COMMON   BANK0   BANK1   BANK2   BANK3   BANK4   BANK5   BANK6   BANK7   BANK8   BANK9  BANK10  BANK11  BANK12
      Params:         0       0       0       0       0       0       0       0       0       0       0       0       0       0
      Locals:         0       0       0       0       0       0       0       0       0       0       0       0       0       0
      Temps:          0       0       0       0       0       0       0       0       0       0       0       0       0       0
      Totals:         0       0       0       0       0       0       0       0       0       0       0       0       0       0
Total ram usage:        0 bytes
 Hardware stack levels used:    1
 Hardware stack levels required when called:    4
 This function calls:
		Nothing
 This function is called by:
		_SYSTEM_Initialize
 This function uses a non-reentrant model


 *************** function _INTERRUPT_InterruptManager *****************
 Defined at:
		line 52 in file "mcc_generated_files/interrupt_manager.c"
 Parameters:    Size  Location     Type
		None
 Auto vars:     Size  Location     Type
		None
 Return value:  Size  Location     Type
                  1    wreg      void 
 Registers used:
		wreg, status,2, status,0, pclath, cstack
 Tracked objects:
		On entry : 
		On exit  : 
		Unchanged: 
 Data sizes:     COMMON   BANK0   BANK1   BANK2   BANK3   BANK4   BANK5   BANK6   BANK7   BANK8   BANK9  BANK10  BANK11  BANK12
      Params:         0       0       0       0       0       0       0       0       0       0       0       0       0       0
      Locals:         0       0       0       0       0       0       0       0       0       0       0       0       0       0
      Temps:          0       0       0       0       0       0       0       0       0       0       0       0       0       0
      Totals:         0       0       0       0       0       0       0       0       0       0       0       0       0       0
Total ram usage:        0 bytes
 Hardware stack levels used:    1
 Hardware stack levels required when called:    3
 This function calls:
		_TMR0_ISR
 This function is called by:
		Interrupt level 1
 This function uses a non-reentrant model


 *************** function _TMR0_ISR *****************
 Defined at:
		line 134 in file "mcc_generated_files/tmr0.c"
 Parameters:    Size  Location     Type
		None
 Auto vars:     Size  Location     Type
		None
 Return value:  Size  Location     Type
                  1    wreg      void 
 Registers used:
		wreg, status,2, status,0, pclath, cstack
 Tracked objects:
		On entry : 
		On exit  : 
		Unchanged: 
 Data sizes:     COMMON   BANK0   BANK1   BANK2   BANK3   BANK4   BANK5   BANK6   BANK7   BANK8   BANK9  BANK10  BANK11  BANK12
      Params:         0       0       0       0       0       0       0       0       0       0       0       0       0       0
      Locals:         0       0       0       0       0       0       0       0       0       0       0       0       0       0
      Temps:          0       0       0       0       0       0       0       0       0       0       0       0       0       0
      Totals:         0       0       0       0       0       0       0       0       0       0       0       0       0       0
Total ram usage:        0 bytes
 Hardware stack levels used:    1
 Hardware stack levels required when called:    2
 This function calls:
		_TMR0_CallBack
 This function is called by:
		_INTERRUPT_InterruptManager
 This function uses a non-reentrant model


 *************** function _TMR0_CallBack *****************
 Defined at:
		line 157 in file "mcc_generated_files/tmr0.c"
 Parameters:    Size  Location     Type
		None
 Auto vars:     Size  Location     Type
		None
 Return value:  Size  Location     Type
                  1    wreg      void 
 Registers used:
		wreg, status,2, status,0, pclath, cstack
 Tracked objects:
		On entry : 
		On exit  : 
		Unchanged: 
 Data sizes:     COMMON   BANK0   BANK1   BANK2   BANK3   BANK4   BANK5   BANK6   BANK7   BANK8   BANK9  BANK10  BANK11  BANK12
      Params:         0       0       0       0       0       0       0       0       0       0       0       0       0       0
      Locals:         0       0       0       0       0       0       0       0       0       0       0       0       0       0
      Temps:          0       0       0       0       0       0       0       0       0       0       0       0       0       0
      Totals:         0       0       0       0       0       0       0       0       0       0       0       0       0       0
Total ram usage:        0 bytes
 Hardware stack levels used:    1
 Hardware stack levels required when called:    1
 This function calls:
		Absolute function
		_TMR0_DefaultInterruptHandler
		_tmr_fire
 This function is called by:
		_TMR0_ISR
 This function uses a non-reentrant model


 *************** function _TMR0_DefaultInterruptHandler *****************
 Defined at:
		line 171 in file "mcc_generated_files/tmr0.c"
 Parameters:    Size  Location     Type
		None
 Auto vars:     Size  Location     Type
		None
 Return value:  Size  Location     Type
                  1    wreg      void 
 Registers used:
		None
 Tracked objects:
		On entry : 
		On exit  : 
		Unchanged: 
 Data sizes:     COMMON   BANK0   BANK1   BANK2   BANK3   BANK4   BANK5   BANK6   BANK7   BANK8   BANK9  BANK10  BANK11  BANK12
      Params:         0       0       0       0       0       0       0       0       0       0       0       0       0       0
      Locals:         0       0       0       0       0       0       0       0       0       0       0       0       0       0
      Temps:          0       0       0       0       0       0       0       0       0       0       0       0       0       0
      Totals:         0       0       0       0       0       0       0       0       0       0       0       0       0       0
Total ram usage:        0 bytes
 Hardware stack levels used:    1
 This function calls:
		Nothing
 This function is called by:
		_TMR0_Initialize
		_TMR0_CallBack
 This function uses a non-reentrant model


 *************** function _tmr_fire *****************
 Defined at:
		line 70 in file "main.c"
 Parameters:    Size  Location     Type
		None
 Auto vars:     Size  Location     Type
		None
 Return value:  Size  Location     Type
                  1    wreg      void 
 Registers used:
		wreg
 Tracked objects:
		On entry : 
		On exit  : 
		Unchanged: 
 Data sizes:     COMMON   BANK0   BANK1   BANK2   BANK3   BANK4   BANK5   BANK6   BANK7   BANK8   BANK9  BANK10  BANK11  BANK12
      Params:         0       0       0       0       0       0       0       0       0       0       0       0       0       0
      Locals:         0       0       0       0       0       0       0       0       0       0       0       0       0       0
      Temps:          0       0       0       0       0       0       0       0       0       0       0       0       0       0
      Totals:         0       0       0       0       0       0       0       0       0       0       0       0       0       0
Total ram usage:        0 bytes
 Hardware stack levels used:    1
 This function calls:
		Nothing
 This function is called by:
		_main
		_TMR0_CallBack
 This function uses a non-reentrant model



MODULE INFORMATION

Module		Function		Class		Link	Load	Size
mcc_generated_files/interrupt_manager.c
		_INTERRUPT_InterruptManager		CODE           	0004	0000	11

mcc_generated_files/interrupt_manager.c estimated size: 11

bmp280.c
		_interleave_data		CODE           	02BA	0000	46
		_bmp280_init   		CODE           	015A	0000	141
		_bmp280_soft_reset		CODE           	027F	0000	60
		_null_ptr_check		CODE           	0332	0000	35
		_bmp280_get_regs		CODE           	0239	0000	71
		_bmp280_set_regs		CODE           	00C7	0000	148
		_get_calib_param		CODE           	0033	0000	149

bmp280.c estimated size: 650

mcc_generated_files/tmr0.c
		_TMR0_SetInterruptHandler		CODE           	040D	0000	7
		_TMR0_DefaultInterruptHandler		CODE           	0428	0000	2
		_TMR0_CallBack 		CODE           	03D2	0000	12
		_TMR0_StartTimer		CODE           	0422	0000	4
		_TMR0_ISR      		CODE           	0372	0000	29
		_TMR0_Initialize		CODE           	038E	0000	28

mcc_generated_files/tmr0.c estimated size: 82

mcc_generated_files/pin_manager.c
		_PIN_MANAGER_Initialize		CODE           	02E7	0000	39

mcc_generated_files/pin_manager.c estimated size: 39

mcc_generated_files/adc.c
		_ADC_Initialize		CODE           	03F9	0000	9

mcc_generated_files/adc.c estimated size: 9

shared
		bmp280_compute_meas_time@startup		STRCODE        	0417	0000	5
		_uart          		STRCODE        	0000	0000	0
		__initialization		CODE           	0010	0000	32
		bmp280_compute_meas_time@period_per_osrs		STRCODE        	0413	0000	5
		_spi1_configuration		STRCODE        	041F	0000	4

shared estimated size: 46

mcc_generated_files/eusart1.c
		_EUSART1_Initialize		CODE           	03C7	0000	12

mcc_generated_files/eusart1.c estimated size: 12

mcc_generated_files/mcc.c
		_PMD_Initialize		CODE           	03F1	0000	9
		_OSCILLATOR_Initialize		CODE           	03E7	0000	11
		_SYSTEM_Initialize		CODE           	03A9	0000	19

mcc_generated_files/mcc.c estimated size: 39

main.c
		_BMP280_SPI_bus_write		CODE           	03DD	0000	11
		_main          		CODE           	030D	0000	38
		_BMP280_SPI_bus_read		CODE           	01E6	0000	84
		_tmr_fire      		CODE           	041B	0000	5
		_BMP280_delay_msek		CODE           	0427	0000	2

main.c estimated size: 140

