Microchip MPLAB XC8 Compiler V2.00 ()

Linker command line:

-W-3 --edf=C:\Program Files (x86)\Microchip\xc8\v2.00\pic\dat\en_msgs.txt \
  -cs -h+dist/default/production\flightsketch-firmware.production.sym \
  --cmf=dist/default/production\flightsketch-firmware.production.cmf -z \
  -Q16F15325 -oC:\Users\russ\AppData\Local\Temp\s764.2 \
  -Mdist/default/production/flightsketch-firmware.production.map -E1 \
  -ver=XC8 -ASTACK=0215Eh-023efh -pstack=STACK -ACODE=00h-07FFhx4 \
  -ASTRCODE=00h-01FFFh -ASTRING=00h-0FFhx32 -ACONST=00h-0FFhx32 \
  -AENTRY=00h-0FFhx32 -ACOMMON=070h-07Fh -ABANK0=020h-06Fh \
  -ABANK1=0A0h-0EFh -ABANK2=0120h-016Fh -ABANK3=01A0h-01EFh \
  -ABANK4=0220h-026Fh -ABANK5=02A0h-02EFh -ABANK6=0320h-036Fh \
  -ABANK7=03A0h-03EFh -ABANK8=0420h-046Fh -ABANK9=04A0h-04EFh \
  -ABANK10=0520h-056Fh -ABANK11=05A0h-05EFh -ABANK12=0620h-064Fh \
  -ABIGRAM=02000h-023EFh \
  -ARAM=020h-06Fh,0A0h-0EFh,0120h-016Fh,01A0h-01EFh,0220h-026Fh,02A0h-02EFh,0320h-036Fh,03A0h-03EFh,0420h-046Fh,04A0h-04EFh,0520h-056Fh,05A0h-05EFh,0620h-064Fh \
  -AABS1=020h-07Fh,0A0h-0EFh,0120h-016Fh,01A0h-01EFh,0220h-026Fh,02A0h-02EFh,0320h-036Fh,03A0h-03EFh,0420h-046Fh,04A0h-04EFh,0520h-056Fh,05A0h-05EFh,0620h-064Fh \
  -ASFR0=00h-01Fh -ASFR1=080h-09Fh -ASFR2=0100h-011Fh -ASFR3=0180h-019Fh \
  -ASFR4=0200h-021Fh -ASFR5=0280h-029Fh -ASFR6=0300h-031Fh \
  -ASFR7=0380h-039Fh -ASFR8=0400h-041Fh -ASFR9=0480h-049Fh \
  -ASFR10=0500h-051Fh -ASFR11=0580h-059Fh -ASFR12=0600h-061Fh \
  -ASFR13=0680h-06EFh -ASFR14=0700h-076Fh -ASFR15=0780h-07EFh \
  -ASFR16=0800h-086Fh -ASFR17=0880h-08EFh -ASFR18=0900h-096Fh \
  -ASFR19=0980h-09EFh -ASFR20=0A00h-0A6Fh -ASFR21=0A80h-0AEFh \
  -ASFR22=0B00h-0B6Fh -ASFR23=0B80h-0BEFh -ASFR24=0C00h-0C6Fh \
  -ASFR25=0C80h-0CEFh -ASFR26=0D00h-0D6Fh -ASFR27=0D80h-0DEFh \
  -ASFR28=0E00h-0E6Fh -ASFR29=0E80h-0EEFh -ASFR30=0F00h-0F6Fh \
  -ASFR31=0F80h-0FEFh -ASFR32=01000h-0106Fh -ASFR33=01080h-010EFh \
  -ASFR34=01100h-0116Fh -ASFR35=01180h-011EFh -ASFR36=01200h-0126Fh \
  -ASFR37=01280h-012EFh -ASFR38=01300h-0136Fh -ASFR39=01380h-013EFh \
  -ASFR40=01400h-0146Fh -ASFR41=01480h-014EFh -ASFR42=01500h-0156Fh \
  -ASFR43=01580h-015EFh -ASFR44=01600h-0166Fh -ASFR45=01680h-016EFh \
  -ASFR46=01700h-0176Fh -ASFR47=01780h-017EFh -ASFR48=01800h-0186Fh \
  -ASFR49=01880h-018EFh -ASFR50=01900h-0196Fh -ASFR51=01980h-019EFh \
  -ASFR52=01A00h-01A6Fh -ASFR53=01A80h-01AEFh -ASFR54=01B00h-01B6Fh \
  -ASFR55=01B80h-01BEFh -ASFR56=01C00h-01C6Fh -ASFR57=01C80h-01CEFh \
  -ASFR58=01D00h-01D6Fh -ASFR59=01D80h-01DEFh -ASFR60=01E00h-01E6Fh \
  -ASFR61=01E80h-01EEFh -ASFR62=01F00h-01F6Fh -ASFR63=01F80h-01FEFh \
  -preset_vec=00h,intentry=04h,init,end_init -ppowerup=CODE -pcinit=CODE \
  -pfunctab=ENTRY -ACONFIG=08007h-0800Bh -pconfig=CONFIG -DCONFIG=2 \
  -AIDLOC=08000h-08003h -pidloc=IDLOC -DIDLOC=2 -DCODE=2 -DSTRCODE=2 \
  -DSTRING=2 -DCONST=2 -DENTRY=2 -k \
  C:\Users\russ\AppData\Local\Temp\s764.obj \
  dist/default/production\flightsketch-firmware.production.obj 

Object code version is 3.11

Machine type is 16F15325



                Name                               Link     Load   Length Selector   Space Scale
C:\Users\russ\AppData\Local\Temp\s764.obj
                end_init                              E        E        2        8       0
                reset_vec                             0        0        2        0       0
                config                             8007     8007        5    1000E       0
dist/default/production\flightsketch-firmware.production.obj
                cinit                                10       10       31        8       0
                intentry                              4        4        A        8       0
                text42                             163F     163F        7     2C7E       0
                text41                              8E5      8E5       52     11CA       0
                text40                             17A1     17A1       2F     2F42       0
                text39                             1708     1708       25     2E10       0
                text38                               41       41      3CE        8       0
                text37                              40F      40F      19E        8       0
                text36                              EDE      EDE      122     1DBC       0
                text35                             1661     1661        B     2CC2       0
                text34                              9F1      9F1       73     13E2       0
                text33                              89A      89A       4B     1134       0
                text32                              72F      72F       B4        8       0
                text31                              5AD      5AD      182        8       0
                text30                              7FF      7FF        1        8       0
                text29                             166C     166C        B     2CD8       0
                text28                             16AF     16AF       1C     2D5E       0
                text26                             164E     164E        9     2C9C       0
                text25                             1677     1677        B     2CEE       0
                text24                             1657     1657        A     2CAE       0
                text23                             1753     1753       27     2EA6       0
                text22                             1646     1646        8     2C8C       0
                text21                             162D     162D        6     2C5A       0
                text20                              800      800       1C     1000       0
                text19                             169D     169D       12     2D3A       0
                text18                             1626     1626        3     2C4C       0
                text17                             1682     1682        C     2D04       0
                text16                              A64      A64       8C     14C8       0
                text15                             172D     172D       26     2E5A       0
                text14                              937      937       58     126E       0
                text13                              AF0      AF0       8C     15E0       0
                text12                             177A     177A       27     2EF4       0
                text11                              81C      81C       37     1038       0
                text10                             17D0     17D0       30     2FA0       0
                text9                               C13      C13       98     1826       0
                text8                               853      853       47     10A6       0
                text7                               D4F      D4F       A8     1A9E       0
                text6                               B7C      B7C       97     16F8       0
                text5                               DF7      DF7       E7     1BEE       0
                text4                              168E     168E        F     2D1C       0
                text3                              16E9     16E9       1F     2DD2       0
                text2                               7E3      7E3       1C        8       0
                text1                               98F      98F       62     131E       0
                maintext                            CAB      CAB       A4     1956       0
                cstackBANK0                          20       20       46       20       1
                cstackCOMMON                         70       70        E       70       1
                cstackBANK1                          A0       A0       36       A0       1
                cstackBANK2                         120      120       49      120       1
                cstackBANK3                         1E2      1E2        8      1A0       1
                clrtext                            1633     1633        6     2C66       0
                inittext                           1639     1639        6     2C72       0
                dataBANK4                           220      220       1E      220       1
                bssBANK3                            1A0      1A0       42      1A0       1
                dataBANK2                           169      169        4      120       1
                bssBANK2                            16D      16D        2      120       1
                bssBANK1                             DA       DA        4       A0       1
                bssBANK0                             66       66        6       20       1
                nvBANK1                              D6       D6        4       A0       1
                stringtext4                        1816     1816        4     3000       0
                stringtext3                        1812     1812        4     3000       0
                stringtext2                        180C     180C        6     3000       0
                stringtext1                        1800     1800        C     3000       0
                idataBANK4                         16CB     16CB       1E     2D96       0
                idataBANK2                         1629     1629        4     2C52       0

TOTAL           Name                               Link     Load   Length     Space
        CLASS   STACK          

        CLASS   CODE           
                end_init                              E        E        2         0
                cinit                                10       10       31         0
                intentry                              4        4        A         0
                reset_vec                             0        0        2         0
                text42                             163F     163F        7         0
                text41                              8E5      8E5       52         0
                text40                             17A1     17A1       2F         0
                text39                             1708     1708       25         0
                text38                               41       41      3CE         0
                text37                              40F      40F      19E         0
                text36                              EDE      EDE      122         0
                text35                             1661     1661        B         0
                text34                              9F1      9F1       73         0
                text33                              89A      89A       4B         0
                text32                              72F      72F       B4         0
                text31                              5AD      5AD      182         0
                text30                              7FF      7FF        1         0
                text29                             166C     166C        B         0
                text28                             16AF     16AF       1C         0
                text26                             164E     164E        9         0
                text25                             1677     1677        B         0
                text24                             1657     1657        A         0
                text23                             1753     1753       27         0
                text22                             1646     1646        8         0
                text21                             162D     162D        6         0
                text20                              800      800       1C         0
                text19                             169D     169D       12         0
                text18                             1626     1626        3         0
                text17                             1682     1682        C         0
                text16                              A64      A64       8C         0
                text15                             172D     172D       26         0
                text14                              937      937       58         0
                text13                              AF0      AF0       8C         0
                text12                             177A     177A       27         0
                text11                              81C      81C       37         0
                text10                             17D0     17D0       30         0
                text9                               C13      C13       98         0
                text8                               853      853       47         0
                text7                               D4F      D4F       A8         0
                text6                               B7C      B7C       97         0
                text5                               DF7      DF7       E7         0
                text4                              168E     168E        F         0
                text3                              16E9     16E9       1F         0
                text2                               7E3      7E3       1C         0
                text1                               98F      98F       62         0
                maintext                            CAB      CAB       A4         0
                clrtext                            1633     1633        6         0
                inittext                           1639     1639        6         0
                idataBANK4                         16CB     16CB       1E         0
                idataBANK2                         1629     1629        4         0

        CLASS   STRCODE        
                stringtext4                        1816     1816        4         0
                stringtext3                        1812     1812        4         0
                stringtext2                        180C     180C        6         0
                stringtext1                        1800     1800        C         0

        CLASS   STRING         

        CLASS   CONST          

        CLASS   ENTRY          

        CLASS   COMMON         
                cstackCOMMON                         70       70        E         1

        CLASS   BANK0          
                cstackBANK0                          20       20       46         1
                bssBANK0                             66       66        6         1

        CLASS   BANK1          
                cstackBANK1                          A0       A0       36         1
                bssBANK1                             DA       DA        4         1
                nvBANK1                              D6       D6        4         1

        CLASS   BANK2          
                cstackBANK2                         120      120       49         1
                dataBANK2                           169      169        4         1
                bssBANK2                            16D      16D        2         1

        CLASS   BANK3          
                cstackBANK3                         1E2      1E2        8         1
                bssBANK3                            1A0      1A0       42         1

        CLASS   BANK4          
                dataBANK4                           220      220       1E         1

        CLASS   BANK5          

        CLASS   BANK6          

        CLASS   BANK7          

        CLASS   BANK8          

        CLASS   BANK9          

        CLASS   BANK10         

        CLASS   BANK11         

        CLASS   BANK12         

        CLASS   BIGRAM         

        CLASS   RAM            

        CLASS   ABS1           
                abs_s1                               7E       7E        2         1

        CLASS   SFR0           

        CLASS   SFR1           

        CLASS   SFR2           

        CLASS   SFR3           

        CLASS   SFR4           

        CLASS   SFR5           

        CLASS   SFR6           

        CLASS   SFR7           

        CLASS   SFR8           

        CLASS   SFR9           

        CLASS   SFR10          

        CLASS   SFR11          

        CLASS   SFR12          

        CLASS   SFR13          

        CLASS   SFR14          

        CLASS   SFR15          

        CLASS   SFR16          

        CLASS   SFR17          

        CLASS   SFR18          

        CLASS   SFR19          

        CLASS   SFR20          

        CLASS   SFR21          

        CLASS   SFR22          

        CLASS   SFR23          

        CLASS   SFR24          

        CLASS   SFR25          

        CLASS   SFR26          

        CLASS   SFR27          

        CLASS   SFR28          

        CLASS   SFR29          

        CLASS   SFR30          

        CLASS   SFR31          

        CLASS   SFR32          

        CLASS   SFR33          

        CLASS   SFR34          

        CLASS   SFR35          

        CLASS   SFR36          

        CLASS   SFR37          

        CLASS   SFR38          

        CLASS   SFR39          

        CLASS   SFR40          

        CLASS   SFR41          

        CLASS   SFR42          

        CLASS   SFR43          

        CLASS   SFR44          

        CLASS   SFR45          

        CLASS   SFR46          

        CLASS   SFR47          

        CLASS   SFR48          

        CLASS   SFR49          

        CLASS   SFR50          

        CLASS   SFR51          

        CLASS   SFR52          

        CLASS   SFR53          

        CLASS   SFR54          

        CLASS   SFR55          

        CLASS   SFR56          

        CLASS   SFR57          

        CLASS   SFR58          

        CLASS   SFR59          

        CLASS   SFR60          

        CLASS   SFR61          

        CLASS   SFR62          

        CLASS   SFR63          

        CLASS   CONFIG         
                config                             8007     8007        5         0

        CLASS   IDLOC          

        CLASS   BANK63         

        CLASS   BANK62         

        CLASS   BANK61         

        CLASS   BANK60         

        CLASS   BANK59         

        CLASS   BANK58         

        CLASS   BANK57         

        CLASS   BANK56         

        CLASS   BANK55         

        CLASS   BANK54         

        CLASS   BANK53         

        CLASS   BANK52         

        CLASS   BANK51         

        CLASS   BANK50         

        CLASS   BANK49         

        CLASS   BANK48         

        CLASS   BANK47         

        CLASS   BANK46         

        CLASS   BANK45         

        CLASS   BANK44         

        CLASS   BANK43         

        CLASS   BANK42         

        CLASS   BANK41         

        CLASS   BANK40         

        CLASS   BANK39         

        CLASS   BANK38         

        CLASS   BANK37         

        CLASS   BANK36         

        CLASS   BANK35         

        CLASS   BANK34         

        CLASS   BANK33         

        CLASS   BANK32         

        CLASS   BANK31         

        CLASS   BANK30         

        CLASS   BANK29         

        CLASS   BANK28         

        CLASS   BANK27         

        CLASS   BANK26         

        CLASS   BANK25         

        CLASS   BANK24         

        CLASS   BANK23         

        CLASS   BANK22         

        CLASS   BANK21         

        CLASS   BANK20         

        CLASS   BANK19         

        CLASS   BANK18         

        CLASS   BANK17         

        CLASS   BANK16         

        CLASS   BANK15         

        CLASS   BANK14         

        CLASS   BANK13         

        CLASS   EEDATA         



SEGMENTS        Name                           Load    Length   Top    Selector   Space  Class     Delta

                reset_vec                      000000  000002  000002         0       0  CODE        2
                intentry                       000004  0007FC  000800         8       0  CODE        2
                cstackBANK0                    000020  00004C  00006C        20       1  BANK0       1
                cstackCOMMON                   000070  00000E  00007E        70       1  COMMON      1
                cstackBANK1                    0000A0  00003E  0000DE        A0       1  BANK1       1
                cstackBANK2                    000120  00004F  00016F       120       1  BANK2       1
                bssBANK3                       0001A0  00004A  0001EA       1A0       1  BANK3       1
                dataBANK4                      000220  00001E  00023E       220       1  BANK4       1
                text20                         000800  00001C  00081C      1000       0  CODE        2
                text11                         00081C  000037  000853      1038       0  CODE        2
                text8                          000853  000047  00089A      10A6       0  CODE        2
                text33                         00089A  00004B  0008E5      1134       0  CODE        2
                text41                         0008E5  000052  000937      11CA       0  CODE        2
                text14                         000937  000058  00098F      126E       0  CODE        2
                text1                          00098F  000062  0009F1      131E       0  CODE        2
                text34                         0009F1  000073  000A64      13E2       0  CODE        2
                text16                         000A64  00008C  000AF0      14C8       0  CODE        2
                text13                         000AF0  00008C  000B7C      15E0       0  CODE        2
                text6                          000B7C  000097  000C13      16F8       0  CODE        2
                text9                          000C13  000098  000CAB      1826       0  CODE        2
                maintext                       000CAB  0000A4  000D4F      1956       0  CODE        2
                text7                          000D4F  0000A8  000DF7      1A9E       0  CODE        2
                text5                          000DF7  0000E7  000EDE      1BEE       0  CODE        2
                text36                         000EDE  000122  001000      1DBC       0  CODE        2
                text18                         001626  000003  001629      2C4C       0  CODE        2
                idataBANK2                     001629  000004  00162D      2C52       0  CODE        2
                text21                         00162D  000006  001633      2C5A       0  CODE        2
                clrtext                        001633  000006  001639      2C66       0  CODE        2
                inittext                       001639  000006  00163F      2C72       0  CODE        2
                text42                         00163F  000007  001646      2C7E       0  CODE        2
                text22                         001646  000008  00164E      2C8C       0  CODE        2
                text26                         00164E  000009  001657      2C9C       0  CODE        2
                text24                         001657  00000A  001661      2CAE       0  CODE        2
                text35                         001661  00000B  00166C      2CC2       0  CODE        2
                text29                         00166C  00000B  001677      2CD8       0  CODE        2
                text25                         001677  00000B  001682      2CEE       0  CODE        2
                text17                         001682  00000C  00168E      2D04       0  CODE        2
                text4                          00168E  00000F  00169D      2D1C       0  CODE        2
                text19                         00169D  000012  0016AF      2D3A       0  CODE        2
                text28                         0016AF  00001C  0016CB      2D5E       0  CODE        2
                idataBANK4                     0016CB  00001E  0016E9      2D96       0  CODE        2
                text3                          0016E9  00001F  001708      2DD2       0  CODE        2
                text39                         001708  000025  00172D      2E10       0  CODE        2
                text15                         00172D  000026  001753      2E5A       0  CODE        2
                text23                         001753  000027  00177A      2EA6       0  CODE        2
                text12                         00177A  000027  0017A1      2EF4       0  CODE        2
                text40                         0017A1  00002F  0017D0      2F42       0  CODE        2
                text10                         0017D0  000030  001800      2FA0       0  CODE        2
                stringtext1                    001800  00001A  00181A      3000       0  STRCODE     2
                config                         008007  000005  00800C     1000E       0  CONFIG      2


UNUSED ADDRESS RANGES

        Name                Unused          Largest block    Delta
        BANK0            0006C-0006F               4           1
        BANK1            000DE-000EF              12           1
        BANK10           00520-0056F              50           1
        BANK11           005A0-005EF              50           1
        BANK12           00620-0064F              30           1
        BANK2            0016F-0016F               1           1
        BANK3            001EA-001EF               6           1
        BANK4            0023E-0026F              32           1
        BANK5            002A0-002EF              50           1
        BANK6            00320-0036F              50           1
        BANK7            003A0-003EF              50           1
        BANK8            00420-0046F              50           1
        BANK9            004A0-004EF              50           1
        BIGRAM           02000-023EF             3F0           1
        CODE             00002-00003               2           2
                         01000-01625             626
                         0181A-01FFF             7E6
        CONST            00002-00003               2           2
                         01000-01625             100
                         0181A-01FFF             100
        ENTRY            00002-00003               2           2
                         01000-01625             100
                         0181A-01FFF             100
        IDLOC            08000-08003               4           2
        RAM              0006C-0006F               4           1
                         000DE-000EF              12
                         0016F-0016F               1
                         001EA-001EF               6
                         0023E-0026F              32
                         002A0-002EF              50
                         00320-0036F              50
                         003A0-003EF              50
                         00420-0046F              50
                         004A0-004EF              50
                         00520-0056F              50
                         005A0-005EF              50
                         00620-0064F              30
        SFR0             00000-0001F              20           1
        SFR1             00080-0009F              20           1
        SFR10            00500-0051F              20           1
        SFR11            00580-0059F              20           1
        SFR12            00600-0061F              20           1
        SFR13            00680-006EF              70           1
        SFR14            00700-0076F              70           1
        SFR15            00780-007EF              70           1
        SFR16            00800-0086F              70           1
        SFR17            00880-008EF              70           1
        SFR18            00900-0096F              70           1
        SFR19            00980-009EF              70           1
        SFR2             00100-0011F              20           1
        SFR20            00A00-00A6F              70           1
        SFR21            00A80-00AEF              70           1
        SFR22            00B00-00B6F              70           1
        SFR23            00B80-00BEF              70           1
        SFR24            00C00-00C6F              70           1
        SFR25            00C80-00CEF              70           1
        SFR26            00D00-00D6F              70           1
        SFR27            00D80-00DEF              70           1
        SFR28            00E00-00E6F              70           1
        SFR29            00E80-00EEF              70           1
        SFR3             00180-0019F              20           1
        SFR30            00F00-00F6F              70           1
        SFR31            00F80-00FEF              70           1
        SFR32            01000-0106F              70           1
        SFR33            01080-010EF              70           1
        SFR34            01100-0116F              70           1
        SFR35            01180-011EF              70           1
        SFR36            01200-0126F              70           1
        SFR37            01280-012EF              70           1
        SFR38            01300-0136F              70           1
        SFR39            01380-013EF              70           1
        SFR4             00200-0021F              20           1
        SFR40            01400-0146F              70           1
        SFR41            01480-014EF              70           1
        SFR42            01500-0156F              70           1
        SFR43            01580-015EF              70           1
        SFR44            01600-0166F              70           1
        SFR45            01680-016EF              70           1
        SFR46            01700-0176F              70           1
        SFR47            01780-017EF              70           1
        SFR48            01800-0186F              70           1
        SFR49            01880-018EF              70           1
        SFR5             00280-0029F              20           1
        SFR50            01900-0196F              70           1
        SFR51            01980-019EF              70           1
        SFR52            01A00-01A6F              70           1
        SFR53            01A80-01AEF              70           1
        SFR54            01B00-01B6F              70           1
        SFR55            01B80-01BEF              70           1
        SFR56            01C00-01C6F              70           1
        SFR57            01C80-01CEF              70           1
        SFR58            01D00-01D6F              70           1
        SFR59            01D80-01DEF              70           1
        SFR6             00300-0031F              20           1
        SFR60            01E00-01E6F              70           1
        SFR61            01E80-01EEF              70           1
        SFR62            01F00-01F6F              70           1
        SFR63            01F80-01FEF              70           1
        SFR7             00380-0039F              20           1
        SFR8             00400-0041F              20           1
        SFR9             00480-0049F              20           1
        STACK            0215E-023EF             292           1
        STRCODE          00002-00003               2           2
                         01000-01625             626
                         0181A-01FFF             7E6
        STRING           00002-00003               2           2
                         01000-01625             100
                         0181A-01FFF             100

                                  Symbol Table

?___lldiv                                        cstackCOMMON 00070
?___lmul                                         cstackCOMMON 00070
?___wmul                                         cstackBANK1  000B2
?_bmp280_comp_pres_32bit                         cstackBANK0  00020
?_bmp280_comp_temp_32bit                         cstackBANK0  00020
BMP280_SPI_bus_read@F6549                        dataBANK4    00220
BMP280_SPI_bus_read@array                        cstackBANK2  00120
BMP280_SPI_bus_read@cnt                          cstackBANK1  000B7
BMP280_SPI_bus_read@dev_addr                     cstackBANK1  000B3
BMP280_SPI_bus_read@i                            cstackBANK2  00143
BMP280_SPI_bus_read@iError                       cstackBANK2  0013E
BMP280_SPI_bus_read@reg_addr                     cstackBANK1  000B4
BMP280_SPI_bus_read@reg_data                     cstackBANK1  000B5
BMP280_SPI_bus_read@stringpos                    cstackBANK2  00142
BMP280_SPI_bus_write@cnt                         cstackBANK1  000B7
BMP280_SPI_bus_write@dev_addr                    cstackBANK1  000B3
BMP280_SPI_bus_write@i                           cstackBANK1  000BE
BMP280_SPI_bus_write@iError                      cstackBANK1  000BA
BMP280_SPI_bus_write@reg_addr                    cstackBANK1  000B4
BMP280_SPI_bus_write@reg_data                    cstackBANK1  000B5
BMP280_delay_msek@i                              cstackBANK1  000B6
BMP280_delay_msek@msek                           cstackBANK1  000B2
EUSART1_Write@txData                             cstackCOMMON 00070
TMR0_ISR@CountCallBack                           bssBANK1     000DA
TMR0_SetInterruptHandler@InterruptHandler        cstackBANK1  000B2
_ADACT                                           (abs)        0009F
_ADCON0                                          (abs)        0009D
_ADCON0bits                                      (abs)        0009D
_ADCON1                                          (abs)        0009E
_ADC_Initialize                                  text26       0164E
_ADRESH                                          (abs)        0009C
_ADRESL                                          (abs)        0009B
_ANSELA                                          (abs)        01F38
_ANSELC                                          (abs)        01F4E
_BAUD1CON                                        (abs)        0011F
_BMP280_SPI_bus_read                             text16       00A64
_BMP280_SPI_bus_read$intlevel0                   text16       00A68
_BMP280_SPI_bus_write                            text11       0081C
_BMP280_delay_msek                               text12       0177A
_EUSART1_Initialize                              text25       01677
_EUSART1_Read                                    (abs)        00000
_EUSART1_Write                                   text42       0163F
_EUSART1_is_rx_ready                             (abs)        00000
_EUSART1_is_tx_done                              (abs)        00000
_EUSART1_is_tx_ready                             (abs)        00000
_INTCONbits                                      (abs)        0000B
_INTERRUPT_InterruptManager                      intentry     00004
_LATA                                            (abs)        00018
_LATAbits                                        (abs)        00018
_LATC                                            (abs)        0001A
_ODCONA                                          (abs)        01F3A
_ODCONC                                          (abs)        01F50
_OSCCON1                                         (abs)        0088D
_OSCCON3                                         (abs)        0088F
_OSCEN                                           (abs)        00891
_OSCFRQ                                          (abs)        00893
_OSCILLATOR_Initialize                           text24       01657
_OSCSTAT                                         (abs)        00890
_OSCTUNE                                         (abs)        00892
_PIE0bits                                        (abs)        00716
_PIN_MANAGER_Initialize                          text23       01753
_PIR0bits                                        (abs)        0070C
_PIR3bits                                        (abs)        0070F
_PMD0                                            (abs)        00796
_PMD1                                            (abs)        00797
_PMD2                                            (abs)        00798
_PMD3                                            (abs)        00799
_PMD4                                            (abs)        0079A
_PMD5                                            (abs)        0079B
_PMD_Initialize                                  text22       01646
_RC0PPS                                          (abs)        01F20
_RC1REG                                          (abs)        00119
_RC1STA                                          (abs)        0011D
_RC1STAbits                                      (abs)        0011D
_RC2PPS                                          (abs)        01F22
_RC4PPS                                          (abs)        01F24
_RX1DTPPSbits                                    (abs)        01ECB
_SP1BRGH                                         (abs)        0011C
_SP1BRGL                                         (abs)        0011B
_SSP1ADD                                         (abs)        0018D
_SSP1BUF                                         (abs)        0018C
_SSP1CLKPPSbits                                  (abs)        01EC5
_SSP1CON1                                        (abs)        00190
_SSP1CON1bits                                    (abs)        00190
_SSP1CON2                                        (abs)        00191
_SSP1DATPPSbits                                  (abs)        01EC6
_SSP1STAT                                        (abs)        0018F
_SYSTEM_Initialize                               text19       0169D
_T0CON0                                          (abs)        0059E
_T0CON0bits                                      (abs)        0059E
_T0CON1                                          (abs)        0059F
_TMR0H                                           (abs)        0059D
_TMR0L                                           (abs)        0059C
_TMR0_CallBack                                   text29       0166C
_TMR0_DefaultInterruptHandler                    text30       007FF
_TMR0_ISR                                        text28       016AF
_TMR0_Initialize                                 text20       00800
_TMR0_InterruptHandler                           nvBANK1      000D6
_TMR0_SetInterruptHandler                        text21       0162D
_TMR0_StartTimer                                 text18       01626
_TRISA                                           (abs)        00012
_TRISC                                           (abs)        00014
_TRISCbits                                       (abs)        00014
_TX1REG                                          (abs)        0011A
_TX1STA                                          (abs)        0011E
_TX1STAbits                                      (abs)        0011E
_WPUA                                            (abs)        01F39
_WPUC                                            (abs)        01F4F
__CFG_BBEN$OFF                                   (abs)        00000
__CFG_BBSIZE$BB512                               (abs)        00000
__CFG_BOREN$ON                                   (abs)        00000
__CFG_BORV$LO                                    (abs)        00000
__CFG_CLKOUTEN$OFF                               (abs)        00000
__CFG_CP$OFF                                     (abs)        00000
__CFG_CSWEN$ON                                   (abs)        00000
__CFG_FCMEN$ON                                   (abs)        00000
__CFG_FEXTOSC$OFF                                (abs)        00000
__CFG_LPBOREN$OFF                                (abs)        00000
__CFG_LVP$ON                                     (abs)        00000
__CFG_MCLRE$ON                                   (abs)        00000
__CFG_PPS1WAY$ON                                 (abs)        00000
__CFG_PWRTE$OFF                                  (abs)        00000
__CFG_RSTOSC$HFINT1                              (abs)        00000
__CFG_SAFEN$OFF                                  (abs)        00000
__CFG_STVREN$ON                                  (abs)        00000
__CFG_WDTCCS$SC                                  (abs)        00000
__CFG_WDTCPS$WDTCPS_31                           (abs)        00000
__CFG_WDTCWS$WDTCWS_7                            (abs)        00000
__CFG_WDTE$OFF                                   (abs)        00000
__CFG_WRTAPP$OFF                                 (abs)        00000
__CFG_WRTB$OFF                                   (abs)        00000
__CFG_WRTC$OFF                                   (abs)        00000
__CFG_WRTSAF$OFF                                 (abs)        00000
__CFG_ZCD$OFF                                    (abs)        00000
__Habs1                                          abs1         00000
__Hbank0                                         bank0        00000
__Hbank1                                         bank1        00000
__Hbank10                                        bank10       00000
__Hbank11                                        bank11       00000
__Hbank12                                        bank12       00000
__Hbank13                                        bank13       00000
__Hbank14                                        bank14       00000
__Hbank15                                        bank15       00000
__Hbank16                                        bank16       00000
__Hbank17                                        bank17       00000
__Hbank18                                        bank18       00000
__Hbank19                                        bank19       00000
__Hbank2                                         bank2        00000
__Hbank20                                        bank20       00000
__Hbank21                                        bank21       00000
__Hbank22                                        bank22       00000
__Hbank23                                        bank23       00000
__Hbank24                                        bank24       00000
__Hbank25                                        bank25       00000
__Hbank26                                        bank26       00000
__Hbank27                                        bank27       00000
__Hbank28                                        bank28       00000
__Hbank29                                        bank29       00000
__Hbank3                                         bank3        00000
__Hbank30                                        bank30       00000
__Hbank31                                        bank31       00000
__Hbank32                                        bank32       00000
__Hbank33                                        bank33       00000
__Hbank34                                        bank34       00000
__Hbank35                                        bank35       00000
__Hbank36                                        bank36       00000
__Hbank37                                        bank37       00000
__Hbank38                                        bank38       00000
__Hbank39                                        bank39       00000
__Hbank4                                         bank4        00000
__Hbank40                                        bank40       00000
__Hbank41                                        bank41       00000
__Hbank42                                        bank42       00000
__Hbank43                                        bank43       00000
__Hbank44                                        bank44       00000
__Hbank45                                        bank45       00000
__Hbank46                                        bank46       00000
__Hbank47                                        bank47       00000
__Hbank48                                        bank48       00000
__Hbank49                                        bank49       00000
__Hbank5                                         bank5        00000
__Hbank50                                        bank50       00000
__Hbank51                                        bank51       00000
__Hbank52                                        bank52       00000
__Hbank53                                        bank53       00000
__Hbank54                                        bank54       00000
__Hbank55                                        bank55       00000
__Hbank56                                        bank56       00000
__Hbank57                                        bank57       00000
__Hbank58                                        bank58       00000
__Hbank59                                        bank59       00000
__Hbank6                                         bank6        00000
__Hbank60                                        bank60       00000
__Hbank61                                        bank61       00000
__Hbank62                                        bank62       00000
__Hbank63                                        bank63       00000
__Hbank7                                         bank7        00000
__Hbank8                                         bank8        00000
__Hbank9                                         bank9        00000
__Hbigram                                        bigram       00000
__HbssBANK0                                      bssBANK0     00000
__HbssBANK1                                      bssBANK1     00000
__HbssBANK2                                      bssBANK2     00000
__HbssBANK3                                      bssBANK3     00000
__Hcinit                                         cinit        00041
__Hclrtext                                       clrtext      00000
__Hcode                                          code         00000
__Hcommon                                        common       00000
__Hconfig                                        config       0800C
__HcstackBANK0                                   cstackBANK0  00000
__HcstackBANK1                                   cstackBANK1  00000
__HcstackBANK2                                   cstackBANK2  00000
__HcstackBANK3                                   cstackBANK3  00000
__HcstackCOMMON                                  cstackCOMMON 00000
__HdataBANK2                                     dataBANK2    00000
__HdataBANK4                                     dataBANK4    00000
__Heeprom_data                                   eeprom_data  00000
__Hend_init                                      end_init     00010
__Hfunctab                                       functab      00000
__HidataBANK2                                    idataBANK2   00000
__HidataBANK4                                    idataBANK4   00000
__Hidloc                                         idloc        00000
__Hinit                                          init         0000E
__Hinittext                                      inittext     00000
__Hintentry                                      intentry     0000E
__Hmaintext                                      maintext     00000
__HnvBANK1                                       nvBANK1      00000
__Hpowerup                                       powerup      00000
__Hram                                           ram          00000
__Hreset_vec                                     reset_vec    00002
__Hsfr0                                          sfr0         00000
__Hsfr1                                          sfr1         00000
__Hsfr10                                         sfr10        00000
__Hsfr11                                         sfr11        00000
__Hsfr12                                         sfr12        00000
__Hsfr13                                         sfr13        00000
__Hsfr14                                         sfr14        00000
__Hsfr15                                         sfr15        00000
__Hsfr16                                         sfr16        00000
__Hsfr17                                         sfr17        00000
__Hsfr18                                         sfr18        00000
__Hsfr19                                         sfr19        00000
__Hsfr2                                          sfr2         00000
__Hsfr20                                         sfr20        00000
__Hsfr21                                         sfr21        00000
__Hsfr22                                         sfr22        00000
__Hsfr23                                         sfr23        00000
__Hsfr24                                         sfr24        00000
__Hsfr25                                         sfr25        00000
__Hsfr26                                         sfr26        00000
__Hsfr27                                         sfr27        00000
__Hsfr28                                         sfr28        00000
__Hsfr29                                         sfr29        00000
__Hsfr3                                          sfr3         00000
__Hsfr30                                         sfr30        00000
__Hsfr31                                         sfr31        00000
__Hsfr32                                         sfr32        00000
__Hsfr33                                         sfr33        00000
__Hsfr34                                         sfr34        00000
__Hsfr35                                         sfr35        00000
__Hsfr36                                         sfr36        00000
__Hsfr37                                         sfr37        00000
__Hsfr38                                         sfr38        00000
__Hsfr39                                         sfr39        00000
__Hsfr4                                          sfr4         00000
__Hsfr40                                         sfr40        00000
__Hsfr41                                         sfr41        00000
__Hsfr42                                         sfr42        00000
__Hsfr43                                         sfr43        00000
__Hsfr44                                         sfr44        00000
__Hsfr45                                         sfr45        00000
__Hsfr46                                         sfr46        00000
__Hsfr47                                         sfr47        00000
__Hsfr48                                         sfr48        00000
__Hsfr49                                         sfr49        00000
__Hsfr5                                          sfr5         00000
__Hsfr50                                         sfr50        00000
__Hsfr51                                         sfr51        00000
__Hsfr52                                         sfr52        00000
__Hsfr53                                         sfr53        00000
__Hsfr54                                         sfr54        00000
__Hsfr55                                         sfr55        00000
__Hsfr56                                         sfr56        00000
__Hsfr57                                         sfr57        00000
__Hsfr58                                         sfr58        00000
__Hsfr59                                         sfr59        00000
__Hsfr6                                          sfr6         00000
__Hsfr60                                         sfr60        00000
__Hsfr61                                         sfr61        00000
__Hsfr62                                         sfr62        00000
__Hsfr63                                         sfr63        00000
__Hsfr7                                          sfr7         00000
__Hsfr8                                          sfr8         00000
__Hsfr9                                          sfr9         00000
__Hspace_0                                       (abs)        0800C
__Hspace_1                                       (abs)        0023E
__Hspace_2                                       (abs)        00000
__Hspace_3                                       (abs)        00000
__Hstack                                         stack        00000
__Hstrings                                       strings      00000
__Hstringtext1                                   stringtext1  00000
__Hstringtext2                                   stringtext2  00000
__Hstringtext3                                   stringtext3  00000
__Hstringtext4                                   stringtext4  00000
__Htext                                          text         00000
__Labs1                                          abs1         00000
__Lbank0                                         bank0        00000
__Lbank1                                         bank1        00000
__Lbank10                                        bank10       00000
__Lbank11                                        bank11       00000
__Lbank12                                        bank12       00000
__Lbank13                                        bank13       00000
__Lbank14                                        bank14       00000
__Lbank15                                        bank15       00000
__Lbank16                                        bank16       00000
__Lbank17                                        bank17       00000
__Lbank18                                        bank18       00000
__Lbank19                                        bank19       00000
__Lbank2                                         bank2        00000
__Lbank20                                        bank20       00000
__Lbank21                                        bank21       00000
__Lbank22                                        bank22       00000
__Lbank23                                        bank23       00000
__Lbank24                                        bank24       00000
__Lbank25                                        bank25       00000
__Lbank26                                        bank26       00000
__Lbank27                                        bank27       00000
__Lbank28                                        bank28       00000
__Lbank29                                        bank29       00000
__Lbank3                                         bank3        00000
__Lbank30                                        bank30       00000
__Lbank31                                        bank31       00000
__Lbank32                                        bank32       00000
__Lbank33                                        bank33       00000
__Lbank34                                        bank34       00000
__Lbank35                                        bank35       00000
__Lbank36                                        bank36       00000
__Lbank37                                        bank37       00000
__Lbank38                                        bank38       00000
__Lbank39                                        bank39       00000
__Lbank4                                         bank4        00000
__Lbank40                                        bank40       00000
__Lbank41                                        bank41       00000
__Lbank42                                        bank42       00000
__Lbank43                                        bank43       00000
__Lbank44                                        bank44       00000
__Lbank45                                        bank45       00000
__Lbank46                                        bank46       00000
__Lbank47                                        bank47       00000
__Lbank48                                        bank48       00000
__Lbank49                                        bank49       00000
__Lbank5                                         bank5        00000
__Lbank50                                        bank50       00000
__Lbank51                                        bank51       00000
__Lbank52                                        bank52       00000
__Lbank53                                        bank53       00000
__Lbank54                                        bank54       00000
__Lbank55                                        bank55       00000
__Lbank56                                        bank56       00000
__Lbank57                                        bank57       00000
__Lbank58                                        bank58       00000
__Lbank59                                        bank59       00000
__Lbank6                                         bank6        00000
__Lbank60                                        bank60       00000
__Lbank61                                        bank61       00000
__Lbank62                                        bank62       00000
__Lbank63                                        bank63       00000
__Lbank7                                         bank7        00000
__Lbank8                                         bank8        00000
__Lbank9                                         bank9        00000
__Lbigram                                        bigram       00000
__LbssBANK0                                      bssBANK0     00000
__LbssBANK1                                      bssBANK1     00000
__LbssBANK2                                      bssBANK2     00000
__LbssBANK3                                      bssBANK3     00000
__Lcinit                                         cinit        00010
__Lclrtext                                       clrtext      00000
__Lcode                                          code         00000
__Lcommon                                        common       00000
__Lconfig                                        config       08007
__LcstackBANK0                                   cstackBANK0  00000
__LcstackBANK1                                   cstackBANK1  00000
__LcstackBANK2                                   cstackBANK2  00000
__LcstackBANK3                                   cstackBANK3  00000
__LcstackCOMMON                                  cstackCOMMON 00000
__LdataBANK2                                     dataBANK2    00000
__LdataBANK4                                     dataBANK4    00000
__Leeprom_data                                   eeprom_data  00000
__Lend_init                                      end_init     0000E
__Lfunctab                                       functab      00000
__LidataBANK2                                    idataBANK2   00000
__LidataBANK4                                    idataBANK4   00000
__Lidloc                                         idloc        00000
__Linit                                          init         0000E
__Linittext                                      inittext     00000
__Lintentry                                      intentry     00004
__Lmaintext                                      maintext     00000
__LnvBANK1                                       nvBANK1      00000
__Lpowerup                                       powerup      00000
__Lram                                           ram          00000
__Lreset_vec                                     reset_vec    00000
__Lsfr0                                          sfr0         00000
__Lsfr1                                          sfr1         00000
__Lsfr10                                         sfr10        00000
__Lsfr11                                         sfr11        00000
__Lsfr12                                         sfr12        00000
__Lsfr13                                         sfr13        00000
__Lsfr14                                         sfr14        00000
__Lsfr15                                         sfr15        00000
__Lsfr16                                         sfr16        00000
__Lsfr17                                         sfr17        00000
__Lsfr18                                         sfr18        00000
__Lsfr19                                         sfr19        00000
__Lsfr2                                          sfr2         00000
__Lsfr20                                         sfr20        00000
__Lsfr21                                         sfr21        00000
__Lsfr22                                         sfr22        00000
__Lsfr23                                         sfr23        00000
__Lsfr24                                         sfr24        00000
__Lsfr25                                         sfr25        00000
__Lsfr26                                         sfr26        00000
__Lsfr27                                         sfr27        00000
__Lsfr28                                         sfr28        00000
__Lsfr29                                         sfr29        00000
__Lsfr3                                          sfr3         00000
__Lsfr30                                         sfr30        00000
__Lsfr31                                         sfr31        00000
__Lsfr32                                         sfr32        00000
__Lsfr33                                         sfr33        00000
__Lsfr34                                         sfr34        00000
__Lsfr35                                         sfr35        00000
__Lsfr36                                         sfr36        00000
__Lsfr37                                         sfr37        00000
__Lsfr38                                         sfr38        00000
__Lsfr39                                         sfr39        00000
__Lsfr4                                          sfr4         00000
__Lsfr40                                         sfr40        00000
__Lsfr41                                         sfr41        00000
__Lsfr42                                         sfr42        00000
__Lsfr43                                         sfr43        00000
__Lsfr44                                         sfr44        00000
__Lsfr45                                         sfr45        00000
__Lsfr46                                         sfr46        00000
__Lsfr47                                         sfr47        00000
__Lsfr48                                         sfr48        00000
__Lsfr49                                         sfr49        00000
__Lsfr5                                          sfr5         00000
__Lsfr50                                         sfr50        00000
__Lsfr51                                         sfr51        00000
__Lsfr52                                         sfr52        00000
__Lsfr53                                         sfr53        00000
__Lsfr54                                         sfr54        00000
__Lsfr55                                         sfr55        00000
__Lsfr56                                         sfr56        00000
__Lsfr57                                         sfr57        00000
__Lsfr58                                         sfr58        00000
__Lsfr59                                         sfr59        00000
__Lsfr6                                          sfr6         00000
__Lsfr60                                         sfr60        00000
__Lsfr61                                         sfr61        00000
__Lsfr62                                         sfr62        00000
__Lsfr63                                         sfr63        00000
__Lsfr7                                          sfr7         00000
__Lsfr8                                          sfr8         00000
__Lsfr9                                          sfr9         00000
__Lspace_0                                       (abs)        00000
__Lspace_1                                       (abs)        00000
__Lspace_2                                       (abs)        00000
__Lspace_3                                       (abs)        00000
__Lstack                                         stack        00000
__Lstrings                                       strings      00000
__Lstringtext1                                   stringtext1  00000
__Lstringtext2                                   stringtext2  00000
__Lstringtext3                                   stringtext3  00000
__Lstringtext4                                   stringtext4  00000
__Ltext                                          text         00000
__S0                                             (abs)        0800C
__S1                                             (abs)        0023E
__S2                                             (abs)        00000
___int_sp                                        stack        00000
___latbits                                       (abs)        00002
___lldiv                                         text41       008E5
___lldiv@counter                                 cstackCOMMON 0007D
___lldiv@dividend                                cstackCOMMON 00074
___lldiv@divisor                                 cstackCOMMON 00070
___lldiv@quotient                                cstackCOMMON 00079
___lmul                                          text40       017A1
___lmul@multiplicand                             cstackCOMMON 00074
___lmul@multiplier                               cstackCOMMON 00070
___lmul@product                                  cstackCOMMON 00078
___sp                                            stack        00000
___wmul                                          text2        007E3
___wmul@multiplicand                             cstackBANK1  000B4
___wmul@multiplier                               cstackBANK1  000B2
___wmul@product                                  cstackBANK1  000B6
__end_of_ADC_Initialize                          text26       01657
__end_of_BMP280_SPI_bus_read                     text16       00AF0
__end_of_BMP280_SPI_bus_write                    text11       00853
__end_of_BMP280_delay_msek                       text12       017A1
__end_of_EUSART1_Initialize                      text25       01682
__end_of_EUSART1_Write                           text42       01646
__end_of_INTERRUPT_InterruptManager              intentry     0000E
__end_of_OSCILLATOR_Initialize                   text24       01661
__end_of_PIN_MANAGER_Initialize                  text23       0177A
__end_of_PMD_Initialize                          text22       0164E
__end_of_SYSTEM_Initialize                       text19       016AF
__end_of_TMR0_CallBack                           text29       01677
__end_of_TMR0_DefaultInterruptHandler            text30       00800
__end_of_TMR0_ISR                                text28       016CB
__end_of_TMR0_Initialize                         text20       0081C
__end_of_TMR0_SetInterruptHandler                text21       01633
__end_of_TMR0_StartTimer                         text18       01629
__end_of___lldiv                                 text41       00937
__end_of___lmul                                  text40       017D0
__end_of___wmul                                  text2        007FF
__end_of__initialization                         cinit        0003D
__end_of_bmp280_comp_pres_32bit                  text38       0040F
__end_of_bmp280_comp_temp_32bit                  text37       005AD
__end_of_bmp280_compute_meas_time                text36       01000
__end_of_bmp280_get_config                       text13       00B7C
__end_of_bmp280_get_regs                         text14       0098F
__end_of_bmp280_get_uncomp_data                  text32       007E3
__end_of_bmp280_init                             text6        00C13
__end_of_bmp280_set_config                       text4        0169D
__end_of_bmp280_set_power_mode                   text3        01708
__end_of_bmp280_set_regs                         text9        00CAB
__end_of_bmp280_soft_reset                       text8        0089A
__end_of_conf_sensor                             text5        00EDE
__end_of_get_calib_param                         text7        00DF7
__end_of_interleave_data                         text10       01800
__end_of_main                                    maintext     00D4F
__end_of_null_ptr_check                          text15       01753
__end_of_spi1_configuration                      stringtext2  01812
__end_of_spi1_exchangeByte                       text17       0168E
__end_of_spi1_master_open                        text1        009F1
__end_of_tmr_fire                                text31       0072F
__end_of_uart                                    stringtext1  0180C
__end_ofbmp280_compute_meas_time@period_per_osrs stringtext3  01816
__end_ofbmp280_compute_meas_time@startup         stringtext4  0181A
__end_ofi1_BMP280_SPI_bus_read                   text34       00A64
__end_ofi1_bmp280_get_regs                       text33       008E5
__end_ofi1_null_ptr_check                        text39       0172D
__end_ofi1_spi1_exchangeByte                     text35       0166C
__initialization                                 cinit        00010
__pbssBANK0                                      bssBANK0     00066
__pbssBANK1                                      bssBANK1     000DA
__pbssBANK2                                      bssBANK2     0016D
__pbssBANK3                                      bssBANK3     001A0
__pcstackBANK0                                   cstackBANK0  00020
__pcstackBANK1                                   cstackBANK1  000A0
__pcstackBANK2                                   cstackBANK2  00120
__pcstackBANK3                                   cstackBANK3  001E2
__pcstackCOMMON                                  cstackCOMMON 00070
__pdataBANK2                                     dataBANK2    00169
__pdataBANK4                                     dataBANK4    00220
__pidataBANK2                                    idataBANK2   01629
__pidataBANK4                                    idataBANK4   016CB
__pintentry                                      intentry     00004
__pmaintext                                      maintext     00CAB
__pnvBANK1                                       nvBANK1      000D6
__pstringtext1                                   stringtext1  01800
__pstringtext2                                   stringtext2  0180C
__pstringtext3                                   stringtext3  01812
__pstringtext4                                   stringtext4  01816
__ptext1                                         text1        0098F
__ptext10                                        text10       017D0
__ptext11                                        text11       0081C
__ptext12                                        text12       0177A
__ptext13                                        text13       00AF0
__ptext14                                        text14       00937
__ptext15                                        text15       0172D
__ptext16                                        text16       00A64
__ptext17                                        text17       01682
__ptext18                                        text18       01626
__ptext19                                        text19       0169D
__ptext2                                         text2        007E3
__ptext20                                        text20       00800
__ptext21                                        text21       0162D
__ptext22                                        text22       01646
__ptext23                                        text23       01753
__ptext24                                        text24       01657
__ptext25                                        text25       01677
__ptext26                                        text26       0164E
__ptext28                                        text28       016AF
__ptext29                                        text29       0166C
__ptext3                                         text3        016E9
__ptext30                                        text30       007FF
__ptext31                                        text31       005AD
__ptext32                                        text32       0072F
__ptext33                                        text33       0089A
__ptext34                                        text34       009F1
__ptext35                                        text35       01661
__ptext36                                        text36       00EDE
__ptext37                                        text37       0040F
__ptext38                                        text38       00041
__ptext39                                        text39       01708
__ptext4                                         text4        0168E
__ptext40                                        text40       017A1
__ptext41                                        text41       008E5
__ptext42                                        text42       0163F
__ptext5                                         text5        00DF7
__ptext6                                         text6        00B7C
__ptext7                                         text7        00D4F
__ptext8                                         text8        00853
__ptext9                                         text9        00C13
__size_of_ADC_Initialize                         (abs)        00000
__size_of_BMP280_SPI_bus_read                    (abs)        00000
__size_of_BMP280_SPI_bus_write                   (abs)        00000
__size_of_BMP280_delay_msek                      (abs)        00000
__size_of_EUSART1_Initialize                     (abs)        00000
__size_of_EUSART1_Write                          (abs)        00000
__size_of_INTERRUPT_InterruptManager             (abs)        00000
__size_of_OSCILLATOR_Initialize                  (abs)        00000
__size_of_PIN_MANAGER_Initialize                 (abs)        00000
__size_of_PMD_Initialize                         (abs)        00000
__size_of_SYSTEM_Initialize                      (abs)        00000
__size_of_TMR0_CallBack                          (abs)        00000
__size_of_TMR0_DefaultInterruptHandler           (abs)        00000
__size_of_TMR0_ISR                               (abs)        00000
__size_of_TMR0_Initialize                        (abs)        00000
__size_of_TMR0_SetInterruptHandler               (abs)        00000
__size_of_TMR0_StartTimer                        (abs)        00000
__size_of___lldiv                                (abs)        00000
__size_of___lmul                                 (abs)        00000
__size_of___wmul                                 (abs)        00000
__size_of_bmp280_comp_pres_32bit                 (abs)        00000
__size_of_bmp280_comp_temp_32bit                 (abs)        00000
__size_of_bmp280_compute_meas_time               (abs)        00000
__size_of_bmp280_get_config                      (abs)        00000
__size_of_bmp280_get_regs                        (abs)        00000
__size_of_bmp280_get_uncomp_data                 (abs)        00000
__size_of_bmp280_init                            (abs)        00000
__size_of_bmp280_set_config                      (abs)        00000
__size_of_bmp280_set_power_mode                  (abs)        00000
__size_of_bmp280_set_regs                        (abs)        00000
__size_of_bmp280_soft_reset                      (abs)        00000
__size_of_conf_sensor                            (abs)        00000
__size_of_get_calib_param                        (abs)        00000
__size_of_interleave_data                        (abs)        00000
__size_of_main                                   (abs)        00000
__size_of_null_ptr_check                         (abs)        00000
__size_of_spi1_exchangeByte                      (abs)        00000
__size_of_spi1_master_open                       (abs)        00000
__size_of_tmr_fire                               (abs)        00000
__size_ofi1_BMP280_SPI_bus_read                  (abs)        00000
__size_ofi1_bmp280_get_regs                      (abs)        00000
__size_ofi1_null_ptr_check                       (abs)        00000
__size_ofi1_spi1_exchangeByte                    (abs)        00000
_bmp                                             bssBANK3     001B8
_bmp280_comp_pres_32bit                          text38       00041
_bmp280_comp_pres_32bit$1773                     cstackBANK0  00039
_bmp280_comp_temp_32bit                          text37       0040F
_bmp280_comp_temp_32bit$1772                     cstackBANK0  00045
_bmp280_compute_meas_time                        text36       00EDE
_bmp280_compute_meas_time$1111                   cstackBANK0  0003C
_bmp280_get_config                               text13       00AF0
_bmp280_get_regs                                 text14       00937
_bmp280_get_uncomp_data                          text32       0072F
_bmp280_init                                     text6        00B7C
_bmp280_set_config                               text4        0168E
_bmp280_set_power_mode                           text3        016E9
_bmp280_set_regs                                 text9        00C13
_bmp280_soft_reset                               text8        00853
_conf_sensor                                     text5        00DF7
_get_calib_param                                 text7        00D4F
_interleave_data                                 text10       017D0
_main                                            maintext     00CAB
_null_ptr_check                                  text15       0172D
_spi1_configuration                              stringtext2  0180C
_spi1_exchangeByte                               text17       01682
_spi1_master_open                                text1        0098F
_timer0ReloadVal16bit                            nvBANK1      000D8
_tmr_fire                                        text31       005AD
bmp280_comp_pres_32bit@dev                       cstackBANK0  00024
bmp280_comp_pres_32bit@pressure                  cstackBANK0  00041
bmp280_comp_pres_32bit@rslt                      cstackBANK0  00038
bmp280_comp_pres_32bit@uncomp_pres               cstackBANK0  00020
bmp280_comp_pres_32bit@var1                      cstackBANK0  00045
bmp280_comp_pres_32bit@var2                      cstackBANK0  0003D
bmp280_comp_temp_32bit@dev                       cstackBANK0  00024
bmp280_comp_temp_32bit@rslt                      cstackBANK0  0004D
bmp280_comp_temp_32bit@temperature               cstackBANK0  00049
bmp280_comp_temp_32bit@uncomp_temp               cstackBANK0  00020
bmp280_comp_temp_32bit@var1                      cstackBANK0  0003D
bmp280_comp_temp_32bit@var2                      cstackBANK0  00041
bmp280_compute_meas_time@dev                     cstackBANK0  00043
bmp280_compute_meas_time@p_dur                   cstackBANK0  00034
[...]
		i1_bmp280_get_regs
		i1_null_ptr_check
 This function is called by:
		_tmr_fire
 This function uses a non-reentrant model


 *************** function i1_bmp280_get_regs *****************
 Defined at:
		line 114 in file "bmp280.c"
 Parameters:    Size  Location     Type
  reg_addr        1    wreg     unsigned char 
  reg_data        2   36[BANK0 ] PTR unsigned char 
		 -> conf_sensor@temp(2), get_calib_param@temp(24), bmp280_get_uncomp_data@temp(6), bmp280_get_power_mode@temp(1), 
		 -> bmp280_get_status@temp(1), bmp280_get_config@temp(2), bmp(42), 
  len             1   38[BANK0 ] unsigned char 
  dev             1   39[BANK0 ] PTR const struct bmp280_
		 -> bmp(42), 
 Auto vars:     Size  Location     Type
  reg_addr        1   40[BANK0 ] unsigned char 
  bmp280_get_r    1   41[BANK0 ] char 
 Return value:  Size  Location     Type
                  1    wreg      char 
 Registers used:
		wreg, fsr0l, fsr0h, fsr1l, fsr1h, status,2, status,0, pclath, cstack
 Tracked objects:
		On entry : 
		On exit  : 
		Unchanged: 
 Data sizes:     COMMON   BANK0   BANK1   BANK2   BANK3   BANK4   BANK5   BANK6   BANK7   BANK8   BANK9  BANK10  BANK11  BANK12
      Params:         0       4       0       0       0       0       0       0       0       0       0       0       0       0
      Locals:         0       2       0       0       0       0       0       0       0       0       0       0       0       0
      Temps:          3       0       0       0       0       0       0       0       0       0       0       0       0       0
      Totals:         3       6       0       0       0       0       0       0       0       0       0       0       0       0
Total ram usage:        9 bytes
 Hardware stack levels used:    1
 Hardware stack levels required when called:    2
 This function calls:
		i1_BMP280_SPI_bus_read
		i1_null_ptr_check
 This function is called by:
		_bmp280_get_uncomp_data
 This function uses a non-reentrant model


 *************** function i1_BMP280_SPI_bus_read *****************
 Defined at:
		line 39 in file "main.c"
 Parameters:    Size  Location     Type
  dev_addr        1    1[COMMON] unsigned char 
  reg_addr        1    2[COMMON] unsigned char 
  reg_data        2    3[COMMON] PTR unsigned char 
		 -> conf_sensor@temp(2), get_calib_param@temp(24), bmp280_get_uncomp_data@temp(6), bmp280_get_power_mode@temp(1), 
		 -> bmp280_get_status@temp(1), bmp280_get_config@temp(2), bmp(42), 
  cnt             1    5[COMMON] unsigned char 
 Auto vars:     Size  Location     Type
  BMP280_SPI_b   30    0[BANK0 ] char [30]
  BMP280_SPI_b    4   30[BANK0 ] long 
  BMP280_SPI_b    1   35[BANK0 ] unsigned char 
  BMP280_SPI_b    1   34[BANK0 ] unsigned char 
 Return value:  Size  Location     Type
                  1    wreg      char 
 Registers used:
		wreg, fsr0l, fsr0h, fsr1l, fsr1h, status,2, status,0, pclath, cstack
 Tracked objects:
		On entry : 
		On exit  : 
		Unchanged: 
 Data sizes:     COMMON   BANK0   BANK1   BANK2   BANK3   BANK4   BANK5   BANK6   BANK7   BANK8   BANK9  BANK10  BANK11  BANK12
      Params:         5       0       0       0       0       0       0       0       0       0       0       0       0       0
      Locals:         0      36       0       0       0       0       0       0       0       0       0       0       0       0
      Temps:          5       0       0       0       0       0       0       0       0       0       0       0       0       0
      Totals:        10      36       0       0       0       0       0       0       0       0       0       0       0       0
Total ram usage:       46 bytes
 Hardware stack levels used:    1
 Hardware stack levels required when called:    1
 This function calls:
		i1_spi1_exchangeByte
 This function is called by:
		i1_bmp280_get_regs
		_bmp280_get_regs
 This function uses a non-reentrant model


 *************** function i1_spi1_exchangeByte *****************
 Defined at:
		line 77 in file "mcc_generated_files/spi1_driver.c"
 Parameters:    Size  Location     Type
  b               1    wreg     unsigned char 
 Auto vars:     Size  Location     Type
  b               1    0[COMMON] unsigned char 
 Return value:  Size  Location     Type
                  1    wreg      unsigned char 
 Registers used:
		wreg
 Tracked objects:
		On entry : 
		On exit  : 
		Unchanged: 
 Data sizes:     COMMON   BANK0   BANK1   BANK2   BANK3   BANK4   BANK5   BANK6   BANK7   BANK8   BANK9  BANK10  BANK11  BANK12
      Params:         0       0       0       0       0       0       0       0       0       0       0       0       0       0
      Locals:         1       0       0       0       0       0       0       0       0       0       0       0       0       0
      Temps:          0       0       0       0       0       0       0       0       0       0       0       0       0       0
      Totals:         1       0       0       0       0       0       0       0       0       0       0       0       0       0
Total ram usage:        1 bytes
 Hardware stack levels used:    1
 This function calls:
		Nothing
 This function is called by:
		i1_BMP280_SPI_bus_read
 This function uses a non-reentrant model


 *************** function _bmp280_compute_meas_time *****************
 Defined at:
		line 559 in file "bmp280.c"
 Parameters:    Size  Location     Type
  dev             1    wreg     PTR const struct bmp280_
		 -> bmp(42), 
 Auto vars:     Size  Location     Type
  dev             1   35[BANK0 ] PTR const struct bmp280_
		 -> bmp(42), 
  period          4   31[BANK0 ] unsigned long 
  p_startup       4   24[BANK0 ] unsigned long 
  p_dur           4   20[BANK0 ] unsigned long 
  t_dur           4   16[BANK0 ] unsigned long 
  rslt            1   30[BANK0 ] char 
 Return value:  Size  Location     Type
                  1    wreg      unsigned char 
 Registers used:
		wreg, fsr0l, fsr0h, fsr1l, fsr1h, status,2, status,0, pclath, cstack
 Tracked objects:
		On entry : 
		On exit  : 
		Unchanged: 
 Data sizes:     COMMON   BANK0   BANK1   BANK2   BANK3   BANK4   BANK5   BANK6   BANK7   BANK8   BANK9  BANK10  BANK11  BANK12
      Params:         0       0       0       0       0       0       0       0       0       0       0       0       0       0
      Locals:         0      20       0       0       0       0       0       0       0       0       0       0       0       0
      Temps:          0      16       0       0       0       0       0       0       0       0       0       0       0       0
      Totals:         0      36       0       0       0       0       0       0       0       0       0       0       0       0
Total ram usage:       36 bytes
 Hardware stack levels used:    1
 Hardware stack levels required when called:    1
 This function calls:
		___lldiv
		___lmul
		i1_null_ptr_check
 This function is called by:
		_tmr_fire
 This function uses a non-reentrant model


 *************** function _bmp280_comp_temp_32bit *****************
 Defined at:
		line 385 in file "bmp280.c"
 Parameters:    Size  Location     Type
  uncomp_temp     4    0[BANK0 ] unsigned long 
  dev             1    4[BANK0 ] PTR struct bmp280_dev
		 -> bmp(42), 
 Auto vars:     Size  Location     Type
  temperature     4   41[BANK0 ] long 
  var2            4   33[BANK0 ] long 
  var1            4   29[BANK0 ] long 
  rslt            1   45[BANK0 ] char 
 Return value:  Size  Location     Type
                  4    0[BANK0 ] long 
 Registers used:
		wreg, fsr1l, fsr1h, status,2, status,0, pclath, cstack
 Tracked objects:
		On entry : 
		On exit  : 
		Unchanged: 
 Data sizes:     COMMON   BANK0   BANK1   BANK2   BANK3   BANK4   BANK5   BANK6   BANK7   BANK8   BANK9  BANK10  BANK11  BANK12
      Params:         0       5       0       0       0       0       0       0       0       0       0       0       0       0
      Locals:         0      17       0       0       0       0       0       0       0       0       0       0       0       0
      Temps:          0      24       0       0       0       0       0       0       0       0       0       0       0       0
      Totals:         0      46       0       0       0       0       0       0       0       0       0       0       0       0
Total ram usage:       46 bytes
 Hardware stack levels used:    1
 Hardware stack levels required when called:    1
 This function calls:
		___lmul
		i1_null_ptr_check
 This function is called by:
		_tmr_fire
 This function uses a non-reentrant model


 *************** function _bmp280_comp_pres_32bit *****************
 Defined at:
		line 412 in file "bmp280.c"
 Parameters:    Size  Location     Type
  uncomp_pres     4    0[BANK0 ] unsigned long 
  dev             1    4[BANK0 ] PTR const struct bmp280_
		 -> bmp(42), 
 Auto vars:     Size  Location     Type
  var1            4   37[BANK0 ] long 
  pressure        4   33[BANK0 ] unsigned long 
  var2            4   29[BANK0 ] long 
  rslt            1   24[BANK0 ] char 
 Return value:  Size  Location     Type
                  4    0[BANK0 ] unsigned long 
 Registers used:
		wreg, fsr1l, fsr1h, status,2, status,0, pclath, cstack
 Tracked objects:
		On entry : 
		On exit  : 
		Unchanged: 
 Data sizes:     COMMON   BANK0   BANK1   BANK2   BANK3   BANK4   BANK5   BANK6   BANK7   BANK8   BANK9  BANK10  BANK11  BANK12
      Params:         0       5       0       0       0       0       0       0       0       0       0       0       0       0
      Locals:         0      17       0       0       0       0       0       0       0       0       0       0       0       0
      Temps:          0      19       0       0       0       0       0       0       0       0       0       0       0       0
      Totals:         0      41       0       0       0       0       0       0       0       0       0       0       0       0
Total ram usage:       41 bytes
 Hardware stack levels used:    1
 Hardware stack levels required when called:    1
 This function calls:
		___lldiv
		___lmul
		i1_null_ptr_check
 This function is called by:
		_tmr_fire
 This function uses a non-reentrant model


 *************** function i1_null_ptr_check *****************
 Defined at:
		line 587 in file "bmp280.c"
 Parameters:    Size  Location     Type
  dev             1    wreg     PTR const struct bmp280_
		 -> bmp(42), 
 Auto vars:     Size  Location     Type
  dev             1    3[COMMON] PTR const struct bmp280_
		 -> bmp(42), 
  null_ptr_che    1    2[COMMON] char 
 Return value:  Size  Location     Type
                  1    wreg      char 
 Registers used:
		wreg, fsr1l, fsr1h, status,2, status,0
 Tracked objects:
		On entry : 
		On exit  : 
		Unchanged: 
 Data sizes:     COMMON   BANK0   BANK1   BANK2   BANK3   BANK4   BANK5   BANK6   BANK7   BANK8   BANK9  BANK10  BANK11  BANK12
      Params:         0       0       0       0       0       0       0       0       0       0       0       0       0       0
      Locals:         2       0       0       0       0       0       0       0       0       0       0       0       0       0
      Temps:          2       0       0       0       0       0       0       0       0       0       0       0       0       0
      Totals:         4       0       0       0       0       0       0       0       0       0       0       0       0       0
Total ram usage:        4 bytes
 Hardware stack levels used:    1
 This function calls:
		Nothing
 This function is called by:
		_bmp280_get_uncomp_data
		_bmp280_comp_temp_32bit
		_bmp280_comp_pres_32bit
		_bmp280_compute_meas_time
		i1_bmp280_get_regs
 This function uses a non-reentrant model


 *************** function ___lmul *****************
 Defined at:
		line 15 in file "C:\Program Files (x86)\Microchip\xc8\v2.00\pic\sources\c90\common\Umul32.c"
 Parameters:    Size  Location     Type
  multiplier      4    0[COMMON] unsigned long 
  multiplicand    4    4[COMMON] unsigned long 
 Auto vars:     Size  Location     Type
  product         4    8[COMMON] unsigned long 
 Return value:  Size  Location     Type
                  4    0[COMMON] unsigned long 
 Registers used:
		wreg, status,2, status,0
 Tracked objects:
		On entry : 
		On exit  : 
		Unchanged: 
 Data sizes:     COMMON   BANK0   BANK1   BANK2   BANK3   BANK4   BANK5   BANK6   BANK7   BANK8   BANK9  BANK10  BANK11  BANK12
      Params:         8       0       0       0       0       0       0       0       0       0       0       0       0       0
      Locals:         4       0       0       0       0       0       0       0       0       0       0       0       0       0
      Temps:          0       0       0       0       0       0       0       0       0       0       0       0       0       0
      Totals:        12       0       0       0       0       0       0       0       0       0       0       0       0       0
Total ram usage:       12 bytes
 Hardware stack levels used:    1
 This function calls:
		Nothing
 This function is called by:
		_bmp280_comp_temp_32bit
		_bmp280_comp_pres_32bit
		_bmp280_compute_meas_time
 This function uses a non-reentrant model


 *************** function ___lldiv *****************
 Defined at:
		line 5 in file "C:\Program Files (x86)\Microchip\xc8\v2.00\pic\sources\c90\common\__lldiv.c"
 Parameters:    Size  Location     Type
  divisor         4    0[COMMON] unsigned long 
  dividend        4    4[COMMON] unsigned long 
 Auto vars:     Size  Location     Type
  quotient        4    9[COMMON] unsigned long 
  counter         1   13[COMMON] unsigned char 
 Return value:  Size  Location     Type
                  4    0[COMMON] unsigned long 
 Registers used:
		wreg, status,2, status,0
 Tracked objects:
		On entry : 
		On exit  : 
		Unchanged: 
 Data sizes:     COMMON   BANK0   BANK1   BANK2   BANK3   BANK4   BANK5   BANK6   BANK7   BANK8   BANK9  BANK10  BANK11  BANK12
      Params:         8       0       0       0       0       0       0       0       0       0       0       0       0       0
      Locals:         5       0       0       0       0       0       0       0       0       0       0       0       0       0
      Temps:          1       0       0       0       0       0       0       0       0       0       0       0       0       0
      Totals:        14       0       0       0       0       0       0       0       0       0       0       0       0       0
Total ram usage:       14 bytes
 Hardware stack levels used:    1
 This function calls:
		Nothing
 This function is called by:
		_bmp280_comp_pres_32bit
		_bmp280_compute_meas_time
 This function uses a non-reentrant model


 *************** function _EUSART1_Write *****************
 Defined at:
		line 111 in file "mcc_generated_files/eusart1.c"
 Parameters:    Size  Location     Type
  txData          1    0[COMMON] unsigned char 
 Auto vars:     Size  Location     Type
		None
 Return value:  Size  Location     Type
                  1    wreg      void 
 Registers used:
		wreg
 Tracked objects:
		On entry : 
		On exit  : 
		Unchanged: 
 Data sizes:     COMMON   BANK0   BANK1   BANK2   BANK3   BANK4   BANK5   BANK6   BANK7   BANK8   BANK9  BANK10  BANK11  BANK12
      Params:         1       0       0       0       0       0       0       0       0       0       0       0       0       0
      Locals:         0       0       0       0       0       0       0       0       0       0       0       0       0       0
      Temps:          0       0       0       0       0       0       0       0       0       0       0       0       0       0
      Totals:         1       0       0       0       0       0       0       0       0       0       0       0       0       0
Total ram usage:        1 bytes
 Hardware stack levels used:    1
 This function calls:
		Nothing
 This function is called by:
		_tmr_fire
 This function uses a non-reentrant model



MODULE INFORMATION

Module		Function		Class		Link	Load	Size
mcc_generated_files/interrupt_manager.c
		_INTERRUPT_InterruptManager		CODE           	0004	0000	11

mcc_generated_files/interrupt_manager.c estimated size: 11

bmp280.c
		_interleave_data		CODE           	17D0	0000	49
		_bmp280_init   		CODE           	0B7C	0000	152
		_bmp280_get_config		CODE           	0AF0	0000	141
		_bmp280_set_config		CODE           	168E	0000	16
		_bmp280_set_power_mode		CODE           	16E9	0000	32
		_conf_sensor   		CODE           	0DF7	0000	232
		_bmp280_get_uncomp_data		CODE           	072F	0000	181
		_bmp280_soft_reset		CODE           	0853	0000	72
		_bmp280_compute_meas_time		CODE           	0EDE	0000	291
		_null_ptr_check		CODE           	172D	0000	39
		_bmp280_get_regs		CODE           	0937	0000	89
		_bmp280_set_regs		CODE           	0C13	0000	153
		_get_calib_param		CODE           	0D4F	0000	169
		_bmp280_comp_temp_32bit		CODE           	040F	0000	415
		_bmp280_comp_pres_32bit		CODE           	0041	0000	975

bmp280.c estimated size: 3006

mcc_generated_files/tmr0.c
		_TMR0_SetInterruptHandler		CODE           	162D	0000	7
		_TMR0_DefaultInterruptHandler		CODE           	07FF	0000	2
		_TMR0_CallBack 		CODE           	166C	0000	12
		_TMR0_StartTimer		CODE           	1626	0000	4
		_TMR0_ISR      		CODE           	16AF	0000	29
		_TMR0_Initialize		CODE           	0800	0000	29

mcc_generated_files/tmr0.c estimated size: 83

C:\Program Files (x86)\Microchip\xc8\v2.00\pic\sources\c90\common\Umul16.c
		___wmul        		CODE           	07E3	0000	29

C:\Program Files (x86)\Microchip\xc8\v2.00\pic\sources\c90\common\Umul16.c estimated size: 29

mcc_generated_files/pin_manager.c
		_PIN_MANAGER_Initialize		CODE           	1753	0000	40

mcc_generated_files/pin_manager.c estimated size: 40

mcc_generated_files/spi1_driver.c
		_spi1_master_open		CODE           	098F	0000	99
		_spi1_exchangeByte		CODE           	1682	0000	13

mcc_generated_files/spi1_driver.c estimated size: 112

mcc_generated_files/adc.c
		_ADC_Initialize		CODE           	164E	0000	10

mcc_generated_files/adc.c estimated size: 10

C:\Program Files (x86)\Microchip\xc8\v2.00\pic\sources\c90\common\__lldiv.c
		___lldiv       		CODE           	08E5	0000	83

C:\Program Files (x86)\Microchip\xc8\v2.00\pic\sources\c90\common\__lldiv.c estimated size: 83

C:\Program Files (x86)\Microchip\xc8\v2.00\pic\sources\c90\common\Umul32.c
		___lmul        		CODE           	17A1	0000	48

C:\Program Files (x86)\Microchip\xc8\v2.00\pic\sources\c90\common\Umul32.c estimated size: 48

shared
		bmp280_compute_meas_time@startup		STRCODE        	1816	0000	5
		i1_BMP280_SPI_bus_read		CODE           	09F1	0000	116
		_uart          		STRCODE        	0000	0000	0
		__initialization		CODE           	0010	0000	46
		i1_spi1_exchangeByte		CODE           	1661	0000	12
		i1_bmp280_get_regs		CODE           	089A	0000	76
		i1_null_ptr_check		CODE           	1708	0000	38
		bmp280_compute_meas_time@period_per_osrs		STRCODE        	1812	0000	5
		_spi1_configuration		STRCODE        	180C	0000	7

shared estimated size: 305

mcc_generated_files/eusart1.c
		_EUSART1_Initialize		CODE           	1677	0000	12
		_EUSART1_Write 		CODE           	163F	0000	8

mcc_generated_files/eusart1.c estimated size: 20

mcc_generated_files/mcc.c
		_PMD_Initialize		CODE           	1646	0000	9
		_OSCILLATOR_Initialize		CODE           	1657	0000	11
		_SYSTEM_Initialize		CODE           	169D	0000	19

mcc_generated_files/mcc.c estimated size: 39

main.c
		_BMP280_SPI_bus_write		CODE           	081C	0000	56
		_main          		CODE           	0CAB	0000	165
		_BMP280_SPI_bus_read		CODE           	0A64	0000	141
		_tmr_fire      		CODE           	05AD	0000	387
		_BMP280_delay_msek		CODE           	177A	0000	40

main.c estimated size: 789

