Microchip MPLAB XC8 Compiler V2.00 ()

Linker command line:

-W-3 --edf=C:\Program Files (x86)\Microchip\xc8\v2.00\pic\dat\en_msgs.txt \
  -cs -h+dist/default/production\flightsketch-firmware.production.sym \
  --cmf=dist/default/production\flightsketch-firmware.production.cmf -z \
  -Q16F15325 -oC:\Users\russ\AppData\Local\Temp\s738.2 \
  -Mdist/default/production/flightsketch-firmware.production.map -E1 \
  -ver=XC8 -ASTACK=020BEh-023efh -pstack=STACK -ACODE=00h-07FFhx4 \
  -ASTRCODE=00h-01FFFh -ASTRING=00h-0FFhx32 -ACONST=00h-0FFhx32 \
  -AENTRY=00h-0FFhx32 -ACOMMON=070h-07Fh -ABANK0=020h-06Fh \
  -ABANK1=0A0h-0EFh -ABANK2=0120h-016Fh -ABANK3=01A0h-01EFh \
  -ABANK4=0220h-026Fh -ABANK5=02A0h-02EFh -ABANK6=0320h-036Fh \
  -ABANK7=03A0h-03EFh -ABANK8=0420h-046Fh -ABANK9=04A0h-04EFh \
  -ABANK10=0520h-056Fh -ABANK11=05A0h-05EFh -ABANK12=0620h-064Fh \
  -ABIGRAM=02000h-023EFh \
  -ARAM=020h-06Fh,0A0h-0EFh,0120h-016Fh,01A0h-01EFh,0220h-026Fh,02A0h-02EFh,0320h-036Fh,03A0h-03EFh,0420h-046Fh,04A0h-04EFh,0520h-056Fh,05A0h-05EFh,0620h-064Fh \
  -AABS1=020h-07Fh,0A0h-0EFh,0120h-016Fh,01A0h-01EFh,0220h-026Fh,02A0h-02EFh,0320h-036Fh,03A0h-03EFh,0420h-046Fh,04A0h-04EFh,0520h-056Fh,05A0h-05EFh,0620h-064Fh \
  -ASFR0=00h-01Fh -ASFR1=080h-09Fh -ASFR2=0100h-011Fh -ASFR3=0180h-019Fh \
  -ASFR4=0200h-021Fh -ASFR5=0280h-029Fh -ASFR6=0300h-031Fh \
  -ASFR7=0380h-039Fh -ASFR8=0400h-041Fh -ASFR9=0480h-049Fh \
  -ASFR10=0500h-051Fh -ASFR11=0580h-059Fh -ASFR12=0600h-061Fh \
  -ASFR13=0680h-06EFh -ASFR14=0700h-076Fh -ASFR15=0780h-07EFh \
  -ASFR16=0800h-086Fh -ASFR17=0880h-08EFh -ASFR18=0900h-096Fh \
  -ASFR19=0980h-09EFh -ASFR20=0A00h-0A6Fh -ASFR21=0A80h-0AEFh \
  -ASFR22=0B00h-0B6Fh -ASFR23=0B80h-0BEFh -ASFR24=0C00h-0C6Fh \
  -ASFR25=0C80h-0CEFh -ASFR26=0D00h-0D6Fh -ASFR27=0D80h-0DEFh \
  -ASFR28=0E00h-0E6Fh -ASFR29=0E80h-0EEFh -ASFR30=0F00h-0F6Fh \
  -ASFR31=0F80h-0FEFh -ASFR32=01000h-0106Fh -ASFR33=01080h-010EFh \
  -ASFR34=01100h-0116Fh -ASFR35=01180h-011EFh -ASFR36=01200h-0126Fh \
  -ASFR37=01280h-012EFh -ASFR38=01300h-0136Fh -ASFR39=01380h-013EFh \
  -ASFR40=01400h-0146Fh -ASFR41=01480h-014EFh -ASFR42=01500h-0156Fh \
  -ASFR43=01580h-015EFh -ASFR44=01600h-0166Fh -ASFR45=01680h-016EFh \
  -ASFR46=01700h-0176Fh -ASFR47=01780h-017EFh -ASFR48=01800h-0186Fh \
  -ASFR49=01880h-018EFh -ASFR50=01900h-0196Fh -ASFR51=01980h-019EFh \
  -ASFR52=01A00h-01A6Fh -ASFR53=01A80h-01AEFh -ASFR54=01B00h-01B6Fh \
  -ASFR55=01B80h-01BEFh -ASFR56=01C00h-01C6Fh -ASFR57=01C80h-01CEFh \
  -ASFR58=01D00h-01D6Fh -ASFR59=01D80h-01DEFh -ASFR60=01E00h-01E6Fh \
  -ASFR61=01E80h-01EEFh -ASFR62=01F00h-01F6Fh -ASFR63=01F80h-01FEFh \
  -preset_vec=00h,intentry,init,end_init -ppowerup=CODE -pcinit=CODE \
  -pfunctab=ENTRY -ACONFIG=08007h-0800Bh -pconfig=CONFIG -DCONFIG=2 \
  -AIDLOC=08000h-08003h -pidloc=IDLOC -DIDLOC=2 -DCODE=2 -DSTRCODE=2 \
  -DSTRING=2 -DCONST=2 -DENTRY=2 -k \
  C:\Users\russ\AppData\Local\Temp\s738.obj \
  dist/default/production\flightsketch-firmware.production.obj 

Object code version is 3.11

Machine type is 16F15325



                Name                               Link     Load   Length Selector   Space Scale
C:\Users\russ\AppData\Local\Temp\s738.obj
                end_init                              2        2        2        0       0
                reset_vec                             0        0        2        0       0
                config                             8007     8007        5    1000E       0
dist/default/production\flightsketch-firmware.production.obj
                cinit                               7DC      7DC       24      FB8       0
                text16                              469      469        8      8D2       0
                text15                              48D      48D        B      91A       0
                text14                              479      479        A      8F2       0
                text13                              502      502       26      A04       0
                text12                              471      471        8      8E2       0
                text11                              498      498        F      930       0
                text10                              45A      45A        1      8B4       0
                text9                               483      483        A      906       0
                text8                               528      528       2D      A50       0
                text7                               4E0      4E0       22      9C0       0
                text6                               6B5      6B5       93      D6A       0
                text5                               555      555       3B      AAA       0
                text4                               5D6      5D6       53      BAC       0
                text3                               590      590       46      B20       0
                text2                               748      748       94      E90       0
                text1                               629      629       8C      C52       0
                maintext                            4A7      4A7       1B      94E       0
                cstackBANK0                          20       20       4C       20       1
                cstackCOMMON                         70       70        E       70       1
                clrtext                             45D      45D        6      8BA       0
                inittext                            463      463        6      8C6       0
                dataBANK2                           120      120       1E      120       1
                dataBANK1                            E8       E8        2       A0       1
                bssBANK1                             A0       A0       48       A0       1
                bssBANK0                             6C       6C        4       20       1
                stringtext4                         814      814        3     1000       0
                stringtext3                         810      810        4     1000       0
                stringtext2                         80C      80C        4     1000       0
                stringtext1                         800      800        C     1000       0
                idataBANK2                          4C2      4C2       1E      984       0
                idataBANK1                          45B      45B        2      8B6       0

TOTAL           Name                               Link     Load   Length     Space
        CLASS   STACK          

        CLASS   CODE           
                end_init                              2        2        2         0
                cinit                               7DC      7DC       24         0
                reset_vec                             0        0        2         0
                text16                              469      469        8         0
                text15                              48D      48D        B         0
                text14                              479      479        A         0
                text13                              502      502       26         0
                text12                              471      471        8         0
                text11                              498      498        F         0
                text10                              45A      45A        1         0
                text9                               483      483        A         0
                text8                               528      528       2D         0
                text7                               4E0      4E0       22         0
                text6                               6B5      6B5       93         0
                text5                               555      555       3B         0
                text4                               5D6      5D6       53         0
                text3                               590      590       46         0
                text2                               748      748       94         0
                text1                               629      629       8C         0
                maintext                            4A7      4A7       1B         0
                clrtext                             45D      45D        6         0
                inittext                            463      463        6         0
                idataBANK2                          4C2      4C2       1E         0
                idataBANK1                          45B      45B        2         0

        CLASS   STRCODE        
                stringtext4                         814      814        3         0
                stringtext3                         810      810        4         0
                stringtext2                         80C      80C        4         0
                stringtext1                         800      800        C         0

        CLASS   STRING         

        CLASS   CONST          

        CLASS   ENTRY          

        CLASS   COMMON         
                cstackCOMMON                         70       70        E         1

        CLASS   BANK0          
                cstackBANK0                          20       20       4C         1
                bssBANK0                             6C       6C        4         1

        CLASS   BANK1          
                dataBANK1                            E8       E8        2         1
                bssBANK1                             A0       A0       48         1

        CLASS   BANK2          
                dataBANK2                           120      120       1E         1

        CLASS   BANK3          

        CLASS   BANK4          

        CLASS   BANK5          

        CLASS   BANK6          

        CLASS   BANK7          

        CLASS   BANK8          

        CLASS   BANK9          

        CLASS   BANK10         

        CLASS   BANK11         

        CLASS   BANK12         

        CLASS   BIGRAM         

        CLASS   RAM            

        CLASS   ABS1           
                abs_s1                               7E       7E        2         1

        CLASS   SFR0           

        CLASS   SFR1           

        CLASS   SFR2           

        CLASS   SFR3           

        CLASS   SFR4           

        CLASS   SFR5           

        CLASS   SFR6           

        CLASS   SFR7           

        CLASS   SFR8           

        CLASS   SFR9           

        CLASS   SFR10          

        CLASS   SFR11          

        CLASS   SFR12          

        CLASS   SFR13          

        CLASS   SFR14          

        CLASS   SFR15          

        CLASS   SFR16          

        CLASS   SFR17          

        CLASS   SFR18          

        CLASS   SFR19          

        CLASS   SFR20          

        CLASS   SFR21          

        CLASS   SFR22          

        CLASS   SFR23          

        CLASS   SFR24          

        CLASS   SFR25          

        CLASS   SFR26          

        CLASS   SFR27          

        CLASS   SFR28          

        CLASS   SFR29          

        CLASS   SFR30          

        CLASS   SFR31          

        CLASS   SFR32          

        CLASS   SFR33          

        CLASS   SFR34          

        CLASS   SFR35          

        CLASS   SFR36          

        CLASS   SFR37          

        CLASS   SFR38          

        CLASS   SFR39          

        CLASS   SFR40          

        CLASS   SFR41          

        CLASS   SFR42          

        CLASS   SFR43          

        CLASS   SFR44          

        CLASS   SFR45          

        CLASS   SFR46          

        CLASS   SFR47          

        CLASS   SFR48          

        CLASS   SFR49          

        CLASS   SFR50          

        CLASS   SFR51          

        CLASS   SFR52          

        CLASS   SFR53          

        CLASS   SFR54          

        CLASS   SFR55          

        CLASS   SFR56          

        CLASS   SFR57          

        CLASS   SFR58          

        CLASS   SFR59          

        CLASS   SFR60          

        CLASS   SFR61          

        CLASS   SFR62          

        CLASS   SFR63          

        CLASS   CONFIG         
                config                             8007     8007        5         0

        CLASS   IDLOC          

        CLASS   BANK63         

        CLASS   BANK62         

        CLASS   BANK61         

        CLASS   BANK60         

        CLASS   BANK59         

        CLASS   BANK58         

        CLASS   BANK57         

        CLASS   BANK56         

        CLASS   BANK55         

        CLASS   BANK54         

        CLASS   BANK53         

        CLASS   BANK52         

        CLASS   BANK51         

        CLASS   BANK50         

        CLASS   BANK49         

        CLASS   BANK48         

        CLASS   BANK47         

        CLASS   BANK46         

        CLASS   BANK45         

        CLASS   BANK44         

        CLASS   BANK43         

        CLASS   BANK42         

        CLASS   BANK41         

        CLASS   BANK40         

        CLASS   BANK39         

        CLASS   BANK38         

        CLASS   BANK37         

        CLASS   BANK36         

        CLASS   BANK35         

        CLASS   BANK34         

        CLASS   BANK33         

        CLASS   BANK32         

        CLASS   BANK31         

        CLASS   BANK30         

        CLASS   BANK29         

        CLASS   BANK28         

        CLASS   BANK27         

        CLASS   BANK26         

        CLASS   BANK25         

        CLASS   BANK24         

        CLASS   BANK23         

        CLASS   BANK22         

        CLASS   BANK21         

        CLASS   BANK20         

        CLASS   BANK19         

        CLASS   BANK18         

        CLASS   BANK17         

        CLASS   BANK16         

        CLASS   BANK15         

        CLASS   BANK14         

        CLASS   BANK13         

        CLASS   EEDATA         



SEGMENTS        Name                           Load    Length   Top    Selector   Space  Class     Delta

                reset_vec                      000000  000004  000004         0       0  CODE        2
                cstackBANK0                    000020  000050  000070        20       1  BANK0       1
                cstackCOMMON                   000070  00000E  00007E        70       1  COMMON      1
                bssBANK1                       0000A0  00004A  0000EA        A0       1  BANK1       1
                dataBANK2                      000120  00001E  00013E       120       1  BANK2       1
                text10                         00045A  000001  00045B       8B4       0  CODE        2
                idataBANK1                     00045B  000002  00045D       8B6       0  CODE        2
                clrtext                        00045D  000006  000463       8BA       0  CODE        2
                inittext                       000463  000006  000469       8C6       0  CODE        2
                text16                         000469  000008  000471       8D2       0  CODE        2
                text12                         000471  000008  000479       8E2       0  CODE        2
                text14                         000479  00000A  000483       8F2       0  CODE        2
                text9                          000483  00000A  00048D       906       0  CODE        2
                text15                         00048D  00000B  000498       91A       0  CODE        2
                text11                         000498  00000F  0004A7       930       0  CODE        2
                maintext                       0004A7  00001B  0004C2       94E       0  CODE        2
                idataBANK2                     0004C2  00001E  0004E0       984       0  CODE        2
                text7                          0004E0  000022  000502       9C0       0  CODE        2
                text13                         000502  000026  000528       A04       0  CODE        2
                text8                          000528  00002D  000555       A50       0  CODE        2
                text5                          000555  00003B  000590       AAA       0  CODE        2
                text3                          000590  000046  0005D6       B20       0  CODE        2
                text4                          0005D6  000053  000629       BAC       0  CODE        2
                text1                          000629  00008C  0006B5       C52       0  CODE        2
                text6                          0006B5  000093  000748       D6A       0  CODE        2
                text2                          000748  000094  0007DC       E90       0  CODE        2
                cinit                          0007DC  000024  000800       FB8       0  CODE        2
                stringtext1                    000800  000017  000817      1000       0  STRCODE     2
                config                         008007  000005  00800C     1000E       0  CONFIG      2


UNUSED ADDRESS RANGES

        Name                Unused          Largest block    Delta
        BANK1            000EA-000EF               6           1
        BANK10           00520-0056F              50           1
        BANK11           005A0-005EF              50           1
        BANK12           00620-0064F              30           1
        BANK2            0013E-0016F              32           1
        BANK3            001A0-001EF              50           1
        BANK4            00220-0026F              50           1
        BANK5            002A0-002EF              50           1
        BANK6            00320-0036F              50           1
        BANK7            003A0-003EF              50           1
        BANK8            00420-0046F              50           1
        BANK9            004A0-004EF              50           1
        BIGRAM           02000-023EF             3F0           1
        CODE             00004-00459             456           2
                         00817-01FFF             800
        CONST            00004-00459             100           2
                         00817-01FFF             100
        ENTRY            00004-00459             100           2
                         00817-01FFF             100
        IDLOC            08000-08003               4           2
        RAM              000EA-000EF               6           1
                         0013E-0016F              32
                         001A0-001EF              50
                         00220-0026F              50
                         002A0-002EF              50
                         00320-0036F              50
                         003A0-003EF              50
                         00420-0046F              50
                         004A0-004EF              50
                         00520-0056F              50
                         005A0-005EF              50
                         00620-0064F              30
        SFR0             00000-0001F              20           1
        SFR1             00080-0009F              20           1
        SFR10            00500-0051F              20           1
        SFR11            00580-0059F              20           1
        SFR12            00600-0061F              20           1
        SFR13            00680-006EF              70           1
        SFR14            00700-0076F              70           1
        SFR15            00780-007EF              70           1
        SFR16            00800-0086F              70           1
        SFR17            00880-008EF              70           1
        SFR18            00900-0096F              70           1
        SFR19            00980-009EF              70           1
        SFR2             00100-0011F              20           1
        SFR20            00A00-00A6F              70           1
        SFR21            00A80-00AEF              70           1
        SFR22            00B00-00B6F              70           1
        SFR23            00B80-00BEF              70           1
        SFR24            00C00-00C6F              70           1
        SFR25            00C80-00CEF              70           1
        SFR26            00D00-00D6F              70           1
        SFR27            00D80-00DEF              70           1
        SFR28            00E00-00E6F              70           1
        SFR29            00E80-00EEF              70           1
        SFR3             00180-0019F              20           1
        SFR30            00F00-00F6F              70           1
        SFR31            00F80-00FEF              70           1
        SFR32            01000-0106F              70           1
        SFR33            01080-010EF              70           1
        SFR34            01100-0116F              70           1
        SFR35            01180-011EF              70           1
        SFR36            01200-0126F              70           1
        SFR37            01280-012EF              70           1
        SFR38            01300-0136F              70           1
        SFR39            01380-013EF              70           1
        SFR4             00200-0021F              20           1
        SFR40            01400-0146F              70           1
        SFR41            01480-014EF              70           1
        SFR42            01500-0156F              70           1
        SFR43            01580-015EF              70           1
        SFR44            01600-0166F              70           1
        SFR45            01680-016EF              70           1
        SFR46            01700-0176F              70           1
        SFR47            01780-017EF              70           1
        SFR48            01800-0186F              70           1
        SFR49            01880-018EF              70           1
        SFR5             00280-0029F              20           1
        SFR50            01900-0196F              70           1
        SFR51            01980-019EF              70           1
        SFR52            01A00-01A6F              70           1
        SFR53            01A80-01AEF              70           1
        SFR54            01B00-01B6F              70           1
        SFR55            01B80-01BEF              70           1
        SFR56            01C00-01C6F              70           1
        SFR57            01C80-01CEF              70           1
        SFR58            01D00-01D6F              70           1
        SFR59            01D80-01DEF              70           1
        SFR6             00300-0031F              20           1
        SFR60            01E00-01E6F              70           1
        SFR61            01E80-01EEF              70           1
        SFR62            01F00-01F6F              70           1
        SFR63            01F80-01FEF              70           1
        SFR7             00380-0039F              20           1
        SFR8             00400-0041F              20           1
        SFR9             00480-0049F              20           1
        STACK            020BE-023EF             332           1
        STRCODE          00004-00459             456           2
                         00817-01FFF            17E9
        STRING           00004-00459             100           2
                         00817-01FFF             100

                                  Symbol Table

BMP280_SPI_bus_read@F6518                        dataBANK2    00120
BMP280_SPI_bus_read@array                        cstackBANK0  00020
BMP280_SPI_bus_read@cnt                          cstackCOMMON 00073
BMP280_SPI_bus_read@dev_addr                     cstackCOMMON 00070
BMP280_SPI_bus_read@i                            cstackBANK0  00042
BMP280_SPI_bus_read@iError                       cstackBANK0  0003E
BMP280_SPI_bus_read@reg_addr                     cstackCOMMON 00071
BMP280_SPI_bus_read@reg_data                     cstackCOMMON 00072
BMP280_SPI_bus_read@stringpos                    cstackBANK0  00043
BMP280_SPI_bus_write@cnt                         cstackCOMMON 00073
BMP280_SPI_bus_write@dev_addr                    cstackCOMMON 00070
BMP280_SPI_bus_write@iError                      cstackCOMMON 00074
BMP280_SPI_bus_write@reg_addr                    cstackCOMMON 00071
BMP280_SPI_bus_write@reg_data                    cstackCOMMON 00072
BMP280_delay_msek@msek                           cstackCOMMON 00070
_ADACT                                           (abs)        0009F
_ADCON0                                          (abs)        0009D
_ADCON0bits                                      (abs)        0009D
_ADCON1                                          (abs)        0009E
_ADC_Initialize                                  text16       00469
_ADRESH                                          (abs)        0009C
_ADRESL                                          (abs)        0009B
_ANSELA                                          (abs)        01F38
_ANSELC                                          (abs)        01F4E
_BAUD1CON                                        (abs)        0011F
_BMP280_SPI_bus_read                             text4        005D6
_BMP280_SPI_bus_write                            text9        00483
_BMP280_delay_msek                               text10       0045A
_EUSART1_Initialize                              text15       0048D
_EUSART1_Read                                    (abs)        00000
_EUSART1_Write                                   (abs)        00000
_EUSART1_is_rx_ready                             (abs)        00000
_EUSART1_is_tx_done                              (abs)        00000
_EUSART1_is_tx_ready                             (abs)        00000
_LATA                                            (abs)        00018
_LATC                                            (abs)        0001A
_ODCONA                                          (abs)        01F3A
_ODCONC                                          (abs)        01F50
_OSCCON1                                         (abs)        0088D
_OSCCON3                                         (abs)        0088F
_OSCEN                                           (abs)        00891
_OSCFRQ                                          (abs)        00893
_OSCILLATOR_Initialize                           text14       00479
_OSCSTAT                                         (abs)        00890
_OSCTUNE                                         (abs)        00892
_PIN_MANAGER_Initialize                          text13       00502
_PIR3bits                                        (abs)        0070F
_PMD0                                            (abs)        00796
_PMD1                                            (abs)        00797
_PMD2                                            (abs)        00798
_PMD3                                            (abs)        00799
_PMD4                                            (abs)        0079A
_PMD5                                            (abs)        0079B
_PMD_Initialize                                  text12       00471
_RC0PPS                                          (abs)        01F20
_RC1PPS                                          (abs)        01F21
_RC1REG                                          (abs)        00119
_RC1STA                                          (abs)        0011D
_RC1STAbits                                      (abs)        0011D
_RC4PPS                                          (abs)        01F24
_RX1DTPPSbits                                    (abs)        01ECB
_SP1BRGH                                         (abs)        0011C
_SP1BRGL                                         (abs)        0011B
_SSP1ADD                                         (abs)        0018D
_SSP1BUF                                         (abs)        0018C
_SSP1CLKPPSbits                                  (abs)        01EC5
_SSP1CON1                                        (abs)        00190
_SSP1CON1bits                                    (abs)        00190
_SSP1CON2                                        (abs)        00191
_SSP1DATPPSbits                                  (abs)        01EC6
_SSP1STAT                                        (abs)        0018F
_SYSTEM_Initialize                               text11       00498
_TRISA                                           (abs)        00012
_TRISC                                           (abs)        00014
_TRISCbits                                       (abs)        00014
_TX1REG                                          (abs)        0011A
_TX1STA                                          (abs)        0011E
_TX1STAbits                                      (abs)        0011E
_WPUA                                            (abs)        01F39
_WPUC                                            (abs)        01F4F
__CFG_BBEN$OFF                                   (abs)        00000
__CFG_BBSIZE$BB512                               (abs)        00000
__CFG_BOREN$ON                                   (abs)        00000
__CFG_BORV$LO                                    (abs)        00000
__CFG_CLKOUTEN$OFF                               (abs)        00000
__CFG_CP$OFF                                     (abs)        00000
__CFG_CSWEN$ON                                   (abs)        00000
__CFG_FCMEN$ON                                   (abs)        00000
__CFG_FEXTOSC$OFF                                (abs)        00000
__CFG_LPBOREN$OFF                                (abs)        00000
__CFG_LVP$ON                                     (abs)        00000
__CFG_MCLRE$ON                                   (abs)        00000
__CFG_PPS1WAY$ON                                 (abs)        00000
__CFG_PWRTE$OFF                                  (abs)        00000
__CFG_RSTOSC$HFINT1                              (abs)        00000
__CFG_SAFEN$OFF                                  (abs)        00000
__CFG_STVREN$ON                                  (abs)        00000
__CFG_WDTCCS$SC                                  (abs)        00000
__CFG_WDTCPS$WDTCPS_31                           (abs)        00000
__CFG_WDTCWS$WDTCWS_7                            (abs)        00000
__CFG_WDTE$OFF                                   (abs)        00000
__CFG_WRTAPP$OFF                                 (abs)        00000
__CFG_WRTB$OFF                                   (abs)        00000
__CFG_WRTC$OFF                                   (abs)        00000
__CFG_WRTSAF$OFF                                 (abs)        00000
__CFG_ZCD$OFF                                    (abs)        00000
__Habs1                                          abs1         00000
__Hbank0                                         bank0        00000
__Hbank1                                         bank1        00000
__Hbank10                                        bank10       00000
__Hbank11                                        bank11       00000
__Hbank12                                        bank12       00000
__Hbank13                                        bank13       00000
__Hbank14                                        bank14       00000
__Hbank15                                        bank15       00000
__Hbank16                                        bank16       00000
__Hbank17                                        bank17       00000
__Hbank18                                        bank18       00000
__Hbank19                                        bank19       00000
__Hbank2                                         bank2        00000
__Hbank20                                        bank20       00000
__Hbank21                                        bank21       00000
__Hbank22                                        bank22       00000
__Hbank23                                        bank23       00000
__Hbank24                                        bank24       00000
__Hbank25                                        bank25       00000
__Hbank26                                        bank26       00000
__Hbank27                                        bank27       00000
__Hbank28                                        bank28       00000
__Hbank29                                        bank29       00000
__Hbank3                                         bank3        00000
__Hbank30                                        bank30       00000
__Hbank31                                        bank31       00000
__Hbank32                                        bank32       00000
__Hbank33                                        bank33       00000
__Hbank34                                        bank34       00000
__Hbank35                                        bank35       00000
__Hbank36                                        bank36       00000
__Hbank37                                        bank37       00000
__Hbank38                                        bank38       00000
__Hbank39                                        bank39       00000
__Hbank4                                         bank4        00000
__Hbank40                                        bank40       00000
__Hbank41                                        bank41       00000
__Hbank42                                        bank42       00000
__Hbank43                                        bank43       00000
__Hbank44                                        bank44       00000
__Hbank45                                        bank45       00000
__Hbank46                                        bank46       00000
__Hbank47                                        bank47       00000
__Hbank48                                        bank48       00000
__Hbank49                                        bank49       00000
__Hbank5                                         bank5        00000
__Hbank50                                        bank50       00000
__Hbank51                                        bank51       00000
__Hbank52                                        bank52       00000
__Hbank53                                        bank53       00000
__Hbank54                                        bank54       00000
__Hbank55                                        bank55       00000
__Hbank56                                        bank56       00000
__Hbank57                                        bank57       00000
__Hbank58                                        bank58       00000
__Hbank59                                        bank59       00000
__Hbank6                                         bank6        00000
__Hbank60                                        bank60       00000
__Hbank61                                        bank61       00000
__Hbank62                                        bank62       00000
__Hbank63                                        bank63       00000
__Hbank7                                         bank7        00000
__Hbank8                                         bank8        00000
__Hbank9                                         bank9        00000
__Hbigram                                        bigram       00000
__HbssBANK0                                      bssBANK0     00000
__HbssBANK1                                      bssBANK1     00000
__Hcinit                                         cinit        00800
__Hclrtext                                       clrtext      00000
__Hcode                                          code         00000
__Hcommon                                        common       00000
__Hconfig                                        config       0800C
__HcstackBANK0                                   cstackBANK0  00000
__HcstackCOMMON                                  cstackCOMMON 00000
__HdataBANK1                                     dataBANK1    00000
__HdataBANK2                                     dataBANK2    00000
__Heeprom_data                                   eeprom_data  00000
__Hend_init                                      end_init     00004
__Hfunctab                                       functab      00000
__HidataBANK1                                    idataBANK1   00000
__HidataBANK2                                    idataBANK2   00000
__Hidloc                                         idloc        00000
__Hinit                                          init         00002
__Hinittext                                      inittext     00000
__Hintentry                                      intentry     00002
__Hmaintext                                      maintext     00000
__Hpowerup                                       powerup      00000
__Hram                                           ram          00000
__Hreset_vec                                     reset_vec    00002
__Hsfr0                                          sfr0         00000
__Hsfr1                                          sfr1         00000
__Hsfr10                                         sfr10        00000
__Hsfr11                                         sfr11        00000
__Hsfr12                                         sfr12        00000
__Hsfr13                                         sfr13        00000
__Hsfr14                                         sfr14        00000
__Hsfr15                                         sfr15        00000
__Hsfr16                                         sfr16        00000
__Hsfr17                                         sfr17        00000
__Hsfr18                                         sfr18        00000
__Hsfr19                                         sfr19        00000
__Hsfr2                                          sfr2         00000
__Hsfr20                                         sfr20        00000
__Hsfr21                                         sfr21        00000
__Hsfr22                                         sfr22        00000
__Hsfr23                                         sfr23        00000
__Hsfr24                                         sfr24        00000
__Hsfr25                                         sfr25        00000
__Hsfr26                                         sfr26        00000
__Hsfr27                                         sfr27        00000
__Hsfr28                                         sfr28        00000
__Hsfr29                                         sfr29        00000
__Hsfr3                                          sfr3         00000
__Hsfr30                                         sfr30        00000
__Hsfr31                                         sfr31        00000
__Hsfr32                                         sfr32        00000
__Hsfr33                                         sfr33        00000
__Hsfr34                                         sfr34        00000
__Hsfr35                                         sfr35        00000
__Hsfr36                                         sfr36        00000
__Hsfr37                                         sfr37        00000
__Hsfr38                                         sfr38        00000
__Hsfr39                                         sfr39        00000
__Hsfr4                                          sfr4         00000
__Hsfr40                                         sfr40        00000
__Hsfr41                                         sfr41        00000
__Hsfr42                                         sfr42        00000
__Hsfr43                                         sfr43        00000
__Hsfr44                                         sfr44        00000
__Hsfr45                                         sfr45        00000
__Hsfr46                                         sfr46        00000
__Hsfr47                                         sfr47        00000
__Hsfr48                                         sfr48        00000
__Hsfr49                                         sfr49        00000
__Hsfr5                                          sfr5         00000
__Hsfr50                                         sfr50        00000
__Hsfr51                                         sfr51        00000
__Hsfr52                                         sfr52        00000
__Hsfr53                                         sfr53        00000
__Hsfr54                                         sfr54        00000
__Hsfr55                                         sfr55        00000
__Hsfr56                                         sfr56        00000
__Hsfr57                                         sfr57        00000
__Hsfr58                                         sfr58        00000
__Hsfr59                                         sfr59        00000
__Hsfr6                                          sfr6         00000
__Hsfr60                                         sfr60        00000
__Hsfr61                                         sfr61        00000
__Hsfr62                                         sfr62        00000
__Hsfr63                                         sfr63        00000
__Hsfr7                                          sfr7         00000
__Hsfr8                                          sfr8         00000
__Hsfr9                                          sfr9         00000
__Hspace_0                                       (abs)        0800C
__Hspace_1                                       (abs)        0013E
__Hspace_2                                       (abs)        00000
__Hspace_3                                       (abs)        00000
__Hstack                                         stack        00000
__Hstrings                                       strings      00000
__Hstringtext1                                   stringtext1  00000
__Hstringtext2                                   stringtext2  00000
__Hstringtext3                                   stringtext3  00000
__Hstringtext4                                   stringtext4  00000
__Htext                                          text         00000
__Labs1                                          abs1         00000
__Lbank0                                         bank0        00000
__Lbank1                                         bank1        00000
__Lbank10                                        bank10       00000
__Lbank11                                        bank11       00000
__Lbank12                                        bank12       00000
__Lbank13                                        bank13       00000
__Lbank14                                        bank14       00000
__Lbank15                                        bank15       00000
__Lbank16                                        bank16       00000
__Lbank17                                        bank17       00000
__Lbank18                                        bank18       00000
__Lbank19                                        bank19       00000
__Lbank2                                         bank2        00000
__Lbank20                                        bank20       00000
__Lbank21                                        bank21       00000
__Lbank22                                        bank22       00000
__Lbank23                                        bank23       00000
__Lbank24                                        bank24       00000
__Lbank25                                        bank25       00000
__Lbank26                                        bank26       00000
__Lbank27                                        bank27       00000
__Lbank28                                        bank28       00000
__Lbank29                                        bank29       00000
__Lbank3                                         bank3        00000
__Lbank30                                        bank30       00000
__Lbank31                                        bank31       00000
__Lbank32                                        bank32       00000
__Lbank33                                        bank33       00000
__Lbank34                                        bank34       00000
__Lbank35                                        bank35       00000
__Lbank36                                        bank36       00000
__Lbank37                                        bank37       00000
__Lbank38                                        bank38       00000
__Lbank39                                        bank39       00000
__Lbank4                                         bank4        00000
__Lbank40                                        bank40       00000
__Lbank41                                        bank41       00000
__Lbank42                                        bank42       00000
__Lbank43                                        bank43       00000
__Lbank44                                        bank44       00000
__Lbank45                                        bank45       00000
__Lbank46                                        bank46       00000
__Lbank47                                        bank47       00000
__Lbank48                                        bank48       00000
__Lbank49                                        bank49       00000
__Lbank5                                         bank5        00000
__Lbank50                                        bank50       00000
__Lbank51                                        bank51       00000
__Lbank52                                        bank52       00000
__Lbank53                                        bank53       00000
__Lbank54                                        bank54       00000
__Lbank55                                        bank55       00000
__Lbank56                                        bank56       00000
__Lbank57                                        bank57       00000
__Lbank58                                        bank58       00000
__Lbank59                                        bank59       00000
__Lbank6                                         bank6        00000
__Lbank60                                        bank60       00000
__Lbank61                                        bank61       00000
__Lbank62                                        bank62       00000
__Lbank63                                        bank63       00000
__Lbank7                                         bank7        00000
__Lbank8                                         bank8        00000
__Lbank9                                         bank9        00000
__Lbigram                                        bigram       00000
__LbssBANK0                                      bssBANK0     00000
__LbssBANK1                                      bssBANK1     00000
__Lcinit                                         cinit        007DC
__Lclrtext                                       clrtext      00000
__Lcode                                          code         00000
__Lcommon                                        common       00000
__Lconfig                                        config       08007
__LcstackBANK0                                   cstackBANK0  00000
__LcstackCOMMON                                  cstackCOMMON 00000
__LdataBANK1                                     dataBANK1    00000
__LdataBANK2                                     dataBANK2    00000
__Leeprom_data                                   eeprom_data  00000
__Lend_init                                      end_init     00002
__Lfunctab                                       functab      00000
__LidataBANK1                                    idataBANK1   00000
__LidataBANK2                                    idataBANK2   00000
__Lidloc                                         idloc        00000
__Linit                                          init         00002
__Linittext                                      inittext     00000
__Lintentry                                      intentry     00002
__Lmaintext                                      maintext     00000
__Lpowerup                                       powerup      00000
__Lram                                           ram          00000
__Lreset_vec                                     reset_vec    00000
__Lsfr0                                          sfr0         00000
__Lsfr1                                          sfr1         00000
__Lsfr10                                         sfr10        00000
__Lsfr11                                         sfr11        00000
__Lsfr12                                         sfr12        00000
__Lsfr13                                         sfr13        00000
__Lsfr14                                         sfr14        00000
__Lsfr15                                         sfr15        00000
__Lsfr16                                         sfr16        00000
__Lsfr17                                         sfr17        00000
__Lsfr18                                         sfr18        00000
__Lsfr19                                         sfr19        00000
__Lsfr2                                          sfr2         00000
__Lsfr20                                         sfr20        00000
__Lsfr21                                         sfr21        00000
__Lsfr22                                         sfr22        00000
__Lsfr23                                         sfr23        00000
__Lsfr24                                         sfr24        00000
__Lsfr25                                         sfr25        00000
__Lsfr26                                         sfr26        00000
__Lsfr27                                         sfr27        00000
__Lsfr28                                         sfr28        00000
__Lsfr29                                         sfr29        00000
__Lsfr3                                          sfr3         00000
__Lsfr30                                         sfr30        00000
__Lsfr31                                         sfr31        00000
__Lsfr32                                         sfr32        00000
__Lsfr33                                         sfr33        00000
__Lsfr34                                         sfr34        00000
__Lsfr35                                         sfr35        00000
__Lsfr36                                         sfr36        00000
__Lsfr37                                         sfr37        00000
__Lsfr38                                         sfr38        00000
__Lsfr39                                         sfr39        00000
__Lsfr4                                          sfr4         00000
__Lsfr40                                         sfr40        00000
__Lsfr41                                         sfr41        00000
__Lsfr42                                         sfr42        00000
__Lsfr43                                         sfr43        00000
__Lsfr44                                         sfr44        00000
__Lsfr45                                         sfr45        00000
__Lsfr46                                         sfr46        00000
__Lsfr47                                         sfr47        00000
__Lsfr48                                         sfr48        00000
__Lsfr49                                         sfr49        00000
__Lsfr5                                          sfr5         00000
__Lsfr50                                         sfr50        00000
__Lsfr51                                         sfr51        00000
__Lsfr52                                         sfr52        00000
__Lsfr53                                         sfr53        00000
__Lsfr54                                         sfr54        00000
__Lsfr55                                         sfr55        00000
__Lsfr56                                         sfr56        00000
__Lsfr57                                         sfr57        00000
__Lsfr58                                         sfr58        00000
__Lsfr59                                         sfr59        00000
__Lsfr6                                          sfr6         00000
__Lsfr60                                         sfr60        00000
__Lsfr61                                         sfr61        00000
__Lsfr62                                         sfr62        00000
__Lsfr63                                         sfr63        00000
__Lsfr7                                          sfr7         00000
__Lsfr8                                          sfr8         00000
__Lsfr9                                          sfr9         00000
__Lspace_0                                       (abs)        00000
__Lspace_1                                       (abs)        00000
__Lspace_2                                       (abs)        00000
__Lspace_3                                       (abs)        00000
__Lstack                                         stack        00000
__Lstrings                                       strings      00000
__Lstringtext1                                   stringtext1  00000
__Lstringtext2                                   stringtext2  00000
__Lstringtext3                                   stringtext3  00000
__Lstringtext4                                   stringtext4  00000
__Ltext                                          text         00000
__S0                                             (abs)        0800C
__S1                                             (abs)        0013E
__S2                                             (abs)        00000
___int_sp                                        stack        00000
___latbits                                       (abs)        00002
___sp                                            stack        00000
__end_of_ADC_Initialize                          text16       00471
__end_of_BMP280_SPI_bus_read                     text4        00629
__end_of_BMP280_SPI_bus_write                    text9        0048D
__end_of_BMP280_delay_msek                       text10       0045B
__end_of_EUSART1_Initialize                      text15       00498
__end_of_OSCILLATOR_Initialize                   text14       00483
__end_of_PIN_MANAGER_Initialize                  text13       00528
__end_of_PMD_Initialize                          text12       00479
__end_of_SYSTEM_Initialize                       text11       004A7
__end_of__initialization                         cinit        007FD
__end_of_bmp280_get_regs                         text3        005D6
__end_of_bmp280_init                             text1        006B5
__end_of_bmp280_set_regs                         text6        00748
__end_of_bmp280_soft_reset                       text5        00590
__end_of_get_calib_param                         text2        007DC
__end_of_interleave_data                         text8        00555
__end_of_main                                    maintext     004C2
__end_of_null_ptr_check                          text7        00502
__end_of_spi1_configuration                      stringtext4  00817
__end_of_uart                                    stringtext1  0080C
__end_ofbmp280_compute_meas_time@period_per_osrs stringtext2  00810
__end_ofbmp280_compute_meas_time@startup         stringtext3  00814
__initialization                                 cinit        007DC
__pbssBANK0                                      bssBANK0     0006C
__pbssBANK1                                      bssBANK1     000A0
__pcstackBANK0                                   cstackBANK0  00020
__pcstackCOMMON                                  cstackCOMMON 00070
__pdataBANK1                                     dataBANK1    000E8
__pdataBANK2                                     dataBANK2    00120
__pidataBANK1                                    idataBANK1   0045B
__pidataBANK2                                    idataBANK2   004C2
__pmaintext                                      maintext     004A7
__pstringtext1                                   stringtext1  00800
__pstringtext2                                   stringtext2  0080C
__pstringtext3                                   stringtext3  00810
__pstringtext4                                   stringtext4  00814
__ptext1                                         text1        00629
__ptext10                                        text10       0045A
__ptext11                                        text11       00498
__ptext12                                        text12       00471
__ptext13                                        text13       00502
__ptext14                                        text14       00479
__ptext15                                        text15       0048D
__ptext16                                        text16       00469
__ptext2                                         text2        00748
__ptext3                                         text3        00590
__ptext4                                         text4        005D6
__ptext5                                         text5        00555
__ptext6                                         text6        006B5
__ptext7                                         text7        004E0
__ptext8                                         text8        00528
__ptext9                                         text9        00483
__size_of_ADC_Initialize                         (abs)        00000
__size_of_BMP280_SPI_bus_read                    (abs)        00000
__size_of_BMP280_SPI_bus_write                   (abs)        00000
__size_of_BMP280_delay_msek                      (abs)        00000
__size_of_EUSART1_Initialize                     (abs)        00000
__size_of_OSCILLATOR_Initialize                  (abs)        00000
__size_of_PIN_MANAGER_Initialize                 (abs)        00000
__size_of_PMD_Initialize                         (abs)        00000
__size_of_SYSTEM_Initialize                      (abs)        00000
__size_of_bmp280_get_regs                        (abs)        00000
__size_of_bmp280_init                            (abs)        00000
__size_of_bmp280_set_regs                        (abs)        00000
__size_of_bmp280_soft_reset                      (abs)        00000
__size_of_get_calib_param                        (abs)        00000
__size_of_interleave_data                        (abs)        00000
__size_of_main                                   (abs)        00000
__size_of_null_ptr_check                         (abs)        00000
_bmp                                             bssBANK1     000BE
_bmp280_get_regs                                 text3        00590
_bmp280_init                                     text1        00629
_bmp280_set_regs                                 text6        006B5
_bmp280_soft_reset                               text5        00555
_get_calib_param                                 text2        00748
_interleave_data                                 text8        00528
_main                                            maintext     004A7
_null_ptr_check                                  text7        004E0
_spi1_configuration                              stringtext4  00814
bmp280_compute_meas_time@period_per_osrs         stringtext2  0080C
bmp280_compute_meas_time@startup                 stringtext3  00810
bmp280_get_config@F6430                          bssBANK0     0006E
bmp280_get_regs@dev                              cstackCOMMON 00078
bmp280_get_regs@len                              cstackCOMMON 00077
bmp280_get_regs@reg_addr                         cstackBANK0  00044
bmp280_get_regs@reg_data                         cstackCOMMON 00076
bmp280_get_regs@rslt                             cstackBANK0  00045
bmp280_get_uncomp_data@F6465                     bssBANK1     000B8
bmp280_init@dev                                  cstackBANK0  00069
bmp280_init@rslt                                 cstackBANK0  00068
bmp280_init@try_count                            cstackBANK0  00067
bmp280_set_regs@dev                              cstackCOMMON 0007A
bmp280_set_regs@len                              cstackCOMMON 00079
bmp280_set_regs@reg_addr                         cstackBANK0  00030
bmp280_set_regs@reg_addr_cnt                     cstackBANK0  0002E
bmp280_set_regs@reg_data                         cstackCOMMON 00078
bmp280_set_regs@rslt                             cstackBANK0  0002F
bmp280_set_regs@temp_buff                        cstackBANK0  00024
bmp280_set_regs@temp_len                         cstackBANK0  0002C
bmp280_soft_reset@dev                            cstackBANK0  00034
bmp280_soft_reset@reg_addr                       cstackBANK0  00033
bmp280_soft_reset@rslt                           cstackBANK0  00032
bmp280_soft_reset@soft_rst_cmd                   cstackBANK0  00031
btemp                                            (abs)        0007E
clear_ram0                                       clrtext      0045D
conf_sensor@F6602                                bssBANK0     0006C
conf_sensor@F6604                                dataBANK1    000E8
end_of_initialization                            cinit        007FD
get_calib_param@F6534                            bssBANK1     000A0
get_calib_param@dev                              cstackBANK0  00063
get_calib_param@rslt                             cstackBANK0  00062
get_calib_param@temp                             cstackBANK0  0004A
init_ram                                         inittext     00463
interleave_data@index                            cstackCOMMON 00077
interleave_data@len                              cstackCOMMON 00072
interleave_data@reg_addr                         cstackCOMMON 00076
interleave_data@reg_data                         cstackCOMMON 00071
interleave_data@temp_buff                        cstackCOMMON 00070
intlevel0                                        functab      00000
intlevel1                                        functab      00000
intlevel2                                        functab      00000
intlevel3                                        functab      00000
intlevel4                                        functab      00000
intlevel5                                        functab      00000
main@rslt                                        cstackBANK0  0006B
null_ptr_check@dev                               cstackCOMMON 00073
null_ptr_check@rslt                              cstackCOMMON 00072
reset_vec                                        reset_vec    00000
stackhi                                          (abs)        023EF
stacklo                                          (abs)        020BE
start                                            init         00002
start_initialization                             cinit        007DC
wtemp0                                           (abs)        0007E


FUNCTION INFORMATION:

 *************** function _main *****************
 Defined at:
		line 70 in file "main.c"
 Parameters:    Size  Location     Type
		None
 Auto vars:     Size  Location     Type
  rslt            1   75[BANK0 ] char 
 Return value:  Size  Location     Type
                  1    wreg      void 
 Registers used:
		wreg, fsr0l, fsr0h, fsr1l, fsr1h, status,2, status,0, pclath, cstack
 Tracked objects:
		On entry : 
		On exit  : 
		Unchanged: 
 Data sizes:     COMMON   BANK0   BANK1   BANK2   BANK3   BANK4   BANK5   BANK6   BANK7   BANK8   BANK9  BANK10  BANK11  BANK12
      Params:         0       0       0       0       0       0       0       0       0       0       0       0       0       0
      Locals:         0       1       0       0       0       0       0       0       0       0       0       0       0       0
      Temps:          0       1       0       0       0       0       0       0       0       0       0       0       0       0
      Totals:         0       2       0       0       0       0       0       0       0       0       0       0       0       0
Total ram usage:        2 bytes
 Hardware stack levels required when called:    4
 This function calls:
		_SYSTEM_Initialize
		_bmp280_init
 This function is called by:
		Startup code after reset
 This function uses a non-reentrant model


 *************** function _bmp280_init *****************
 Defined at:
		line 211 in file "bmp280.c"
 Parameters:    Size  Location     Type
  dev             1    wreg     PTR struct bmp280_dev
		 -> bmp(42), 
 Auto vars:     Size  Location     Type
  dev             1   73[BANK0 ] PTR struct bmp280_dev
		 -> bmp(42), 
  rslt            1   72[BANK0 ] char 
  try_count       1   71[BANK0 ] unsigned char 
 Return value:  Size  Location     Type
                  1    wreg      char 
 Registers used:
		wreg, fsr0l, fsr0h, fsr1l, fsr1h, status,2, status,0, pclath, cstack
 Tracked objects:
		On entry : 
		On exit  : 
		Unchanged: 
 Data sizes:     COMMON   BANK0   BANK1   BANK2   BANK3   BANK4   BANK5   BANK6   BANK7   BANK8   BANK9  BANK10  BANK11  BANK12
      Params:         0       0       0       0       0       0       0       0       0       0       0       0       0       0
      Locals:         0       3       0       0       0       0       0       0       0       0       0       0       0       0
      Temps:          0       3       0       0       0       0       0       0       0       0       0       0       0       0
      Totals:         0       6       0       0       0       0       0       0       0       0       0       0       0       0
Total ram usage:        6 bytes
 Hardware stack levels used:    1
 Hardware stack levels required when called:    3
 This function calls:
		_BMP280_delay_msek
		_bmp280_get_regs
		_bmp280_soft_reset
		_get_calib_param
		_null_ptr_check
 This function is called by:
		_main
 This function uses a non-reentrant model


 *************** function _get_calib_param *****************
 Defined at:
		line 619 in file "bmp280.c"
 Parameters:    Size  Location     Type
  dev             1    wreg     PTR struct bmp280_dev
		 -> bmp(42), 
 Auto vars:     Size  Location     Type
  dev             1   67[BANK0 ] PTR struct bmp280_dev
		 -> bmp(42), 
  temp           24   42[BANK0 ] unsigned char [24]
  rslt            1   66[BANK0 ] char 
 Return value:  Size  Location     Type
                  1    wreg      char 
 Registers used:
		wreg, fsr0l, fsr0h, fsr1l, fsr1h, status,2, status,0, pclath, cstack
 Tracked objects:
		On entry : 
		On exit  : 
		Unchanged: 
 Data sizes:     COMMON   BANK0   BANK1   BANK2   BANK3   BANK4   BANK5   BANK6   BANK7   BANK8   BANK9  BANK10  BANK11  BANK12
      Params:         0       0       0       0       0       0       0       0       0       0       0       0       0       0
      Locals:         0      26       0       0       0       0       0       0       0       0       0       0       0       0
      Temps:          0       4       0       0       0       0       0       0       0       0       0       0       0       0
      Totals:         0      30       0       0       0       0       0       0       0       0       0       0       0       0
Total ram usage:       30 bytes
 Hardware stack levels used:    1
 Hardware stack levels required when called:    2
 This function calls:
		_bmp280_get_regs
		_null_ptr_check
 This function is called by:
		_bmp280_init
 This function uses a non-reentrant model


 *************** function _bmp280_get_regs *****************
 Defined at:
		line 114 in file "bmp280.c"
 Parameters:    Size  Location     Type
  reg_addr        1    wreg     unsigned char 
  reg_data        1    6[COMMON] PTR unsigned char 
		 -> conf_sensor@temp(2), get_calib_param@temp(24), bmp280_get_uncomp_data@temp(6), bmp280_get_power_mode@temp(1), 
		 -> bmp280_get_status@temp(1), bmp280_get_config@temp(2), bmp(42), 
  len             1    7[COMMON] unsigned char 
  dev             1    8[COMMON] PTR const struct bmp280_
		 -> bmp(42), 
 Auto vars:     Size  Location     Type
  reg_addr        1   36[BANK0 ] unsigned char 
  rslt            1   37[BANK0 ] char 
 Return value:  Size  Location     Type
                  1    wreg      char 
 Registers used:
		wreg, fsr0l, fsr0h, fsr1l, fsr1h, status,2, status,0, pclath, cstack
 Tracked objects:
		On entry : 
		On exit  : 
		Unchanged: 
 Data sizes:     COMMON   BANK0   BANK1   BANK2   BANK3   BANK4   BANK5   BANK6   BANK7   BANK8   BANK9  BANK10  BANK11  BANK12
      Params:         3       0       0       0       0       0       0       0       0       0       0       0       0       0
      Locals:         0       2       0       0       0       0       0       0       0       0       0       0       0       0
      Temps:          4       0       0       0       0       0       0       0       0       0       0       0       0       0
      Totals:         7       2       0       0       0       0       0       0       0       0       0       0       0       0
Total ram usage:        9 bytes
 Hardware stack levels used:    1
 Hardware stack levels required when called:    1
 This function calls:
		_BMP280_SPI_bus_read
		_null_ptr_check
 This function is called by:
		_bmp280_init
		_get_calib_param
		_bmp280_get_config
		_bmp280_get_status
		_bmp280_get_power_mode
		_bmp280_get_uncomp_data
		_conf_sensor
 This function uses a non-reentrant model


 *************** function _BMP280_SPI_bus_read *****************
 Defined at:
		line 33 in file "main.c"
 Parameters:    Size  Location     Type
  dev_addr        1    0[COMMON] unsigned char 
  reg_addr        1    1[COMMON] unsigned char 
  reg_data        1    2[COMMON] PTR unsigned char 
		 -> conf_sensor@temp(2), get_calib_param@temp(24), bmp280_get_uncomp_data@temp(6), bmp280_get_power_mode@temp(1), 
		 -> bmp280_get_status@temp(1), bmp280_get_config@temp(2), bmp(42), 
  cnt             1    3[COMMON] unsigned char 
 Auto vars:     Size  Location     Type
  array          30    0[BANK0 ] char [30]
  iError          4   30[BANK0 ] long 
  stringpos       1   35[BANK0 ] unsigned char 
  i               1   34[BANK0 ] unsigned char 
 Return value:  Size  Location     Type
                  1    wreg      char 
 Registers used:
		wreg, fsr0l, fsr0h, fsr1l, fsr1h, status,2, status,0
 Tracked objects:
		On entry : 
		On exit  : 
		Unchanged: 
 Data sizes:     COMMON   BANK0   BANK1   BANK2   BANK3   BANK4   BANK5   BANK6   BANK7   BANK8   BANK9  BANK10  BANK11  BANK12
      Params:         4       0       0       0       0       0       0       0       0       0       0       0       0       0
      Locals:         0      36       0       0       0       0       0       0       0       0       0       0       0       0
      Temps:          2       0       0       0       0       0       0       0       0       0       0       0       0       0
      Totals:         6      36       0       0       0       0       0       0       0       0       0       0       0       0
Total ram usage:       42 bytes
 Hardware stack levels used:    1
 This function calls:
		Nothing
 This function is called by:
		_main
		_bmp280_get_regs
 This function uses a non-reentrant model


 *************** function _bmp280_soft_reset *****************
 Defined at:
		line 189 in file "bmp280.c"
 Parameters:    Size  Location     Type
  dev             1    wreg     PTR const struct bmp280_
		 -> bmp(42), 
 Auto vars:     Size  Location     Type
  dev             1   20[BANK0 ] PTR const struct bmp280_
		 -> bmp(42), 
  reg_addr        1   19[BANK0 ] unsigned char 
  rslt            1   18[BANK0 ] char 
  soft_rst_cmd    1   17[BANK0 ] unsigned char 
 Return value:  Size  Location     Type
                  1    wreg      char 
 Registers used:
		wreg, fsr1l, fsr1h, status,2, status,0, pclath, cstack
 Tracked objects:
		On entry : 
		On exit  : 
		Unchanged: 
 Data sizes:     COMMON   BANK0   BANK1   BANK2   BANK3   BANK4   BANK5   BANK6   BANK7   BANK8   BANK9  BANK10  BANK11  BANK12
      Params:         0       0       0       0       0       0       0       0       0       0       0       0       0       0
      Locals:         0       4       0       0       0       0       0       0       0       0       0       0       0       0
      Temps:          3       0       0       0       0       0       0       0       0       0       0       0       0       0
      Totals:         3       4       0       0       0       0       0       0       0       0       0       0       0       0
Total ram usage:        7 bytes
 Hardware stack levels used:    1
 Hardware stack levels required when called:    2
 This function calls:
		_BMP280_delay_msek
		_bmp280_set_regs
		_null_ptr_check
 This function is called by:
		_bmp280_init
		_conf_sensor
 This function uses a non-reentrant model


 *************** function _bmp280_set_regs *****************
 Defined at:
		line 140 in file "bmp280.c"
 Parameters:    Size  Location     Type
  reg_addr        1    wreg     PTR unsigned char 
		 -> conf_sensor@reg_addr(2), bmp280_soft_reset@reg_addr(1), 
  reg_data        1    8[COMMON] PTR const unsigned char 
		 -> conf_sensor@temp(2), bmp280_soft_reset@soft_rst_cmd(1), 
  len             1    9[COMMON] unsigned char 
  dev             1   10[COMMON] PTR const struct bmp280_
		 -> bmp(42), 
 Auto vars:     Size  Location     Type
  reg_addr        1   16[BANK0 ] PTR unsigned char 
		 -> conf_sensor@reg_addr(2), bmp280_soft_reset@reg_addr(1), 
  temp_buff       8    4[BANK0 ] unsigned char [8]
  temp_len        2   12[BANK0 ] unsigned int 
  rslt            1   15[BANK0 ] char 
  reg_addr_cnt    1   14[BANK0 ] unsigned char 
 Return value:  Size  Location     Type
                  1    wreg      char 
 Registers used:
		wreg, fsr1l, fsr1h, status,2, status,0, pclath, cstack
 Tracked objects:
		On entry : 
		On exit  : 
		Unchanged: 
 Data sizes:     COMMON   BANK0   BANK1   BANK2   BANK3   BANK4   BANK5   BANK6   BANK7   BANK8   BANK9  BANK10  BANK11  BANK12
      Params:         3       0       0       0       0       0       0       0       0       0       0       0       0       0
      Locals:         0      13       0       0       0       0       0       0       0       0       0       0       0       0
      Temps:          0       4       0       0       0       0       0       0       0       0       0       0       0       0
      Totals:         3      17       0       0       0       0       0       0       0       0       0       0       0       0
Total ram usage:       20 bytes
 Hardware stack levels used:    1
 Hardware stack levels required when called:    1
 This function calls:
		_BMP280_SPI_bus_write
		_interleave_data
		_null_ptr_check
 This function is called by:
		_bmp280_soft_reset
		_conf_sensor
 This function uses a non-reentrant model


 *************** function _null_ptr_check *****************
 Defined at:
		line 587 in file "bmp280.c"
 Parameters:    Size  Location     Type
  dev             1    wreg     PTR const struct bmp280_
		 -> bmp(42), 
 Auto vars:     Size  Location     Type
  dev             1    3[COMMON] PTR const struct bmp280_
		 -> bmp(42), 
  rslt            1    2[COMMON] char 
 Return value:  Size  Location     Type
                  1    wreg      char 
 Registers used:
		wreg, fsr1l, fsr1h, status,2, status,0
 Tracked objects:
		On entry : 
		On exit  : 
		Unchanged: 
 Data sizes:     COMMON   BANK0   BANK1   BANK2   BANK3   BANK4   BANK5   BANK6   BANK7   BANK8   BANK9  BANK10  BANK11  BANK12
      Params:         0       0       0       0       0       0       0       0       0       0       0       0       0       0
      Locals:         2       0       0       0       0       0       0       0       0       0       0       0       0       0
      Temps:          2       0       0       0       0       0       0       0       0       0       0       0       0       0
      Totals:         4       0       0       0       0       0       0       0       0       0       0       0       0       0
Total ram usage:        4 bytes
 Hardware stack levels used:    1
 This function calls:
		Nothing
 This function is called by:
		_bmp280_get_regs
		_bmp280_set_regs
		_bmp280_soft_reset
		_bmp280_init
		_get_calib_param
		_bmp280_get_config
		_bmp280_get_status
		_bmp280_get_power_mode
		_bmp280_set_power_mode
		_bmp280_get_uncomp_data
		_bmp280_comp_temp_32bit
		_bmp280_comp_pres_32bit
		_bmp280_compute_meas_time
		_conf_sensor
 This function uses a non-reentrant model


 *************** function _interleave_data *****************
 Defined at:
		line 605 in file "bmp280.c"
 Parameters:    Size  Location     Type
  reg_addr        1    wreg     PTR const unsigned char 
		 -> conf_sensor@reg_addr(2), bmp280_soft_reset@reg_addr(1), 
  temp_buff       1    0[COMMON] PTR unsigned char 
		 -> bmp280_set_regs@temp_buff(8), 
  reg_data        1    1[COMMON] PTR const unsigned char 
		 -> conf_sensor@temp(2), bmp280_soft_reset@soft_rst_cmd(1), 
  len             1    2[COMMON] unsigned char 
 Auto vars:     Size  Location     Type
  reg_addr        1    6[COMMON] PTR const unsigned char 
		 -> conf_sensor@reg_addr(2), bmp280_soft_reset@reg_addr(1), 
  index           1    7[COMMON] unsigned char 
 Return value:  Size  Location     Type
                  1    wreg      void 
 Registers used:
		wreg, fsr1l, fsr1h, status,2, status,0
 Tracked objects:
		On entry : 
		On exit  : 
		Unchanged: 
 Data sizes:     COMMON   BANK0   BANK1   BANK2   BANK3   BANK4   BANK5   BANK6   BANK7   BANK8   BANK9  BANK10  BANK11  BANK12
      Params:         3       0       0       0       0       0       0       0       0       0       0       0       0       0
      Locals:         2       0       0       0       0       0       0       0       0       0       0       0       0       0
      Temps:          3       0       0       0       0       0       0       0       0       0       0       0       0       0
      Totals:         8       0       0       0       0       0       0       0       0       0       0       0       0       0
Total ram usage:        8 bytes
 Hardware stack levels used:    1
 This function calls:
		Nothing
 This function is called by:
		_bmp280_set_regs
 This function uses a non-reentrant model


 *************** function _BMP280_SPI_bus_write *****************
 Defined at:
		line 54 in file "main.c"
 Parameters:    Size  Location     Type
  dev_addr        1    0[COMMON] unsigned char 
  reg_addr        1    1[COMMON] unsigned char 
  reg_data        1    2[COMMON] PTR unsigned char 
		 -> bmp280_set_regs@temp_buff(8), 
  cnt             1    3[COMMON] unsigned char 
 Auto vars:     Size  Location     Type
  iError          4    4[COMMON] long 
 Return value:  Size  Location     Type
                  1    wreg      char 
 Registers used:
		wreg
 Tracked objects:
		On entry : 
		On exit  : 
		Unchanged: 
 Data sizes:     COMMON   BANK0   BANK1   BANK2   BANK3   BANK4   BANK5   BANK6   BANK7   BANK8   BANK9  BANK10  BANK11  BANK12
      Params:         4       0       0       0       0       0       0       0       0       0       0       0       0       0
      Locals:         4       0       0       0       0       0       0       0       0       0       0       0       0       0
      Temps:          0       0       0       0       0       0       0       0       0       0       0       0       0       0
      Totals:         8       0       0       0       0       0       0       0       0       0       0       0       0       0
Total ram usage:        8 bytes
 Hardware stack levels used:    1
 This function calls:
		Nothing
 This function is called by:
		_main
		_bmp280_set_regs
 This function uses a non-reentrant model


 *************** function _BMP280_delay_msek *****************
 Defined at:
		line 28 in file "main.c"
 Parameters:    Size  Location     Type
  msek            4    0[COMMON] unsigned long 
 Auto vars:     Size  Location     Type
		None
 Return value:  Size  Location     Type
                  1    wreg      void 
 Registers used:
		None
 Tracked objects:
		On entry : 
		On exit  : 
		Unchanged: 
 Data sizes:     COMMON   BANK0   BANK1   BANK2   BANK3   BANK4   BANK5   BANK6   BANK7   BANK8   BANK9  BANK10  BANK11  BANK12
      Params:         4       0       0       0       0       0       0       0       0       0       0       0       0       0
      Locals:         0       0       0       0       0       0       0       0       0       0       0       0       0       0
      Temps:          0       0       0       0       0       0       0       0       0       0       0       0       0       0
      Totals:         4       0       0       0       0       0       0       0       0       0       0       0       0       0
Total ram usage:        4 bytes
 Hardware stack levels used:    1
 This function calls:
		Nothing
 This function is called by:
		_main
		_bmp280_soft_reset
		_bmp280_init
 This function uses a non-reentrant model


 *************** function _SYSTEM_Initialize *****************
 Defined at:
		line 50 in file "mcc_generated_files/mcc.c"
 Parameters:    Size  Location     Type
		None
 Auto vars:     Size  Location     Type
		None
 Return value:  Size  Location     Type
                  1    wreg      void 
 Registers used:
		wreg, status,2, status,0, pclath, cstack
 Tracked objects:
		On entry : 
		On exit  : 
		Unchanged: 
 Data sizes:     COMMON   BANK0   BANK1   BANK2   BANK3   BANK4   BANK5   BANK6   BANK7   BANK8   BANK9  BANK10  BANK11  BANK12
      Params:         0       0       0       0       0       0       0       0       0       0       0       0       0       0
      Locals:         0       0       0       0       0       0       0       0       0       0       0       0       0       0
      Temps:          0       0       0       0       0       0       0       0       0       0       0       0       0       0
      Totals:         0       0       0       0       0       0       0       0       0       0       0       0       0       0
Total ram usage:        0 bytes
 Hardware stack levels used:    1
 Hardware stack levels required when called:    1
 This function calls:
		_ADC_Initialize
		_EUSART1_Initialize
		_OSCILLATOR_Initialize
		_PIN_MANAGER_Initialize
		_PMD_Initialize
 This function is called by:
		_main
 This function uses a non-reentrant model


 *************** function _PMD_Initialize *****************
 Defined at:
		line 75 in file "mcc_generated_files/mcc.c"
 Parameters:    Size  Location     Type
		None
 Auto vars:     Size  Location     Type
		None
 Return value:  Size  Location     Type
                  1    wreg      void 
 Registers used:
		status,2
 Tracked objects:
		On entry : 
		On exit  : 
		Unchanged: 
 Data sizes:     COMMON   BANK0   BANK1   BANK2   BANK3   BANK4   BANK5   BANK6   BANK7   BANK8   BANK9  BANK10  BANK11  BANK12
      Params:         0       0       0       0       0       0       0       0       0       0       0       0       0       0
      Locals:         0       0       0       0       0       0       0       0       0       0       0       0       0       0
      Temps:          0       0       0       0       0       0       0       0       0       0       0       0       0       0
      Totals:         0       0       0       0       0       0       0       0       0       0       0       0       0       0
Total ram usage:        0 bytes
 Hardware stack levels used:    1
 This function calls:
		Nothing
 This function is called by:
		_SYSTEM_Initialize
 This function uses a non-reentrant model


 *************** function _PIN_MANAGER_Initialize *****************
 Defined at:
		line 57 in file "mcc_generated_files/pin_manager.c"
 Parameters:    Size  Location     Type
		None
 Auto vars:     Size  Location     Type
		None
 Return value:  Size  Location     Type
                  1    wreg      void 
 Registers used:
		wreg, status,2, status,0
 Tracked objects:
		On entry : 
		On exit  : 
		Unchanged: 
 Data sizes:     COMMON   BANK0   BANK1   BANK2   BANK3   BANK4   BANK5   BANK6   BANK7   BANK8   BANK9  BANK10  BANK11  BANK12
      Params:         0       0       0       0       0       0       0       0       0       0       0       0       0       0
      Locals:         0       0       0       0       0       0       0       0       0       0       0       0       0       0
      Temps:          0       0       0       0       0       0       0       0       0       0       0       0       0       0
      Totals:         0       0       0       0       0       0       0       0       0       0       0       0       0       0
Total ram usage:        0 bytes
 Hardware stack levels used:    1
 This function calls:
		Nothing
 This function is called by:
		_SYSTEM_Initialize
 This function uses a non-reentrant model


 *************** function _OSCILLATOR_Initialize *****************
 Defined at:
		line 59 in file "mcc_generated_files/mcc.c"
 Parameters:    Size  Location     Type
		None
 Auto vars:     Size  Location     Type
		None
 Return value:  Size  Location     Type
                  1    wreg      void 
 Registers used:
		wreg, status,2
 Tracked objects:
		On entry : 
		On exit  : 
		Unchanged: 
 Data sizes:     COMMON   BANK0   BANK1   BANK2   BANK3   BANK4   BANK5   BANK6   BANK7   BANK8   BANK9  BANK10  BANK11  BANK12
      Params:         0       0       0       0       0       0       0       0       0       0       0       0       0       0
      Locals:         0       0       0       0       0       0       0       0       0       0       0       0       0       0
      Temps:          0       0       0       0       0       0       0       0       0       0       0       0       0       0
      Totals:         0       0       0       0       0       0       0       0       0       0       0       0       0       0
Total ram usage:        0 bytes
 Hardware stack levels used:    1
 This function calls:
		Nothing
 This function is called by:
		_SYSTEM_Initialize
 This function uses a non-reentrant model


 *************** function _EUSART1_Initialize *****************
 Defined at:
		line 56 in file "mcc_generated_files/eusart1.c"
 Parameters:    Size  Location     Type
		None
 Auto vars:     Size  Location     Type
		None
 Return value:  Size  Location     Type
                  1    wreg      void 
 Registers used:
		wreg, status,2
 Tracked objects:
		On entry : 
		On exit  : 
		Unchanged: 
 Data sizes:     COMMON   BANK0   BANK1   BANK2   BANK3   BANK4   BANK5   BANK6   BANK7   BANK8   BANK9  BANK10  BANK11  BANK12
      Params:         0       0       0       0       0       0       0       0       0       0       0       0       0       0
      Locals:         0       0       0       0       0       0       0       0       0       0       0       0       0       0
      Temps:          0       0       0       0       0       0       0       0       0       0       0       0       0       0
      Totals:         0       0       0       0       0       0       0       0       0       0       0       0       0       0
Total ram usage:        0 bytes
 Hardware stack levels used:    1
 This function calls:
		Nothing
 This function is called by:
		_SYSTEM_Initialize
 This function uses a non-reentrant model


 *************** function _ADC_Initialize *****************
 Defined at:
		line 64 in file "mcc_generated_files/adc.c"
 Parameters:    Size  Location     Type
		None
 Auto vars:     Size  Location     Type
		None
 Return value:  Size  Location     Type
                  1    wreg      void 
 Registers used:
		wreg, status,2
 Tracked objects:
		On entry : 
		On exit  : 
		Unchanged: 
 Data sizes:     COMMON   BANK0   BANK1   BANK2   BANK3   BANK4   BANK5   BANK6   BANK7   BANK8   BANK9  BANK10  BANK11  BANK12
      Params:         0       0       0       0       0       0       0       0       0       0       0       0       0       0
      Locals:         0       0       0       0       0       0       0       0       0       0       0       0       0       0
      Temps:          0       0       0       0       0       0       0       0       0       0       0       0       0       0
      Totals:         0       0       0       0       0       0       0       0       0       0       0       0       0       0
Total ram usage:        0 bytes
 Hardware stack levels used:    1
 This function calls:
		Nothing
 This function is called by:
		_SYSTEM_Initialize
 This function uses a non-reentrant model



MODULE INFORMATION

Module		Function		Class		Link	Load	Size
bmp280.c
		_interleave_data		CODE           	0528	0000	46
		_bmp280_init   		CODE           	0629	0000	141
		_bmp280_soft_reset		CODE           	0555	0000	60
		_null_ptr_check		CODE           	04E0	0000	35
		_bmp280_get_regs		CODE           	0590	0000	71
		_bmp280_set_regs		CODE           	06B5	0000	148
		_get_calib_param		CODE           	0748	0000	149

bmp280.c estimated size: 650

mcc_generated_files/pin_manager.c
		_PIN_MANAGER_Initialize		CODE           	0502	0000	39

mcc_generated_files/pin_manager.c estimated size: 39

mcc_generated_files/adc.c
		_ADC_Initialize		CODE           	0469	0000	9

mcc_generated_files/adc.c estimated size: 9

shared
		bmp280_compute_meas_time@startup		STRCODE        	0810	0000	5
		_uart          		STRCODE        	0000	0000	0
		__initialization		CODE           	07DC	0000	34
		bmp280_compute_meas_time@period_per_osrs		STRCODE        	080C	0000	5
		_spi1_configuration		STRCODE        	0814	0000	4

shared estimated size: 48

mcc_generated_files/eusart1.c
		_EUSART1_Initialize		CODE           	048D	0000	12

mcc_generated_files/eusart1.c estimated size: 12

mcc_generated_files/mcc.c
		_PMD_Initialize		CODE           	0471	0000	9
		_OSCILLATOR_Initialize		CODE           	0479	0000	11
		_SYSTEM_Initialize		CODE           	0498	0000	16

mcc_generated_files/mcc.c estimated size: 36

main.c
		_BMP280_SPI_bus_write		CODE           	0483	0000	11
		_main          		CODE           	04A7	0000	28
		_BMP280_SPI_bus_read		CODE           	05D6	0000	84
		_BMP280_delay_msek		CODE           	045A	0000	2

main.c estimated size: 125

